Sep  2 15:30:34 syslogd started: BusyBox v1.35.0
Sep  2 15:30:34 kernel: klogd started: BusyBox v1.35.0 (Debian 1:1.35.0-4+b3)
Sep  2 15:30:34 kernel: [    0.000000] Linux version 6.1.0-10-amd64 (debian-kernel@lists.debian.org) (gcc-12 (Debian 12.2.0-14) 12.2.0, GNU ld (GNU Binutils for Debian) 2.40) #1 SMP PREEMPT_DYNAMIC Debian 6.1.38-1 (2023-07-14)
Sep  2 15:30:34 kernel: [    0.000000] Command line: BOOT_IMAGE=/install.amd/vmlinuz vga=788 initrd=/install.amd/gtk/initrd.gz --- quiet 
Sep  2 15:30:34 kernel: [    0.000000] x86/fpu: x87 FPU will use FXSAVE
Sep  2 15:30:34 kernel: [    0.000000] signal: max sigframe size: 1440
Sep  2 15:30:34 kernel: [    0.000000] BIOS-provided physical RAM map:
Sep  2 15:30:34 kernel: [    0.000000] BIOS-e820: [mem 0x0000000000000000-0x000000000009fbff] usable
Sep  2 15:30:34 kernel: [    0.000000] BIOS-e820: [mem 0x000000000009fc00-0x000000000009ffff] reserved
Sep  2 15:30:34 kernel: [    0.000000] BIOS-e820: [mem 0x00000000000f0000-0x00000000000fffff] reserved
Sep  2 15:30:34 kernel: [    0.000000] BIOS-e820: [mem 0x0000000000100000-0x000000007ffeffff] usable
Sep  2 15:30:34 kernel: [    0.000000] BIOS-e820: [mem 0x000000007fff0000-0x000000007fffffff] ACPI data
Sep  2 15:30:34 kernel: [    0.000000] BIOS-e820: [mem 0x00000000fec00000-0x00000000fec00fff] reserved
Sep  2 15:30:34 kernel: [    0.000000] BIOS-e820: [mem 0x00000000fee00000-0x00000000fee00fff] reserved
Sep  2 15:30:34 kernel: [    0.000000] BIOS-e820: [mem 0x00000000fffc0000-0x00000000ffffffff] reserved
Sep  2 15:30:34 kernel: [    0.000000] NX (Execute Disable) protection: active
Sep  2 15:30:34 kernel: [    0.000000] SMBIOS 2.5 present.
Sep  2 15:30:34 kernel: [    0.000000] DMI: innotek GmbH VirtualBox/VirtualBox, BIOS VirtualBox 12/01/2006
Sep  2 15:30:34 kernel: [    0.000000] Hypervisor detected: KVM
Sep  2 15:30:34 kernel: [    0.000000] kvm-clock: Using msrs 4b564d01 and 4b564d00
Sep  2 15:30:34 kernel: [    0.000002] kvm-clock: using sched offset of 11094680112 cycles
Sep  2 15:30:34 kernel: [    0.000004] clocksource: kvm-clock: mask: 0xffffffffffffffff max_cycles: 0x1cd42e4dffb, max_idle_ns: 881590591483 ns
Sep  2 15:30:34 kernel: [    0.000006] tsc: Detected 2591.996 MHz processor
Sep  2 15:30:34 kernel: [    0.001660] e820: update [mem 0x00000000-0x00000fff] usable ==> reserved
Sep  2 15:30:34 kernel: [    0.001665] e820: remove [mem 0x000a0000-0x000fffff] usable
Sep  2 15:30:34 kernel: [    0.001670] last_pfn = 0x7fff0 max_arch_pfn = 0x400000000
Sep  2 15:30:34 kernel: [    0.001753] Disabled
Sep  2 15:30:34 kernel: [    0.001755] x86/PAT: MTRRs disabled, skipping PAT initialization too.
Sep  2 15:30:34 kernel: [    0.001760] CPU MTRRs all blank - virtualized system.
Sep  2 15:30:34 kernel: [    0.001761] x86/PAT: Configuration [0-7]: WB  WT  UC- UC  WB  WT  UC- UC  
Sep  2 15:30:34 kernel: [    0.001823] found SMP MP-table at [mem 0x0009fff0-0x0009ffff]
Sep  2 15:30:34 kernel: [    0.001914] RAMDISK: [mem 0x7c7ae000-0x7ffeffff]
Sep  2 15:30:34 kernel: [    0.001918] ACPI: Early table checksum verification disabled
Sep  2 15:30:34 kernel: [    0.001921] ACPI: RSDP 0x00000000000E0000 000024 (v02 VBOX  )
Sep  2 15:30:34 kernel: [    0.001924] ACPI: XSDT 0x000000007FFF0030 00003C (v01 VBOX   VBOXXSDT 00000001 ASL  00000061)
Sep  2 15:30:34 kernel: [    0.001929] ACPI: FACP 0x000000007FFF00F0 0000F4 (v04 VBOX   VBOXFACP 00000001 ASL  00000061)
Sep  2 15:30:34 kernel: [    0.001934] ACPI: DSDT 0x000000007FFF0610 002353 (v02 VBOX   VBOXBIOS 00000002 INTL 20100528)
Sep  2 15:30:34 kernel: [    0.001936] ACPI: FACS 0x000000007FFF0200 000040
Sep  2 15:30:34 kernel: [    0.001939] ACPI: FACS 0x000000007FFF0200 000040
Sep  2 15:30:34 kernel: [    0.001941] ACPI: APIC 0x000000007FFF0240 000054 (v02 VBOX   VBOXAPIC 00000001 ASL  00000061)
Sep  2 15:30:34 kernel: [    0.001944] ACPI: SSDT 0x000000007FFF02A0 00036C (v01 VBOX   VBOXCPUT 00000002 INTL 20100528)
Sep  2 15:30:34 kernel: [    0.001945] ACPI: Reserving FACP table memory at [mem 0x7fff00f0-0x7fff01e3]
Sep  2 15:30:34 kernel: [    0.001946] ACPI: Reserving DSDT table memory at [mem 0x7fff0610-0x7fff2962]
Sep  2 15:30:34 kernel: [    0.001947] ACPI: Reserving FACS table memory at [mem 0x7fff0200-0x7fff023f]
Sep  2 15:30:34 kernel: [    0.001948] ACPI: Reserving FACS table memory at [mem 0x7fff0200-0x7fff023f]
Sep  2 15:30:34 kernel: [    0.001948] ACPI: Reserving APIC table memory at [mem 0x7fff0240-0x7fff0293]
Sep  2 15:30:34 kernel: [    0.001949] ACPI: Reserving SSDT table memory at [mem 0x7fff02a0-0x7fff060b]
Sep  2 15:30:34 kernel: [    0.002880] No NUMA configuration found
Sep  2 15:30:34 kernel: [    0.002883] Faking a node at [mem 0x0000000000000000-0x000000007ffeffff]
Sep  2 15:30:34 kernel: [    0.002888] NODE_DATA(0) allocated [mem 0x7c783000-0x7c7adfff]
Sep  2 15:30:34 kernel: [    0.003617] Zone ranges:
Sep  2 15:30:34 kernel: [    0.003618]   DMA      [mem 0x0000000000001000-0x0000000000ffffff]
Sep  2 15:30:34 kernel: [    0.003620]   DMA32    [mem 0x0000000001000000-0x000000007ffeffff]
Sep  2 15:30:34 kernel: [    0.003621]   Normal   empty
Sep  2 15:30:34 kernel: [    0.003622]   Device   empty
Sep  2 15:30:34 kernel: [    0.003622] Movable zone start for each node
Sep  2 15:30:34 kernel: [    0.003624] Early memory node ranges
Sep  2 15:30:34 kernel: [    0.003624]   node   0: [mem 0x0000000000001000-0x000000000009efff]
Sep  2 15:30:34 kernel: [    0.003625]   node   0: [mem 0x0000000000100000-0x000000007ffeffff]
Sep  2 15:30:34 kernel: [    0.003626] Initmem setup node 0 [mem 0x0000000000001000-0x000000007ffeffff]
Sep  2 15:30:34 kernel: [    0.003665] On node 0, zone DMA: 1 pages in unavailable ranges
Sep  2 15:30:34 kernel: [    0.004297] On node 0, zone DMA: 97 pages in unavailable ranges
Sep  2 15:30:34 kernel: [    0.014093] On node 0, zone DMA32: 16 pages in unavailable ranges
Sep  2 15:30:34 kernel: [    0.015958] ACPI: PM-Timer IO Port: 0x4008
Sep  2 15:30:34 kernel: [    0.016269] IOAPIC[0]: apic_id 1, version 32, address 0xfec00000, GSI 0-23
Sep  2 15:30:34 kernel: [    0.016273] ACPI: INT_SRC_OVR (bus 0 bus_irq 0 global_irq 2 dfl dfl)
Sep  2 15:30:34 kernel: [    0.016275] ACPI: INT_SRC_OVR (bus 0 bus_irq 9 global_irq 9 low level)
Sep  2 15:30:34 kernel: [    0.016278] ACPI: Using ACPI (MADT) for SMP configuration information
Sep  2 15:30:34 kernel: [    0.016303] smpboot: Allowing 1 CPUs, 0 hotplug CPUs
Sep  2 15:30:34 kernel: [    0.016417] PM: hibernation: Registered nosave memory: [mem 0x00000000-0x00000fff]
Sep  2 15:30:34 kernel: [    0.016419] PM: hibernation: Registered nosave memory: [mem 0x0009f000-0x0009ffff]
Sep  2 15:30:34 kernel: [    0.016420] PM: hibernation: Registered nosave memory: [mem 0x000a0000-0x000effff]
Sep  2 15:30:34 kernel: [    0.016420] PM: hibernation: Registered nosave memory: [mem 0x000f0000-0x000fffff]
Sep  2 15:30:34 kernel: [    0.016421] [mem 0x80000000-0xfebfffff] available for PCI devices
Sep  2 15:30:34 kernel: [    0.016422] Booting paravirtualized kernel on KVM
Sep  2 15:30:34 kernel: [    0.016424] clocksource: refined-jiffies: mask: 0xffffffff max_cycles: 0xffffffff, max_idle_ns: 7645519600211568 ns
Sep  2 15:30:34 kernel: [    0.019340] setup_percpu: NR_CPUS:8192 nr_cpumask_bits:1 nr_cpu_ids:1 nr_node_ids:1
Sep  2 15:30:34 kernel: [    0.024493] percpu: Embedded 61 pages/cpu s212992 r8192 d28672 u2097152
Sep  2 15:30:34 kernel: [    0.024498] pcpu-alloc: s212992 r8192 d28672 u2097152 alloc=1*2097152
Sep  2 15:30:34 kernel: [    0.024500] pcpu-alloc: [0] 0 
Sep  2 15:30:34 kernel: [    0.024607] kvm-guest: PV spinlocks disabled, single CPU
Sep  2 15:30:34 kernel: [    0.024614] Fallback order for Node 0: 0 
Sep  2 15:30:34 kernel: [    0.024616] Built 1 zonelists, mobility grouping on.  Total pages: 515824
Sep  2 15:30:34 kernel: [    0.024617] Policy zone: DMA32
Sep  2 15:30:34 kernel: [    0.024618] Kernel command line: BOOT_IMAGE=/install.amd/vmlinuz vga=788 initrd=/install.amd/gtk/initrd.gz --- quiet 
Sep  2 15:30:34 kernel: [    0.024658] Unknown kernel command line parameters "--- BOOT_IMAGE=/install.amd/vmlinuz vga=788", will be passed to user space.
Sep  2 15:30:34 kernel: [    0.024674] random: crng init done
Sep  2 15:30:34 kernel: [    0.030275] Dentry cache hash table entries: 262144 (order: 9, 2097152 bytes, linear)
Sep  2 15:30:34 kernel: [    0.032868] Inode-cache hash table entries: 131072 (order: 8, 1048576 bytes, linear)
Sep  2 15:30:34 kernel: [    0.032919] mem auto-init: stack:all(zero), heap alloc:on, heap free:off
Sep  2 15:30:34 kernel: [    0.040460] Memory: 260860K/2096696K available (14342K kernel code, 2324K rwdata, 8740K rodata, 2768K init, 17436K bss, 147880K reserved, 0K cma-reserved)
Sep  2 15:30:34 kernel: [    0.040523] SLUB: HWalign=64, Order=0-3, MinObjects=0, CPUs=1, Nodes=1
Sep  2 15:30:34 kernel: [    0.040531] ftrace: allocating 40005 entries in 157 pages
Sep  2 15:30:34 kernel: [    0.045695] ftrace: allocated 157 pages with 5 groups
Sep  2 15:30:34 kernel: [    0.046177] Dynamic Preempt: voluntary
Sep  2 15:30:34 kernel: [    0.046192] rcu: Preemptible hierarchical RCU implementation.
Sep  2 15:30:34 kernel: [    0.046193] rcu: 	RCU restricting CPUs from NR_CPUS=8192 to nr_cpu_ids=1.
Sep  2 15:30:34 kernel: [    0.046194] 	Trampoline variant of Tasks RCU enabled.
Sep  2 15:30:34 kernel: [    0.046194] 	Rude variant of Tasks RCU enabled.
Sep  2 15:30:34 kernel: [    0.046194] 	Tracing variant of Tasks RCU enabled.
Sep  2 15:30:34 kernel: [    0.046195] rcu: RCU calculated value of scheduler-enlistment delay is 25 jiffies.
Sep  2 15:30:34 kernel: [    0.046195] rcu: Adjusting geometry for rcu_fanout_leaf=16, nr_cpu_ids=1
Sep  2 15:30:34 kernel: [    0.049101] NR_IRQS: 524544, nr_irqs: 256, preallocated irqs: 16
Sep  2 15:30:34 kernel: [    0.049363] rcu: srcu_init: Setting srcu_struct sizes based on contention.
Sep  2 15:30:34 kernel: [    0.049441] Console: colour dummy device 80x25
Sep  2 15:30:34 kernel: [    0.049449] printk: console [tty0] enabled
Sep  2 15:30:34 kernel: [    0.049458] ACPI: Core revision 20220331
Sep  2 15:30:34 kernel: [    0.050266] APIC: Switch to symmetric I/O mode setup
Sep  2 15:30:34 kernel: [    0.059815] ..TIMER: vector=0x30 apic1=0 pin1=2 apic2=-1 pin2=-1
Sep  2 15:30:34 kernel: [    0.060147] clocksource: tsc-early: mask: 0xffffffffffffffff max_cycles: 0x255cb30caa3, max_idle_ns: 440795217292 ns
Sep  2 15:30:34 kernel: [    0.060154] Calibrating delay loop (skipped) preset value.. 5183.99 BogoMIPS (lpj=10367984)
Sep  2 15:30:34 kernel: [    0.060156] pid_max: default: 32768 minimum: 301
Sep  2 15:30:34 kernel: [    0.060180] LSM: Security Framework initializing
Sep  2 15:30:34 kernel: [    0.060188] landlock: Up and running.
Sep  2 15:30:34 kernel: [    0.060189] Yama: disabled by default; enable with sysctl kernel.yama.*
Sep  2 15:30:34 kernel: [    0.060206] AppArmor: AppArmor initialized
Sep  2 15:30:34 kernel: [    0.060207] TOMOYO Linux initialized
Sep  2 15:30:34 kernel: [    0.060211] LSM support for eBPF active
Sep  2 15:30:34 kernel: [    0.060225] Mount-cache hash table entries: 4096 (order: 3, 32768 bytes, linear)
Sep  2 15:30:34 kernel: [    0.060229] Mountpoint-cache hash table entries: 4096 (order: 3, 32768 bytes, linear)
Sep  2 15:30:34 kernel: [    0.061808] Last level iTLB entries: 4KB 0, 2MB 0, 4MB 0
Sep  2 15:30:34 kernel: [    0.061810] Last level dTLB entries: 4KB 0, 2MB 0, 4MB 0, 1GB 0
Sep  2 15:30:34 kernel: [    0.061813] Spectre V1 : Mitigation: usercopy/swapgs barriers and __user pointer sanitization
Sep  2 15:30:34 kernel: [    0.061815] Spectre V2 : Mitigation: Enhanced IBRS
Sep  2 15:30:34 kernel: [    0.061815] Spectre V2 : Spectre v2 / SpectreRSB mitigation: Filling RSB on context switch
Sep  2 15:30:34 kernel: [    0.061816] Spectre V2 : Spectre v2 / PBRSB-eIBRS: Retire a single CALL on VMEXIT
Sep  2 15:30:34 kernel: [    0.061816] RETBleed: Mitigation: Enhanced IBRS
Sep  2 15:30:34 kernel: [    0.061817] Speculative Store Bypass: Vulnerable
Sep  2 15:30:34 kernel: [    0.061820] MMIO Stale Data: Vulnerable: Clear CPU buffers attempted, no microcode
Sep  2 15:30:34 kernel: [    0.072151] Freeing SMP alternatives memory: 36K
Sep  2 15:30:34 kernel: [    0.180459] smpboot: CPU0: 11th Gen Intel(R) Core(TM) i5-11400F @ 2.60GHz (family: 0x6, model: 0xa7, stepping: 0x1)
Sep  2 15:30:34 kernel: [    0.180556] cblist_init_generic: Setting adjustable number of callback queues.
Sep  2 15:30:34 kernel: [    0.180557] cblist_init_generic: Setting shift to 0 and lim to 1.
Sep  2 15:30:34 kernel: [    0.180565] cblist_init_generic: Setting shift to 0 and lim to 1.
Sep  2 15:30:34 kernel: [    0.180572] cblist_init_generic: Setting shift to 0 and lim to 1.
Sep  2 15:30:34 kernel: [    0.180579] Performance Events: unsupported p6 CPU model 167 no PMU driver, software events only.
Sep  2 15:30:34 kernel: [    0.180601] rcu: Hierarchical SRCU implementation.
Sep  2 15:30:34 kernel: [    0.180602] rcu: 	Max phase no-delay instances is 1000.
Sep  2 15:30:34 kernel: [    0.180842] NMI watchdog: Perf NMI watchdog permanently disabled
Sep  2 15:30:34 kernel: [    0.180865] smp: Bringing up secondary CPUs ...
Sep  2 15:30:34 kernel: [    0.180866] smp: Brought up 1 node, 1 CPU
Sep  2 15:30:34 kernel: [    0.180867] smpboot: Max logical packages: 1
Sep  2 15:30:34 kernel: [    0.180868] smpboot: Total of 1 processors activated (5183.99 BogoMIPS)
Sep  2 15:30:34 kernel: [    0.208151] node 0 deferred pages initialised in 24ms
Sep  2 15:30:34 kernel: [    0.208151] devtmpfs: initialized
Sep  2 15:30:34 kernel: [    0.208151] x86/mm: Memory block size: 128MB
Sep  2 15:30:34 kernel: [    0.208151] clocksource: jiffies: mask: 0xffffffff max_cycles: 0xffffffff, max_idle_ns: 7645041785100000 ns
Sep  2 15:30:34 kernel: [    0.208151] futex hash table entries: 256 (order: 2, 16384 bytes, linear)
Sep  2 15:30:34 kernel: [    0.208151] pinctrl core: initialized pinctrl subsystem
Sep  2 15:30:34 kernel: [    0.208151] NET: Registered PF_NETLINK/PF_ROUTE protocol family
Sep  2 15:30:34 kernel: [    0.208151] DMA: preallocated 256 KiB GFP_KERNEL pool for atomic allocations
Sep  2 15:30:34 kernel: [    0.208151] DMA: preallocated 256 KiB GFP_KERNEL|GFP_DMA pool for atomic allocations
Sep  2 15:30:34 kernel: [    0.208151] DMA: preallocated 256 KiB GFP_KERNEL|GFP_DMA32 pool for atomic allocations
Sep  2 15:30:34 kernel: [    0.208151] audit: initializing netlink subsys (disabled)
Sep  2 15:30:34 kernel: [    0.208151] thermal_sys: Registered thermal governor 'fair_share'
Sep  2 15:30:34 kernel: [    0.208151] thermal_sys: Registered thermal governor 'bang_bang'
Sep  2 15:30:34 kernel: [    0.208151] thermal_sys: Registered thermal governor 'step_wise'
Sep  2 15:30:34 kernel: [    0.208151] thermal_sys: Registered thermal governor 'user_space'
Sep  2 15:30:34 kernel: [    0.208151] thermal_sys: Registered thermal governor 'power_allocator'
Sep  2 15:30:34 kernel: [    0.208151] cpuidle: using governor ladder
Sep  2 15:30:34 kernel: [    0.208151] cpuidle: using governor menu
Sep  2 15:30:34 kernel: [    0.208193] acpiphp: ACPI Hot Plug PCI Controller Driver version: 0.5
Sep  2 15:30:34 kernel: [    0.208430] PCI: Using configuration type 1 for base access
Sep  2 15:30:34 kernel: [    0.209025] kprobes: kprobe jump-optimization is enabled. All kprobes are optimized if possible.
Sep  2 15:30:34 kernel: [    0.209038] audit: type=2000 audit(1693668645.354:1): state=initialized audit_enabled=0 res=1
Sep  2 15:30:34 kernel: [    0.216151] HugeTLB: registered 2.00 MiB page size, pre-allocated 0 pages
Sep  2 15:30:34 kernel: [    0.216151] HugeTLB: 28 KiB vmemmap can be freed for a 2.00 MiB page
Sep  2 15:30:34 kernel: [    0.216151] ACPI: Added _OSI(Module Device)
Sep  2 15:30:34 kernel: [    0.216151] ACPI: Added _OSI(Processor Device)
Sep  2 15:30:34 kernel: [    0.216151] ACPI: Added _OSI(3.0 _SCP Extensions)
Sep  2 15:30:34 kernel: [    0.216151] ACPI: Added _OSI(Processor Aggregator Device)
Sep  2 15:30:34 kernel: [    0.216646] ACPI: 2 ACPI AML tables successfully acquired and loaded
Sep  2 15:30:34 kernel: [    0.218297] ACPI: Interpreter enabled
Sep  2 15:30:34 kernel: [    0.218303] ACPI: PM: (supports S0 S5)
Sep  2 15:30:34 kernel: [    0.218304] ACPI: Using IOAPIC for interrupt routing
Sep  2 15:30:34 kernel: [    0.218534] PCI: Using host bridge windows from ACPI; if necessary, use "pci=nocrs" and report a bug
Sep  2 15:30:34 kernel: [    0.218535] PCI: Using E820 reservations for host bridge windows
Sep  2 15:30:34 kernel: [    0.218612] ACPI: Enabled 2 GPEs in block 00 to 07
Sep  2 15:30:34 kernel: [    0.226288] ACPI: PCI Root Bridge [PCI0] (domain 0000 [bus 00-ff])
Sep  2 15:30:34 kernel: [    0.226293] acpi PNP0A03:00: _OSC: OS supports [ASPM ClockPM Segments MSI HPX-Type3]
Sep  2 15:30:34 kernel: [    0.226295] acpi PNP0A03:00: _OSC: not requesting OS control; OS requires [ExtendedConfig ASPM ClockPM MSI]
Sep  2 15:30:34 kernel: [    0.228180] acpi PNP0A03:00: fail to add MMCONFIG information, can't access extended PCI configuration space under this bridge.
Sep  2 15:30:34 kernel: [    0.228692] PCI host bridge to bus 0000:00
Sep  2 15:30:34 kernel: [    0.228693] pci_bus 0000:00: root bus resource [io  0x0000-0x0cf7 window]
Sep  2 15:30:34 kernel: [    0.228695] pci_bus 0000:00: root bus resource [io  0x0d00-0xffff window]
Sep  2 15:30:34 kernel: [    0.228696] pci_bus 0000:00: root bus resource [mem 0x000a0000-0x000bffff window]
Sep  2 15:30:34 kernel: [    0.228697] pci_bus 0000:00: root bus resource [mem 0x80000000-0xfdffffff window]
Sep  2 15:30:34 kernel: [    0.228698] pci_bus 0000:00: root bus resource [bus 00-ff]
Sep  2 15:30:34 kernel: [    0.228970] pci 0000:00:00.0: [8086:1237] type 00 class 0x060000
Sep  2 15:30:34 kernel: [    0.230023] pci 0000:00:01.0: [8086:7000] type 00 class 0x060100
Sep  2 15:30:34 kernel: [    0.232860] pci 0000:00:01.1: [8086:7111] type 00 class 0x01018a
Sep  2 15:30:34 kernel: [    0.233755] pci 0000:00:01.1: reg 0x20: [io  0xd000-0xd00f]
Sep  2 15:30:34 kernel: [    0.234097] pci 0000:00:01.1: legacy IDE quirk: reg 0x10: [io  0x01f0-0x01f7]
Sep  2 15:30:34 kernel: [    0.234099] pci 0000:00:01.1: legacy IDE quirk: reg 0x14: [io  0x03f6]
Sep  2 15:30:34 kernel: [    0.234100] pci 0000:00:01.1: legacy IDE quirk: reg 0x18: [io  0x0170-0x0177]
Sep  2 15:30:34 kernel: [    0.234100] pci 0000:00:01.1: legacy IDE quirk: reg 0x1c: [io  0x0376]
Sep  2 15:30:34 kernel: [    0.234518] pci 0000:00:02.0: [15ad:0405] type 00 class 0x030000
Sep  2 15:30:34 kernel: [    0.236525] pci 0000:00:02.0: reg 0x10: [io  0xd010-0xd01f]
Sep  2 15:30:34 kernel: [    0.237156] pci 0000:00:02.0: reg 0x14: [mem 0xe0000000-0xe0ffffff pref]
Sep  2 15:30:34 kernel: [    0.237779] pci 0000:00:02.0: reg 0x18: [mem 0xf0000000-0xf01fffff]
Sep  2 15:30:34 kernel: [    0.241812] pci 0000:00:02.0: Video device with shadowed ROM at [mem 0x000c0000-0x000dffff]
Sep  2 15:30:34 kernel: [    0.242250] pci 0000:00:03.0: [8086:100e] type 00 class 0x020000
Sep  2 15:30:34 kernel: [    0.242571] pci 0000:00:03.0: reg 0x10: [mem 0xf0200000-0xf021ffff]
Sep  2 15:30:34 kernel: [    0.244329] pci 0000:00:03.0: reg 0x18: [io  0xd020-0xd027]
Sep  2 15:30:34 kernel: [    0.246015] pci 0000:00:04.0: [80ee:cafe] type 00 class 0x088000
Sep  2 15:30:34 kernel: [    0.246629] pci 0000:00:04.0: reg 0x10: [io  0xd040-0xd05f]
Sep  2 15:30:34 kernel: [    0.248433] pci 0000:00:04.0: reg 0x14: [mem 0xf0400000-0xf07fffff]
Sep  2 15:30:34 kernel: [    0.248831] pci 0000:00:04.0: reg 0x18: [mem 0xf0800000-0xf0803fff pref]
Sep  2 15:30:34 kernel: [    0.250649] pci 0000:00:05.0: [8086:2415] type 00 class 0x040100
Sep  2 15:30:34 kernel: [    0.252334] pci 0000:00:05.0: reg 0x10: [io  0xd100-0xd1ff]
Sep  2 15:30:34 kernel: [    0.252476] pci 0000:00:05.0: reg 0x14: [io  0xd200-0xd23f]
Sep  2 15:30:34 kernel: [    0.253590] pci 0000:00:06.0: [106b:003f] type 00 class 0x0c0310
Sep  2 15:30:34 kernel: [    0.253914] pci 0000:00:06.0: reg 0x10: [mem 0xf0804000-0xf0804fff]
Sep  2 15:30:34 kernel: [    0.256820] pci 0000:00:07.0: [8086:7113] type 00 class 0x068000
Sep  2 15:30:34 kernel: [    0.258020] pci 0000:00:07.0: quirk: [io  0x4000-0x403f] claimed by PIIX4 ACPI
Sep  2 15:30:34 kernel: [    0.258043] pci 0000:00:07.0: quirk: [io  0x4100-0x410f] claimed by PIIX4 SMB
Sep  2 15:30:34 kernel: [    0.258674] pci 0000:00:0b.0: [8086:265c] type 00 class 0x0c0320
Sep  2 15:30:34 kernel: [    0.260386] pci 0000:00:0b.0: reg 0x10: [mem 0xf0805000-0xf0805fff]
Sep  2 15:30:34 kernel: [    0.262027] pci 0000:00:0d.0: [8086:2829] type 00 class 0x010601
Sep  2 15:30:34 kernel: [    0.262333] pci 0000:00:0d.0: reg 0x10: [io  0xd240-0xd247]
Sep  2 15:30:34 kernel: [    0.262504] pci 0000:00:0d.0: reg 0x14: [io  0xd248-0xd24b]
Sep  2 15:30:34 kernel: [    0.262673] pci 0000:00:0d.0: reg 0x18: [io  0xd250-0xd257]
Sep  2 15:30:34 kernel: [    0.264222] pci 0000:00:0d.0: reg 0x1c: [io  0xd258-0xd25b]
Sep  2 15:30:34 kernel: [    0.264395] pci 0000:00:0d.0: reg 0x20: [io  0xd260-0xd26f]
Sep  2 15:30:34 kernel: [    0.264564] pci 0000:00:0d.0: reg 0x24: [mem 0xf0806000-0xf0807fff]
Sep  2 15:30:34 kernel: [    0.268908] ACPI: PCI: Interrupt link LNKA configured for IRQ 11
Sep  2 15:30:34 kernel: [    0.269311] ACPI: PCI: Interrupt link LNKB configured for IRQ 10
Sep  2 15:30:34 kernel: [    0.269432] ACPI: PCI: Interrupt link LNKC configured for IRQ 9
Sep  2 15:30:34 kernel: [    0.269551] ACPI: PCI: Interrupt link LNKD configured for IRQ 11
Sep  2 15:30:34 kernel: [    0.269710] iommu: Default domain type: Translated 
Sep  2 15:30:34 kernel: [    0.269711] iommu: DMA domain TLB invalidation policy: lazy mode 
Sep  2 15:30:34 kernel: [    0.269754] EDAC MC: Ver: 3.0.0
Sep  2 15:30:34 kernel: [    0.270398] NetLabel: Initializing
Sep  2 15:30:34 kernel: [    0.270399] NetLabel:  domain hash size = 128
Sep  2 15:30:34 kernel: [    0.270400] NetLabel:  protocols = UNLABELED CIPSOv4 CALIPSO
Sep  2 15:30:34 kernel: [    0.270412] NetLabel:  unlabeled traffic allowed by default
Sep  2 15:30:34 kernel: [    0.270413] PCI: Using ACPI for IRQ routing
Sep  2 15:30:34 kernel: [    0.270414] PCI: pci_cache_line_size set to 64 bytes
Sep  2 15:30:34 kernel: [    0.272296] e820: reserve RAM buffer [mem 0x0009fc00-0x0009ffff]
Sep  2 15:30:34 kernel: [    0.272298] e820: reserve RAM buffer [mem 0x7fff0000-0x7fffffff]
Sep  2 15:30:34 kernel: [    0.272346] pci 0000:00:02.0: vgaarb: setting as boot VGA device
Sep  2 15:30:34 kernel: [    0.272347] pci 0000:00:02.0: vgaarb: bridge control possible
Sep  2 15:30:34 kernel: [    0.272348] pci 0000:00:02.0: vgaarb: VGA device added: decodes=io+mem,owns=io+mem,locks=none
Sep  2 15:30:34 kernel: [    0.272350] vgaarb: loaded
Sep  2 15:30:34 kernel: [    0.272401] clocksource: Switched to clocksource kvm-clock
Sep  2 15:30:34 kernel: [    0.276151] VFS: Disk quotas dquot_6.6.0
Sep  2 15:30:34 kernel: [    0.276151] VFS: Dquot-cache hash table entries: 512 (order 0, 4096 bytes)
Sep  2 15:30:34 kernel: [    0.276151] AppArmor: AppArmor Filesystem Enabled
Sep  2 15:30:34 kernel: [    0.276151] pnp: PnP ACPI init
Sep  2 15:30:34 kernel: [    0.280094] pnp: PnP ACPI: found 2 devices
Sep  2 15:30:34 kernel: [    0.285720] clocksource: acpi_pm: mask: 0xffffff max_cycles: 0xffffff, max_idle_ns: 2085701024 ns
Sep  2 15:30:34 kernel: [    0.285789] NET: Registered PF_INET protocol family
Sep  2 15:30:34 kernel: [    0.285830] IP idents hash table entries: 32768 (order: 6, 262144 bytes, linear)
Sep  2 15:30:34 kernel: [    0.286521] tcp_listen_portaddr_hash hash table entries: 1024 (order: 2, 16384 bytes, linear)
Sep  2 15:30:34 kernel: [    0.286539] Table-perturb hash table entries: 65536 (order: 6, 262144 bytes, linear)
Sep  2 15:30:34 kernel: [    0.286549] TCP established hash table entries: 16384 (order: 5, 131072 bytes, linear)
Sep  2 15:30:34 kernel: [    0.286584] TCP bind hash table entries: 16384 (order: 7, 524288 bytes, linear)
Sep  2 15:30:34 kernel: [    0.286605] TCP: Hash tables configured (established 16384 bind 16384)
Sep  2 15:30:34 kernel: [    0.286636] MPTCP token hash table entries: 2048 (order: 3, 49152 bytes, linear)
Sep  2 15:30:34 kernel: [    0.286644] UDP hash table entries: 1024 (order: 3, 32768 bytes, linear)
Sep  2 15:30:34 kernel: [    0.286648] UDP-Lite hash table entries: 1024 (order: 3, 32768 bytes, linear)
Sep  2 15:30:34 kernel: [    0.286667] NET: Registered PF_UNIX/PF_LOCAL protocol family
Sep  2 15:30:34 kernel: [    0.286672] NET: Registered PF_XDP protocol family
Sep  2 15:30:34 kernel: [    0.286680] pci_bus 0000:00: resource 4 [io  0x0000-0x0cf7 window]
Sep  2 15:30:34 kernel: [    0.286682] pci_bus 0000:00: resource 5 [io  0x0d00-0xffff window]
Sep  2 15:30:34 kernel: [    0.286683] pci_bus 0000:00: resource 6 [mem 0x000a0000-0x000bffff window]
Sep  2 15:30:34 kernel: [    0.286684] pci_bus 0000:00: resource 7 [mem 0x80000000-0xfdffffff window]
Sep  2 15:30:34 kernel: [    0.286733] pci 0000:00:00.0: Limiting direct PCI/PCI transfers
Sep  2 15:30:34 kernel: [    0.289565] PCI: CLS 0 bytes, default 64
Sep  2 15:30:34 kernel: [    0.289599] Trying to unpack rootfs image as initramfs...
Sep  2 15:30:34 kernel: [    0.299933] clocksource: tsc: mask: 0xffffffffffffffff max_cycles: 0x255cb30caa3, max_idle_ns: 440795217292 ns
Sep  2 15:30:34 kernel: [    0.299943] clocksource: Switched to clocksource tsc
Sep  2 15:30:34 kernel: [    0.299968] platform rtc_cmos: registered platform RTC device (no PNP device found)
Sep  2 15:30:34 kernel: [    0.300132] Initialise system trusted keyrings
Sep  2 15:30:34 kernel: [    0.300139] Key type blacklist registered
Sep  2 15:30:34 kernel: [    0.300165] workingset: timestamp_bits=36 max_order=19 bucket_order=0
Sep  2 15:30:34 kernel: [    0.300791] zbud: loaded
Sep  2 15:30:34 kernel: [    0.300895] integrity: Platform Keyring initialized
Sep  2 15:30:34 kernel: [    0.300897] integrity: Machine keyring initialized
Sep  2 15:30:34 kernel: [    0.300898] Key type asymmetric registered
Sep  2 15:30:34 kernel: [    0.300899] Asymmetric key parser 'x509' registered
Sep  2 15:30:34 kernel: [    1.322801] Freeing initrd memory: 57608K
Sep  2 15:30:34 kernel: [    1.330115] alg: self-tests for CTR-KDF (hmac(sha256)) passed
Sep  2 15:30:34 kernel: [    1.330133] Block layer SCSI generic (bsg) driver version 0.4 loaded (major 250)
Sep  2 15:30:34 kernel: [    1.330148] io scheduler mq-deadline registered
Sep  2 15:30:34 kernel: [    1.330602] shpchp: Standard Hot Plug PCI Controller Driver version: 0.4
Sep  2 15:30:34 kernel: [    1.330741] Serial: 8250/16550 driver, 4 ports, IRQ sharing enabled
Sep  2 15:30:34 kernel: [    1.331279] Linux agpgart interface v0.103
Sep  2 15:30:34 kernel: [    1.331340] AMD-Vi: AMD IOMMUv2 functionality not available on this system - This is not a bug.
Sep  2 15:30:34 kernel: [    1.331486] i8042: PNP: PS/2 Controller [PNP0303:PS2K,PNP0f03:PS2M] at 0x60,0x64 irq 1,12
Sep  2 15:30:34 kernel: [    1.333549] serio: i8042 KBD port at 0x60,0x64 irq 1
Sep  2 15:30:34 kernel: [    1.333555] serio: i8042 AUX port at 0x60,0x64 irq 12
Sep  2 15:30:34 kernel: [    1.333623] mousedev: PS/2 mouse device common for all mice
Sep  2 15:30:34 kernel: [    1.334790] input: AT Translated Set 2 keyboard as /devices/platform/i8042/serio0/input/input0
Sep  2 15:30:34 kernel: [    1.336898] rtc_cmos rtc_cmos: registered as rtc0
Sep  2 15:30:34 kernel: [    1.337176] rtc_cmos rtc_cmos: setting system clock to 2023-09-02T15:30:33 UTC (1693668633)
Sep  2 15:30:34 kernel: [    1.337277] rtc_cmos rtc_cmos: alarms up to one day, 114 bytes nvram
Sep  2 15:30:34 kernel: [    1.337286] intel_pstate: CPU model not supported
Sep  2 15:30:34 kernel: [    1.337320] ledtrig-cpu: registered to indicate activity on CPUs
Sep  2 15:30:34 kernel: [    1.337362] vesafb: mode is 800x600x16, linelength=1600, pages=16
Sep  2 15:30:34 kernel: [    1.337363] vesafb: scrolling: redraw
Sep  2 15:30:34 kernel: [    1.337363] vesafb: Truecolor: size=0:5:6:5, shift=0:11:5:0
Sep  2 15:30:34 kernel: [    1.337369] vesafb: framebuffer at 0xe0000000, mapped to 0x000000006394210b, using 1875k, total 16384k
Sep  2 15:30:34 kernel: [    1.337416] Console: switching to colour frame buffer device 100x37
Sep  2 15:30:34 kernel: [    1.351335] fb0: VESA VGA frame buffer device
Sep  2 15:30:34 kernel: [    1.362533] NET: Registered PF_INET6 protocol family
Sep  2 15:30:34 kernel: [    1.366467] Segment Routing with IPv6
Sep  2 15:30:34 kernel: [    1.366477] In-situ OAM (IOAM) with IPv6
Sep  2 15:30:34 kernel: [    1.366494] mip6: Mobile IPv6
Sep  2 15:30:34 kernel: [    1.366498] NET: Registered PF_PACKET protocol family
Sep  2 15:30:34 kernel: [    1.366514] mpls_gso: MPLS GSO support
Sep  2 15:30:34 kernel: [    1.366846] IPI shorthand broadcast: enabled
Sep  2 15:30:34 kernel: [    1.366862] sched_clock: Marking stable (1360004061, 6730830)->(1406740347, -40005456)
Sep  2 15:30:34 kernel: [    1.366922] registered taskstats version 1
Sep  2 15:30:34 kernel: [    1.366927] Loading compiled-in X.509 certificates
Sep  2 15:30:34 kernel: [    1.376264] Loaded X.509 cert 'Debian Secure Boot CA: 6ccece7e4c6c0d1f6149f3dd27dfcc5cbb419ea1'
Sep  2 15:30:34 kernel: [    1.376280] Loaded X.509 cert 'Debian Secure Boot Signer 2022 - linux: 14011249c2675ea8e5148542202005810584b25f'
Sep  2 15:30:34 kernel: [    1.376402] zswap: loaded using pool lzo/zbud
Sep  2 15:30:34 kernel: [    1.376467] Key type .fscrypt registered
Sep  2 15:30:34 kernel: [    1.376468] Key type fscrypt-provisioning registered
Sep  2 15:30:34 kernel: [    1.380758] Key type encrypted registered
Sep  2 15:30:34 kernel: [    1.380762] AppArmor: AppArmor sha1 policy hashing enabled
Sep  2 15:30:34 kernel: [    1.380769] ima: No TPM chip found, activating TPM-bypass!
Sep  2 15:30:34 kernel: [    1.380772] ima: Allocated hash algorithm: sha256
Sep  2 15:30:34 kernel: [    1.380779] ima: No architecture policies found
Sep  2 15:30:34 kernel: [    1.380785] evm: Initialising EVM extended attributes:
Sep  2 15:30:34 kernel: [    1.380786] evm: security.selinux
Sep  2 15:30:34 kernel: [    1.380787] evm: security.SMACK64 (disabled)
Sep  2 15:30:34 kernel: [    1.380787] evm: security.SMACK64EXEC (disabled)
Sep  2 15:30:34 kernel: [    1.380788] evm: security.SMACK64TRANSMUTE (disabled)
Sep  2 15:30:34 kernel: [    1.380788] evm: security.SMACK64MMAP (disabled)
Sep  2 15:30:34 kernel: [    1.380789] evm: security.apparmor
Sep  2 15:30:34 kernel: [    1.380789] evm: security.ima
Sep  2 15:30:34 kernel: [    1.380789] evm: security.capability
Sep  2 15:30:34 kernel: [    1.380790] evm: HMAC attrs: 0x1
Sep  2 15:30:34 kernel: [    1.434192] Freeing unused decrypted memory: 2036K
Sep  2 15:30:34 kernel: [    1.434440] Freeing unused kernel image (initmem) memory: 2768K
Sep  2 15:30:34 kernel: [    1.434443] Write protecting the kernel read-only data: 26624k
Sep  2 15:30:34 kernel: [    1.434677] Freeing unused kernel image (text/rodata gap) memory: 2040K
Sep  2 15:30:34 kernel: [    1.434805] Freeing unused kernel image (rodata/data gap) memory: 1500K
Sep  2 15:30:34 kernel: [    1.440517] x86/mm: Checked W+X mappings: passed, no W+X pages found.
Sep  2 15:30:34 kernel: [    1.440526] Run /init as init process
Sep  2 15:30:34 kernel: [    1.440528]   with arguments:
Sep  2 15:30:34 kernel: [    1.440529]     /init
Sep  2 15:30:34 kernel: [    1.440529]     ---
Sep  2 15:30:34 kernel: [    1.440530]   with environment:
Sep  2 15:30:34 kernel: [    1.440530]     HOME=/
Sep  2 15:30:34 kernel: [    1.440531]     TERM=linux
Sep  2 15:30:34 kernel: [    1.440531]     BOOT_IMAGE=/install.amd/vmlinuz
Sep  2 15:30:34 kernel: [    1.440532]     vga=788
Sep  2 15:30:34 kernel: [    1.537633] ACPI: video: Video Device [GFX0] (multi-head: yes  rom: no  post: no)
Sep  2 15:30:34 kernel: [    1.537674] input: Video Bus as /devices/LNXSYSTM:00/LNXSYBUS:00/PNP0A03:00/LNXVIDEO:00/input/input2
Sep  2 15:30:34 kernel: [    1.563379] SCSI subsystem initialized
Sep  2 15:30:34 kernel: [    1.596530] ACPI: bus type USB registered
Sep  2 15:30:34 kernel: [    1.598948] usbcore: registered new interface driver usbfs
Sep  2 15:30:34 kernel: [    1.598992] usbcore: registered new interface driver hub
Sep  2 15:30:34 kernel: [    1.598999] usbcore: registered new device driver usb
Sep  2 15:30:34 kernel: [    1.604225] ehci-pci 0000:00:0b.0: EHCI Host Controller
Sep  2 15:30:34 kernel: [    1.604231] ehci-pci 0000:00:0b.0: new USB bus registered, assigned bus number 1
Sep  2 15:30:34 kernel: [    1.605157] ehci-pci 0000:00:0b.0: irq 19, io mem 0xf0805000
Sep  2 15:30:34 kernel: [    1.607539] libata version 3.00 loaded.
Sep  2 15:30:34 kernel: [    1.608563] ata_piix 0000:00:01.1: version 2.13
Sep  2 15:30:34 kernel: [    1.611883] ahci 0000:00:0d.0: version 3.0
Sep  2 15:30:34 kernel: [    1.612745] ahci 0000:00:0d.0: SSS flag set, parallel bus scan disabled
Sep  2 15:30:34 kernel: [    1.613259] ahci 0000:00:0d.0: AHCI 0001.0100 32 slots 1 ports 3 Gbps 0x1 impl SATA mode
Sep  2 15:30:34 kernel: [    1.613261] ahci 0000:00:0d.0: flags: 64bit ncq stag only ccc 
Sep  2 15:30:34 kernel: [    1.614023] scsi host0: ata_piix
Sep  2 15:30:34 kernel: [    1.614176] scsi host1: ahci
Sep  2 15:30:34 kernel: [    1.614232] ata3: SATA max UDMA/133 abar m8192@0xf0806000 port 0xf0806100 irq 21
Sep  2 15:30:34 kernel: [    1.614929] scsi host2: ata_piix
Sep  2 15:30:34 kernel: [    1.614953] ata1: PATA max UDMA/33 cmd 0x1f0 ctl 0x3f6 bmdma 0xd000 irq 14
Sep  2 15:30:34 kernel: [    1.614954] ata2: PATA max UDMA/33 cmd 0x170 ctl 0x376 bmdma 0xd008 irq 15
Sep  2 15:30:34 kernel: [    1.618897] ehci-pci 0000:00:0b.0: USB 2.0 started, EHCI 1.00
Sep  2 15:30:34 kernel: [    1.618967] usb usb1: New USB device found, idVendor=1d6b, idProduct=0002, bcdDevice= 6.01
Sep  2 15:30:34 kernel: [    1.618969] usb usb1: New USB device strings: Mfr=3, Product=2, SerialNumber=1
Sep  2 15:30:34 kernel: [    1.618970] usb usb1: Product: EHCI Host Controller
Sep  2 15:30:34 kernel: [    1.618971] usb usb1: Manufacturer: Linux 6.1.0-10-amd64 ehci_hcd
Sep  2 15:30:34 kernel: [    1.618972] usb usb1: SerialNumber: 0000:00:0b.0
Sep  2 15:30:34 kernel: [    1.619096] hub 1-0:1.0: USB hub found
Sep  2 15:30:34 kernel: [    1.619113] hub 1-0:1.0: 12 ports detected
Sep  2 15:30:34 kernel: [    1.808453] input: ImExPS/2 Generic Explorer Mouse as /devices/platform/i8042/serio1/input/input3
Sep  2 15:30:34 kernel: [    1.809341] ata2.00: ATAPI: VBOX CD-ROM, 1.0, max UDMA/133
Sep  2 15:30:34 kernel: [    1.882373] snd_intel8x0 0000:00:05.0: allow list rate for 1028:0177 is 48000
Sep  2 15:30:34 kernel: [    1.929180] ata3: SATA link up 3.0 Gbps (SStatus 123 SControl 300)
Sep  2 15:30:34 kernel: [    1.929570] ata3.00: ATA-6: VBOX HARDDISK, 1.0, max UDMA/133
Sep  2 15:30:34 kernel: [    1.929572] ata3.00: 314572800 sectors, multi 128: LBA48 NCQ (depth 32)
Sep  2 15:30:34 kernel: [    1.930244] ata3.00: configured for UDMA/133
Sep  2 15:30:34 kernel: [    1.930294] scsi 1:0:0:0: Direct-Access     ATA      VBOX HARDDISK    1.0  PQ: 0 ANSI: 5
Sep  2 15:30:34 kernel: [    1.931177] scsi 2:0:0:0: CD-ROM            VBOX     CD-ROM           1.0  PQ: 0 ANSI: 5
Sep  2 15:30:34 kernel: [    1.933697] ohci-pci 0000:00:06.0: OHCI PCI host controller
Sep  2 15:30:34 kernel: [    1.933702] ohci-pci 0000:00:06.0: new USB bus registered, assigned bus number 2
Sep  2 15:30:34 kernel: [    1.934013] ohci-pci 0000:00:06.0: irq 22, io mem 0xf0804000
Sep  2 15:30:34 kernel: [    1.940645] sr 2:0:0:0: [sr0] scsi3-mmc drive: 32x/32x xa/form2 tray
Sep  2 15:30:34 kernel: [    1.940649] cdrom: Uniform CD-ROM driver Revision: 3.20
Sep  2 15:30:34 kernel: [    1.946334] sr 2:0:0:0: Attached scsi CD-ROM sr0
Sep  2 15:30:34 kernel: [    1.980156] sd 1:0:0:0: [sda] 314572800 512-byte logical blocks: (161 GB/150 GiB)
Sep  2 15:30:34 kernel: [    1.980160] sd 1:0:0:0: [sda] Write Protect is off
Sep  2 15:30:34 kernel: [    1.980162] sd 1:0:0:0: [sda] Mode Sense: 00 3a 00 00
Sep  2 15:30:34 kernel: [    1.980164] sd 1:0:0:0: [sda] Write cache: enabled, read cache: enabled, doesn't support DPO or FUA
Sep  2 15:30:34 kernel: [    1.980169] sd 1:0:0:0: [sda] Preferred minimum I/O size 512 bytes
Sep  2 15:30:34 kernel: [    1.981804] sd 1:0:0:0: [sda] Attached SCSI disk
Sep  2 15:30:34 kernel: [    1.992542] usb usb2: New USB device found, idVendor=1d6b, idProduct=0001, bcdDevice= 6.01
Sep  2 15:30:34 kernel: [    1.992546] usb usb2: New USB device strings: Mfr=3, Product=2, SerialNumber=1
Sep  2 15:30:34 kernel: [    1.992547] usb usb2: Product: OHCI PCI host controller
Sep  2 15:30:34 kernel: [    1.992548] usb usb2: Manufacturer: Linux 6.1.0-10-amd64 ohci_hcd
Sep  2 15:30:34 kernel: [    1.992549] usb usb2: SerialNumber: 0000:00:06.0
Sep  2 15:30:34 kernel: [    1.993632] hub 2-0:1.0: USB hub found
Sep  2 15:30:34 kernel: [    1.993953] hub 2-0:1.0: 12 ports detected
Sep  2 15:30:34 kernel: [    2.371430] usb 2-1: new full-speed USB device number 2 using ohci-pci
Sep  2 15:30:34 entropy-source: haveged not needed: rdrand CPU flag detected
Sep  2 15:30:34 reopen-console: Looking at console tty1 from /proc/consoles
Sep  2 15:30:34 reopen-console:    Adding tty0 to possible consoles list
Sep  2 15:30:34 reopen-console: Found no preferred console. Picking tty1
Sep  2 15:30:34 reopen-console: Adding inittab entry for tty1
Sep  2 15:30:34 reopen-console: Restarting init to start d-i on the console(s) we found
Sep  2 15:30:34 init: reloading /etc/inittab
Sep  2 15:30:34 init: starting pid 367, tty '/dev/tty4': '/usr/bin/tail -f /var/log/syslog'
Sep  2 15:30:34 init: starting pid 368, tty '/dev/tty1': '/sbin/debian-installer'
Sep  2 15:30:34 kernel: [    2.706679] usb 2-1: New USB device found, idVendor=80ee, idProduct=0021, bcdDevice= 1.00
Sep  2 15:30:34 kernel: [    2.706684] usb 2-1: New USB device strings: Mfr=1, Product=3, SerialNumber=0
Sep  2 15:30:34 kernel: [    2.706685] usb 2-1: Product: USB Tablet
Sep  2 15:30:34 kernel: [    2.706686] usb 2-1: Manufacturer: VirtualBox
Sep  2 15:30:34 kernel: [    2.714724] hid: raw HID events driver (C) Jiri Kosina
Sep  2 15:30:34 kernel: [    2.725713] usbcore: registered new interface driver usbhid
Sep  2 15:30:34 kernel: [    2.725716] usbhid: USB HID core driver
Sep  2 15:30:34 kernel: [    2.726536] input: VirtualBox USB Tablet as /devices/pci0000:00/0000:00:06.0/usb2/2-1/2-1:1.0/0003:80EE:0021.0001/input/input4
Sep  2 15:30:34 kernel: [    2.726613] hid-generic 0003:80EE:0021.0001: input,hidraw0: USB HID v1.10 Mouse [VirtualBox USB Tablet] on usb-0000:00:06.0-1/input0
Sep  2 15:30:35 init: process '/sbin/debian-installer' (pid 368) exited. Scheduling for restart.
Sep  2 15:30:36 init: starting pid 389, tty '/dev/tty1': '/sbin/debian-installer'
Sep  2 15:30:36 debconf: Setting debconf/language to en
Sep  2 15:30:36 main-menu[421]: INFO: Falling back to the package description for brltty-udeb
Sep  2 15:30:36 main-menu[421]: INFO: Menu item 'localechooser' selected
Sep  2 15:30:37 debconf: Setting debconf/language to en
Sep  2 15:30:37 gtk-set-font: Switching to font 'DejaVu Sans' for 'en'
Sep  2 15:30:43 localechooser: info: Language = 'fr'
Sep  2 15:30:43 localechooser: info: line=fr;1;FR;fr_FR.UTF-8;;console-setup
Sep  2 15:30:43 localechooser: info: Set debian-installer/language = 'fr'
Sep  2 15:30:43 localechooser: info: Default country = 'FR'
Sep  2 15:30:43 localechooser: info: Default locale = 'fr_FR.UTF-8'
Sep  2 15:30:43 localechooser: info: Set debian-installer/consoledisplay = 'console-setup'
Sep  2 15:30:43 debconf: Setting debconf/language to fr
Sep  2 15:30:43 gtk-set-font: Switching to font 'DejaVu Sans' for 'fr'
Sep  2 15:30:49 localechooser: info: Set debian-installer/country = 'FR'
Sep  2 15:30:49 localechooser: info: Set debian-installer/locale = 'fr_FR.UTF-8'
Sep  2 15:30:49 localechooser: info: System locale (debian-installer/locale) = 'fr_FR.UTF-8'
Sep  2 15:30:49 main-menu[421]: INFO: Falling back to the package description for brltty-udeb
Sep  2 15:30:49 main-menu[421]: INFO: Falling back to the package description for brltty-udeb
Sep  2 15:30:49 main-menu[421]: INFO: Falling back to the package description for brltty-udeb
Sep  2 15:30:49 main-menu[421]: INFO: Menu item 'brltty-udeb' selected
Sep  2 15:30:49 main-menu[421]: WARNING **: Unable to set title for brltty-udeb.
Sep  2 15:30:49 main-menu[421]: INFO: Falling back to the package description for brltty-udeb
Sep  2 15:30:49 main-menu[421]: INFO: Falling back to the package description for brltty-udeb
Sep  2 15:30:49 main-menu[421]: INFO: Menu item 'espeakup-udeb' selected
Sep  2 15:30:49 main-menu[421]: INFO: Falling back to the package description for brltty-udeb
Sep  2 15:30:49 main-menu[421]: INFO: Falling back to the package description for brltty-udeb
Sep  2 15:30:49 main-menu[421]: INFO: Menu item 'console-setup-udeb' selected
Sep  2 15:30:49 debconf: cdebconf_gtk (process:409): Gtk - WARNING: IA__gtk_text_layout_get_line_display: we asked Pango to wrap text for width 191px but it now wants 198px. Clamping result to 191px!
Sep  2 15:30:49 debconf: cdebconf_gtk (process:409): Gtk - WARNING: IA__gtk_text_layout_get_line_display: we asked Pango to wrap text for width 191px but it now wants 198px. Clamping result to 191px!
Sep  2 15:30:50 main-menu[421]: INFO: Falling back to the package description for brltty-udeb
Sep  2 15:30:50 main-menu[421]: INFO: Falling back to the package description for brltty-udeb
Sep  2 15:30:50 main-menu[421]: INFO: Menu item 'cdrom-detect' selected
Sep  2 15:30:50 net/hw-detect.hotplug: Detected hotpluggable network interface lo
Sep  2 15:30:50 hw-detect: Detected module 'usb-storage' for 'USB storage'
Sep  2 15:30:50 hw-detect: insmod /lib/modules/6.1.0-10-amd64/kernel/drivers/usb/storage/usb-storage.ko 
Sep  2 15:30:50 kernel: [   18.346530] usbcore: registered new interface driver usb-storage
Sep  2 15:30:50 apt-install: Queueing package udev for later installation
Sep  2 15:30:50 apt-install: Queueing package pciutils for later installation
Sep  2 15:30:50 apt-install: Queueing package usbutils for later installation
Sep  2 15:30:50 apt-install: Queueing package eject for later installation
Sep  2 15:30:50 hw-detect: skipping check-missing-firmware as requested by the caller
Sep  2 15:30:50 cdrom-detect: Searching for Debian installation media...
Sep  2 15:30:50 cdrom-detect: Devices: '/dev/sr0'
Sep  2 15:30:50 cdrom-detect: CD-ROM mount succeeded: device=/dev/sr0 fstype=iso9660
Sep  2 15:30:50 kernel: [   18.632368] ISO 9660 Extensions: Microsoft Joliet Level 3
Sep  2 15:30:50 kernel: [   18.633270] ISO 9660 Extensions: RRIP_1991A
Sep  2 15:30:50 cdrom-detect: Detected CD 'Debian GNU/Linux 12.1.0 "Bookworm" - Official amd64 NETINST with firmware 20230722-10:48'
Sep  2 15:30:51 cdrom-detect: Detected CD with 'stable' (bookworm) distribution
Sep  2 15:30:51 anna-install: Queueing udeb eject-udeb for later installation
Sep  2 15:30:51 anna-install: Queueing udeb apt-mirror-setup for later installation
Sep  2 15:30:51 anna-install: Queueing udeb apt-cdrom-setup for later installation
Sep  2 15:30:51 anna-install: Queueing udeb bookworm-support for later installation
Sep  2 15:30:51 main-menu[421]: INFO: Falling back to the package description for brltty-udeb
Sep  2 15:30:51 main-menu[421]: INFO: Falling back to the package description for brltty-udeb
Sep  2 15:30:51 main-menu[421]: INFO: Menu item 'load-cdrom' selected
Sep  2 15:30:51 cdrom-retriever: warning: File /cdrom/dists/bookworm/main/debian-installer/binary-amd64/Packages does not exist.
Sep  2 15:30:51 anna[2098]: DEBUG: resolver (fat-modules): package doesn't exist (ignored)
Sep  2 15:30:51 anna[2098]: DEBUG: resolver (scsi-modules): package doesn't exist (ignored)
Sep  2 15:30:51 anna[2098]: DEBUG: resolver (fat-modules): package doesn't exist (ignored)
Sep  2 15:30:51 anna[2098]: DEBUG: resolver (scsi-modules): package doesn't exist (ignored)
Sep  2 15:30:51 anna[2098]: DEBUG: retrieving apt-cdrom-setup 1:0.182
Sep  2 15:30:51 anna[2098]: DEBUG: retrieving apt-mirror-setup 1:0.182
Sep  2 15:30:51 anna[2098]: DEBUG: retrieving apt-setup-udeb 1:0.182
Sep  2 15:30:51 anna[2098]: DEBUG: retrieving base-installer 1.213
Sep  2 15:30:51 anna[2098]: DEBUG: retrieving bootstrap-base 1.213
Sep  2 15:30:51 anna[2098]: DEBUG: retrieving btrfs-progs-udeb 6.2-1
Sep  2 15:30:51 anna[2098]: DEBUG: retrieving choose-mirror-bin 2.123
Sep  2 15:30:51 anna[2098]: DEBUG: retrieving clock-setup 0.161
Sep  2 15:30:52 anna[2098]: DEBUG: retrieving debian-archive-keyring-udeb 2023.3
Sep  2 15:30:52 anna[2098]: DEBUG: retrieving di-utils-mapdevfs 1.146
Sep  2 15:30:52 anna[2098]: DEBUG: retrieving debootstrap-udeb 1.0.128+nmu2
Sep  2 15:30:52 anna[2098]: DEBUG: retrieving depthcharge-tools-installer 2
Sep  2 15:30:52 anna[2098]: DEBUG: retrieving dmidecode-udeb 3.4-1
Sep  2 15:30:52 anna[2098]: DEBUG: retrieving dosfstools-udeb 4.2-1
Sep  2 15:30:52 anna[2098]: DEBUG: retrieving e2fsprogs-udeb 1.47.0-2
Sep  2 15:30:52 anna[2098]: DEBUG: retrieving finish-install 2.117
Sep  2 15:30:52 anna[2098]: DEBUG: retrieving libfuse2-udeb 2.9.9-6+b1
Sep  2 15:30:52 anna[2098]: DEBUG: retrieving fuse3-udeb 3.14.0-4
Sep  2 15:30:52 anna[2098]: DEBUG: retrieving libfuse3-3-udeb 3.14.0-4
Sep  2 15:30:52 anna[2098]: DEBUG: retrieving gpgv-udeb 2.2.40-1.1
Sep  2 15:30:52 anna[2098]: DEBUG: retrieving grub-installer 1.194
Sep  2 15:30:52 anna[2098]: DEBUG: retrieving grub-mount-udeb 2.06-13
Sep  2 15:30:52 anna[2098]: DEBUG: retrieving disk-detect 1.159
Sep  2 15:30:52 anna[2098]: DEBUG: retrieving ethdetect 1.159
Sep  2 15:30:53 anna[2098]: DEBUG: retrieving jfsutils-udeb 1.1.15-5
Sep  2 15:30:53 anna[2098]: DEBUG: retrieving kickseed-common 0.63
Sep  2 15:30:53 anna[2098]: DEBUG: retrieving libgcrypt20-udeb 1.10.1-3
Sep  2 15:30:53 anna[2098]: DEBUG: retrieving libgpg-error0-udeb 1.46-1
Sep  2 15:30:53 anna[2098]: DEBUG: retrieving libinih1-udeb 55-1
Sep  2 15:30:53 anna[2098]: DEBUG: retrieving libnl-3-200-udeb 3.7.0-0.2+b1
Sep  2 15:30:53 anna[2098]: DEBUG: retrieving libnl-genl-3-200-udeb 3.7.0-0.2+b1
Sep  2 15:30:53 anna[2098]: DEBUG: retrieving liburcu8-udeb 0.13.2-1
Sep  2 15:30:53 anna[2098]: DEBUG: retrieving libzstd1-udeb 1.5.4+dfsg2-5
Sep  2 15:30:53 anna[2098]: DEBUG: retrieving libdevmapper1.02.1-udeb 2:1.02.185-2
Sep  2 15:30:53 anna[2098]: DEBUG: retrieving liblzo2-2-udeb 2.10-2
Sep  2 15:30:53 anna[2098]: DEBUG: retrieving mdadm-udeb 4.2-5
Sep  2 15:30:53 anna[2098]: DEBUG: retrieving ndisc6-udeb 1.0.5-1+b2
Sep  2 15:30:53 anna[2098]: DEBUG: retrieving rdnssd-udeb 1.0.5-1+b2
Sep  2 15:30:53 anna[2098]: DEBUG: retrieving netcfg 1.187
Sep  2 15:30:53 anna[2098]: DEBUG: retrieving nobootloader 1.67
Sep  2 15:30:53 anna[2098]: DEBUG: retrieving ntfs-3g-udeb 1:2022.10.3-1+b1
Sep  2 15:30:54 anna[2098]: DEBUG: retrieving open-iscsi-udeb 2.1.8-1
Sep  2 15:30:54 anna[2098]: DEBUG: retrieving libisns-udeb 0.101-0.2+b1
Sep  2 15:30:54 anna[2098]: DEBUG: retrieving os-prober-udeb 1.81
Sep  2 15:30:54 anna[2098]: DEBUG: retrieving libparted-fs-resize0-udeb 3.5-3
Sep  2 15:30:54 anna[2098]: DEBUG: retrieving libparted2-udeb 3.5-3
Sep  2 15:30:54 anna[2098]: DEBUG: retrieving partman-auto 162
Sep  2 15:30:54 anna[2098]: DEBUG: retrieving partman-auto-raid 51
Sep  2 15:30:54 anna[2098]: DEBUG: retrieving partman-base 226
Sep  2 15:30:54 anna[2098]: DEBUG: retrieving partman-utils 226
Sep  2 15:30:54 anna[2098]: DEBUG: retrieving partman-basicfilesystems 164
Sep  2 15:30:54 anna[2098]: DEBUG: retrieving partman-basicmethods 74
Sep  2 15:30:54 anna[2098]: DEBUG: retrieving partman-btrfs 59
Sep  2 15:30:55 anna[2098]: DEBUG: retrieving partman-cros 3
Sep  2 15:30:55 anna[2098]: DEBUG: retrieving partman-efi 101
Sep  2 15:30:55 anna[2098]: DEBUG: retrieving partman-ext3 112
Sep  2 15:30:55 anna[2098]: DEBUG: retrieving partman-iscsi 76
Sep  2 15:30:55 anna[2098]: DEBUG: retrieving partman-jfs 62
Sep  2 15:30:55 anna[2098]: DEBUG: retrieving partman-md 106
Sep  2 15:30:55 anna[2098]: DEBUG: retrieving partman-partitioning 147
Sep  2 15:30:56 anna[2098]: DEBUG: retrieving partman-target 127
Sep  2 15:30:56 anna[2098]: DEBUG: retrieving partman-xfs 68
Sep  2 15:30:56 anna[2098]: DEBUG: retrieving pkgsel 0.79
Sep  2 15:30:56 anna[2098]: DEBUG: retrieving network-preseed 1.117
Sep  2 15:30:56 anna[2098]: DEBUG: retrieving rdate-udeb 1:1.11-3
Sep  2 15:30:56 anna[2098]: DEBUG: retrieving tzsetup-udeb 1:0.122
Sep  2 15:30:56 anna[2098]: DEBUG: retrieving user-setup-udeb 1.95
Sep  2 15:30:56 anna[2098]: DEBUG: retrieving eject-udeb 2.38.1-5+b1
Sep  2 15:30:57 anna[2098]: DEBUG: retrieving libmount1-udeb 2.38.1-5+b1
Sep  2 15:30:57 anna[2098]: DEBUG: retrieving wide-dhcpv6-client-udeb 20080615-23
Sep  2 15:30:57 anna[2098]: DEBUG: retrieving libiw30-udeb 30~pre9-14
Sep  2 15:30:57 anna[2098]: DEBUG: retrieving wpasupplicant-udeb 2:2.10-12
Sep  2 15:30:57 anna[2098]: DEBUG: retrieving xfsprogs-udeb 6.1.0-1
Sep  2 15:30:57 anna[2098]: DEBUG: retrieving btrfs-modules-6.1.0-10-amd64-di 6.1.38-1
Sep  2 15:30:57 anna[2098]: DEBUG: retrieving crypto-modules-6.1.0-10-amd64-di 6.1.38-1
Sep  2 15:30:57 anna[2098]: DEBUG: retrieving efi-modules-6.1.0-10-amd64-di 6.1.38-1
Sep  2 15:30:57 anna[2098]: DEBUG: retrieving ext4-modules-6.1.0-10-amd64-di 6.1.38-1
Sep  2 15:30:57 anna[2098]: DEBUG: retrieving jfs-modules-6.1.0-10-amd64-di 6.1.38-1
Sep  2 15:30:57 anna[2098]: DEBUG: retrieving loop-modules-6.1.0-10-amd64-di 6.1.38-1
Sep  2 15:30:57 anna[2098]: DEBUG: retrieving md-modules-6.1.0-10-amd64-di 6.1.38-1
Sep  2 15:30:57 anna[2098]: DEBUG: retrieving mtd-core-modules-6.1.0-10-amd64-di 6.1.38-1
Sep  2 15:30:57 anna[2098]: DEBUG: retrieving nic-modules-6.1.0-10-amd64-di 6.1.38-1
Sep  2 15:30:58 anna[2098]: DEBUG: retrieving nic-pcmcia-modules-6.1.0-10-amd64-di 6.1.38-1
Sep  2 15:30:58 anna[2098]: DEBUG: retrieving nic-shared-modules-6.1.0-10-amd64-di 6.1.38-1
Sep  2 15:30:58 anna[2098]: DEBUG: retrieving nic-usb-modules-6.1.0-10-amd64-di 6.1.38-1
Sep  2 15:30:58 anna[2098]: DEBUG: retrieving nic-wireless-modules-6.1.0-10-amd64-di 6.1.38-1
Sep  2 15:30:59 anna[2098]: DEBUG: retrieving xfs-modules-6.1.0-10-amd64-di 6.1.38-1
Sep  2 15:31:00 main-menu[421]: INFO: Falling back to the package description for brltty-udeb
Sep  2 15:31:00 depthcharge-tools-installer: Not installing to non-ChromeOS board.
Sep  2 15:31:00 main-menu[421]: INFO: Falling back to the package description for brltty-udeb
Sep  2 15:31:00 main-menu[421]: INFO: Menu item 'ethdetect' selected
Sep  2 15:31:00 kernel: [   28.466124] e1000: Intel(R) PRO/1000 Network Driver
Sep  2 15:31:00 kernel: [   28.466127] e1000: Copyright (c) 1999-2006 Intel Corporation.
Sep  2 15:31:00 net/hw-detect.hotplug: Detected hotpluggable network interface lo
Sep  2 15:31:01 kernel: [   29.064865] e1000 0000:00:03.0 eth0: (PCI:33MHz:32-bit) 08:00:27:17:7c:37
Sep  2 15:31:01 kernel: [   29.064873] e1000 0000:00:03.0 eth0: Intel(R) PRO/1000 Network Connection
Sep  2 15:31:01 kernel: [   29.065674] e1000 0000:00:03.0 enp0s3: renamed from eth0
Sep  2 15:31:01 net/hw-detect.hotplug: Detected hotpluggable network interface enp0s3
Sep  2 15:31:02 check-missing-firmware: looking at dmesg for the first time
Sep  2 15:31:02 check-missing-firmware: saving timestamp for a later use: [   29.065674]
Sep  2 15:31:02 check-missing-firmware: no missing firmware in loaded kernel modules
Sep  2 15:31:02 check-missing-firmware: taking network interface enp0s3 up/down
Sep  2 15:31:03 check-missing-firmware: looking at dmesg again, restarting from timestamp: [   29.065674]
Sep  2 15:31:03 check-missing-firmware: timestamp found, truncating dmesg accordingly
Sep  2 15:31:03 check-missing-firmware: keeping timestamp (no new lines): [   29.065674]
Sep  2 15:31:03 check-missing-firmware: no missing firmware in loaded kernel modules
Sep  2 15:31:03 main-menu[421]: INFO: Falling back to the package description for brltty-udeb
Sep  2 15:31:03 depthcharge-tools-installer: Not installing to non-ChromeOS board.
Sep  2 15:31:03 main-menu[421]: INFO: Falling back to the package description for brltty-udeb
Sep  2 15:31:03 main-menu[421]: INFO: Menu item 'netcfg' selected
Sep  2 15:31:03 netcfg[3992]: INFO: Starting netcfg v.1.187
Sep  2 15:31:03 netcfg[3992]: WARNING **: Couldn't read Wpasupplicant pid file, not trying to kill.
Sep  2 15:31:03 netcfg[3992]: INFO: Could not find valid BOOTIF= entry in /proc/cmdline
Sep  2 15:31:03 netcfg[3992]: INFO: Taking down interface enp0s3
Sep  2 15:31:03 netcfg[3992]: INFO: Taking down interface lo
Sep  2 15:31:03 netcfg[3992]: INFO: Activating interface enp0s3
Sep  2 15:31:03 netcfg[3992]: DEBUG: State is now 0
Sep  2 15:31:03 netcfg[3992]: DEBUG: Want link on enp0s3
Sep  2 15:31:03 netcfg[3992]: INFO: Waiting time set to 3
Sep  2 15:31:04 netcfg[3992]: INFO: ethtool-lite: enp0s3: carrier down
Sep  2 15:31:04 netcfg[3992]: INFO: ethtool-lite: enp0s3: carrier down
Sep  2 15:31:04 netcfg[3992]: INFO: ethtool-lite: enp0s3: carrier down
Sep  2 15:31:04 netcfg[3992]: INFO: ethtool-lite: enp0s3: carrier down
Sep  2 15:31:05 netcfg[3992]: INFO: ethtool-lite: enp0s3: carrier down
Sep  2 15:31:05 netcfg[3992]: INFO: ethtool-lite: enp0s3: carrier down
Sep  2 15:31:05 netcfg[3992]: INFO: ethtool-lite: enp0s3: carrier down
Sep  2 15:31:05 kernel: [   33.627933] e1000: enp0s3 NIC Link is Up 1000 Mbps Full Duplex, Flow Control: RX
Sep  2 15:31:05 kernel: [   33.629572] IPv6: ADDRCONF(NETDEV_CHANGE): enp0s3: link becomes ready
Sep  2 15:31:05 netcfg[3992]: INFO: ethtool-lite: enp0s3: carrier up
Sep  2 15:31:05 netcfg[3992]: INFO: Found link on enp0s3
Sep  2 15:31:05 netcfg[3992]: DEBUG: Commencing network autoconfiguration on enp0s3
Sep  2 15:31:05 netcfg[3992]: DEBUG: rdnssd started; PID: 4002
Sep  2 15:31:06 netcfg[3992]: DEBUG: nc_v6_interface_configured(enp0s3, scope local)
Sep  2 15:31:06 netcfg[3992]: DEBUG: Running ip addr show enp0s3 to look for address
Sep  2 15:31:06 netcfg[3992]: DEBUG: ip line: 2: enp0s3: <BROADCAST,MULTICAST,UP,LOWER_UP> mtu 1500 qdisc fq_codel qlen 1000
Sep  2 15:31:06 netcfg[3992]: DEBUG: ip line:     link/ether 08:00:27:17:7c:37 brd ff:ff:ff:ff:ff:ff
Sep  2 15:31:06 netcfg[3992]: DEBUG: ip line:     inet6 fe80::a00:27ff:fe17:7c37/64 scope link tentative 
Sep  2 15:31:06 netcfg[3992]: DEBUG: ip line:        valid_lft forever preferred_lft forever
Sep  2 15:31:06 netcfg[3992]: DEBUG: nc_v6_interface_configured(enp0s3, scope local)
Sep  2 15:31:06 netcfg[3992]: DEBUG: Running ip addr show enp0s3 to look for address
Sep  2 15:31:06 netcfg[3992]: DEBUG: ip line: 2: enp0s3: <BROADCAST,MULTICAST,UP,LOWER_UP> mtu 1500 qdisc fq_codel qlen 1000
Sep  2 15:31:06 netcfg[3992]: DEBUG: ip line:     link/ether 08:00:27:17:7c:37 brd ff:ff:ff:ff:ff:ff
Sep  2 15:31:06 netcfg[3992]: DEBUG: ip line:     inet6 fe80::a00:27ff:fe17:7c37/64 scope link tentative 
Sep  2 15:31:06 netcfg[3992]: DEBUG: ip line:        valid_lft forever preferred_lft forever
Sep  2 15:31:06 netcfg[3992]: DEBUG: nc_v6_interface_configured(enp0s3, scope local)
Sep  2 15:31:06 netcfg[3992]: DEBUG: Running ip addr show enp0s3 to look for address
Sep  2 15:31:06 netcfg[3992]: DEBUG: ip line: 2: enp0s3: <BROADCAST,MULTICAST,UP,LOWER_UP> mtu 1500 qdisc fq_codel qlen 1000
Sep  2 15:31:06 netcfg[3992]: DEBUG: ip line:     link/ether 08:00:27:17:7c:37 brd ff:ff:ff:ff:ff:ff
Sep  2 15:31:06 netcfg[3992]: DEBUG: ip line:     inet6 fe80::a00:27ff:fe17:7c37/64 scope link tentative 
Sep  2 15:31:06 netcfg[3992]: DEBUG: ip line:        valid_lft forever preferred_lft forever
Sep  2 15:31:06 netcfg[3992]: DEBUG: nc_v6_interface_configured(enp0s3, scope local)
Sep  2 15:31:06 netcfg[3992]: DEBUG: Running ip addr show enp0s3 to look for address
Sep  2 15:31:06 netcfg[3992]: DEBUG: ip line: 2: enp0s3: <BROADCAST,MULTICAST,UP,LOWER_UP> mtu 1500 qdisc fq_codel qlen 1000
Sep  2 15:31:06 netcfg[3992]: DEBUG: ip line:     link/ether 08:00:27:17:7c:37 brd ff:ff:ff:ff:ff:ff
Sep  2 15:31:06 netcfg[3992]: DEBUG: ip line:     inet6 fe80::a00:27ff:fe17:7c37/64 scope link tentative 
Sep  2 15:31:06 netcfg[3992]: DEBUG: ip line:        valid_lft forever preferred_lft forever
Sep  2 15:31:07 netcfg[3992]: DEBUG: nc_v6_interface_configured(enp0s3, scope local)
Sep  2 15:31:07 netcfg[3992]: DEBUG: Running ip addr show enp0s3 to look for address
Sep  2 15:31:07 netcfg[3992]: DEBUG: ip line: 2: enp0s3: <BROADCAST,MULTICAST,UP,LOWER_UP> mtu 1500 qdisc fq_codel qlen 1000
Sep  2 15:31:07 netcfg[3992]: DEBUG: ip line:     link/ether 08:00:27:17:7c:37 brd ff:ff:ff:ff:ff:ff
Sep  2 15:31:07 netcfg[3992]: DEBUG: ip line:     inet6 fe80::a00:27ff:fe17:7c37/64 scope link tentative 
Sep  2 15:31:07 netcfg[3992]: DEBUG: ip line:        valid_lft forever preferred_lft forever
Sep  2 15:31:07 netcfg[3992]: DEBUG: nc_v6_interface_configured(enp0s3, scope local)
Sep  2 15:31:07 netcfg[3992]: DEBUG: Running ip addr show enp0s3 to look for address
Sep  2 15:31:07 netcfg[3992]: DEBUG: ip line: 2: enp0s3: <BROADCAST,MULTICAST,UP,LOWER_UP> mtu 1500 qdisc fq_codel qlen 1000
Sep  2 15:31:07 netcfg[3992]: DEBUG: ip line:     link/ether 08:00:27:17:7c:37 brd ff:ff:ff:ff:ff:ff
Sep  2 15:31:07 netcfg[3992]: DEBUG: ip line:     inet6 fe80::a00:27ff:fe17:7c37/64 scope link tentative 
Sep  2 15:31:07 netcfg[3992]: DEBUG: ip line:        valid_lft forever preferred_lft forever
Sep  2 15:31:07 netcfg[3992]: DEBUG: nc_v6_interface_configured(enp0s3, scope local)
Sep  2 15:31:07 netcfg[3992]: DEBUG: Running ip addr show enp0s3 to look for address
Sep  2 15:31:07 netcfg[3992]: DEBUG: ip line: 2: enp0s3: <BROADCAST,MULTICAST,UP,LOWER_UP> mtu 1500 qdisc fq_codel qlen 1000
Sep  2 15:31:07 netcfg[3992]: DEBUG: ip line:     link/ether 08:00:27:17:7c:37 brd ff:ff:ff:ff:ff:ff
Sep  2 15:31:07 netcfg[3992]: DEBUG: ip line:     inet6 fe80::a00:27ff:fe17:7c37/64 scope link 
Sep  2 15:31:07 netcfg[3992]: DEBUG: Configured address found
Sep  2 15:31:07 netcfg[3992]: DEBUG: ip line:        valid_lft forever preferred_lft forever
Sep  2 15:31:07 netcfg[3992]: DEBUG: Running rdisc6 -1 -r 1 -w 500 -n enp0s3 to get IPv6 config flags
Sep  2 15:31:08 netcfg[3992]: DEBUG: rdisc6 line: Soliciting ff02::2 (ff02::2) on enp0s3...
Sep  2 15:31:08 netcfg[3992]: DEBUG: rdisc6 line: Timed out.
Sep  2 15:31:08 netcfg[3992]: DEBUG: rdisc6 line: No response.
Sep  2 15:31:08 netcfg[3992]: DEBUG: rdisc6 parsing finished
Sep  2 15:31:08 netcfg[3992]: DEBUG: rdisc6 line: Soliciting ff02::2 (ff02::2) on enp0s3...
Sep  2 15:31:08 netcfg[3992]: DEBUG: rdisc6 line: Timed out.
Sep  2 15:31:08 netcfg[3992]: DEBUG: rdisc6 line: No response.
Sep  2 15:31:08 netcfg[3992]: DEBUG: rdisc6 parsing finished
Sep  2 15:31:09 netcfg[3992]: DEBUG: rdisc6 line: Soliciting ff02::2 (ff02::2) on enp0s3...
Sep  2 15:31:09 netcfg[3992]: DEBUG: rdisc6 line: Timed out.
Sep  2 15:31:09 netcfg[3992]: DEBUG: rdisc6 line: No response.
Sep  2 15:31:09 netcfg[3992]: DEBUG: rdisc6 parsing finished
Sep  2 15:31:09 netcfg[3992]: DEBUG: rdisc6 line: Soliciting ff02::2 (ff02::2) on enp0s3...
Sep  2 15:31:09 netcfg[3992]: DEBUG: rdisc6 line: Timed out.
Sep  2 15:31:09 netcfg[3992]: DEBUG: rdisc6 line: No response.
Sep  2 15:31:09 netcfg[3992]: DEBUG: rdisc6 parsing finished
Sep  2 15:31:10 netcfg[3992]: DEBUG: rdisc6 line: Soliciting ff02::2 (ff02::2) on enp0s3...
Sep  2 15:31:10 netcfg[3992]: DEBUG: rdisc6 line: Timed out.
Sep  2 15:31:10 netcfg[3992]: DEBUG: rdisc6 line: No response.
Sep  2 15:31:10 netcfg[3992]: DEBUG: rdisc6 parsing finished
Sep  2 15:31:10 netcfg[3992]: DEBUG: rdisc6 line: Soliciting ff02::2 (ff02::2) on enp0s3...
Sep  2 15:31:10 netcfg[3992]: DEBUG: rdisc6 line: Timed out.
Sep  2 15:31:10 netcfg[3992]: DEBUG: rdisc6 line: No response.
Sep  2 15:31:10 netcfg[3992]: DEBUG: rdisc6 parsing finished
Sep  2 15:31:11 netcfg[3992]: DEBUG: rdisc6 line: Soliciting ff02::2 (ff02::2) on enp0s3...
Sep  2 15:31:11 netcfg[3992]: DEBUG: rdisc6 line: Timed out.
Sep  2 15:31:11 netcfg[3992]: DEBUG: rdisc6 line: No response.
Sep  2 15:31:11 netcfg[3992]: DEBUG: rdisc6 parsing finished
Sep  2 15:31:11 netcfg[3992]: DEBUG: rdisc6 line: Soliciting ff02::2 (ff02::2) on enp0s3...
Sep  2 15:31:11 netcfg[3992]: DEBUG: rdisc6 line: Timed out.
Sep  2 15:31:11 netcfg[3992]: DEBUG: rdisc6 line: No response.
Sep  2 15:31:11 netcfg[3992]: DEBUG: rdisc6 parsing finished
Sep  2 15:31:12 netcfg[3992]: DEBUG: rdisc6 line: Soliciting ff02::2 (ff02::2) on enp0s3...
Sep  2 15:31:12 netcfg[3992]: DEBUG: rdisc6 line: Timed out.
Sep  2 15:31:12 netcfg[3992]: DEBUG: rdisc6 line: No response.
Sep  2 15:31:12 netcfg[3992]: DEBUG: rdisc6 parsing finished
Sep  2 15:31:12 netcfg[3992]: DEBUG: rdisc6 line: Soliciting ff02::2 (ff02::2) on enp0s3...
Sep  2 15:31:12 netcfg[3992]: DEBUG: rdisc6 line: Timed out.
Sep  2 15:31:12 netcfg[3992]: DEBUG: rdisc6 line: No response.
Sep  2 15:31:12 netcfg[3992]: DEBUG: rdisc6 parsing finished
Sep  2 15:31:13 netcfg[3992]: DEBUG: rdisc6 line: Soliciting ff02::2 (ff02::2) on enp0s3...
Sep  2 15:31:13 netcfg[3992]: DEBUG: rdisc6 line: Timed out.
Sep  2 15:31:13 netcfg[3992]: DEBUG: rdisc6 line: No response.
Sep  2 15:31:13 netcfg[3992]: DEBUG: rdisc6 parsing finished
Sep  2 15:31:13 netcfg[3992]: DEBUG: rdisc6 line: Soliciting ff02::2 (ff02::2) on enp0s3...
Sep  2 15:31:13 netcfg[3992]: DEBUG: rdisc6 line: Timed out.
Sep  2 15:31:13 netcfg[3992]: DEBUG: rdisc6 line: No response.
Sep  2 15:31:13 netcfg[3992]: DEBUG: rdisc6 parsing finished
Sep  2 15:31:13 netcfg[3992]: DEBUG: Stopping rdnssd, PID 4002
Sep  2 15:31:13 netcfg[3992]: DEBUG: No RA received; attempting IPv4 autoconfig
Sep  2 15:31:13 netcfg[3992]: WARNING **: Started DHCP client; PID is 4023
Sep  2 15:31:13 udhcpc: Got IP 10.0.2.15 (using enp0s3) and routing through 10.0.2.2
Sep  2 15:31:16 netcfg[3992]: DEBUG: Reading domain name returned via DHCP
Sep  2 15:31:16 netcfg[3992]: DEBUG: DHCP domain name is 'home'
Sep  2 15:31:16 netcfg[3992]: DEBUG: Reading nameservers from /etc/resolv.conf
Sep  2 15:31:16 netcfg[3992]: DEBUG: Read nameserver 192.168.1.1
Sep  2 15:31:16 netcfg[3992]: DEBUG: State is now 1
Sep  2 15:31:16 netcfg[3992]: DEBUG: State is now 2
Sep  2 15:31:16 netcfg[3992]: DEBUG: State is now 5
Sep  2 15:31:16 netcfg[3992]: DEBUG: Using DNS to try and obtain default hostname
Sep  2 15:31:16 netcfg[3992]: DEBUG: Getting default hostname from rDNS lookup of autoconfigured address 10.0.2.15
Sep  2 15:31:16 netcfg[3992]: DEBUG: getnameinfo() returned -2 (Name or service not known)
Sep  2 15:31:16 netcfg[3992]: DEBUG: Getting default hostname from rDNS lookup of autoconfigured address fe80::a00:27ff:fe17:7c37
Sep  2 15:31:16 netcfg[3992]: DEBUG: getnameinfo() returned -2 (Name or service not known)
Sep  2 15:31:24 netcfg[3992]: INFO: debian_base is an invalid domain
Sep  2 15:31:28 netcfg[3992]: DEBUG: State is now 6
Sep  2 15:31:30 netcfg[3992]: DEBUG: Network config complete
Sep  2 15:31:30 netcfg[3992]: DEBUG: No interface given; clearing /etc/network/interfaces
Sep  2 15:31:30 netcfg[3992]: DEBUG: Writing informative header
Sep  2 15:31:30 netcfg[3992]: DEBUG: Success!
Sep  2 15:31:30 netcfg[3992]: DEBUG: Writing loopback interface
Sep  2 15:31:30 netcfg[3992]: DEBUG: Success!
Sep  2 15:31:30 netcfg[3992]: DEBUG: Writing DHCP stanza for enp0s3
Sep  2 15:31:30 netcfg[3992]: INFO: Detected enp0s3 as a hotpluggable device
Sep  2 15:31:30 netcfg[3992]: DEBUG: Success!
Sep  2 15:31:31 main-menu[421]: (process:3991): udhcpc: started, v1.35.0
Sep  2 15:31:31 main-menu[421]: (process:3991): udhcpc: broadcasting discover
Sep  2 15:31:31 main-menu[421]: (process:3991): udhcpc: broadcasting select for 10.0.2.15, server 10.0.2.2
Sep  2 15:31:31 main-menu[421]: (process:3991): udhcpc: lease of 10.0.2.15 obtained from 10.0.2.2, lease time 86400
Sep  2 15:31:31 main-menu[421]: INFO: Falling back to the package description for brltty-udeb
Sep  2 15:31:31 depthcharge-tools-installer: Not installing to non-ChromeOS board.
Sep  2 15:31:31 main-menu[421]: INFO: Falling back to the package description for brltty-udeb
Sep  2 15:31:31 main-menu[421]: INFO: Menu item 'user-setup-udeb' selected
Sep  2 15:31:31 debconf: cdebconf_gtk (process:409): Gtk - WARNING: IA__gtk_text_layout_get_line_display: we asked Pango to wrap text for width 191px but it now wants 199px. Clamping result to 191px!
Sep  2 15:31:31 debconf: cdebconf_gtk (process:409): Gtk - WARNING: IA__gtk_text_layout_get_line_display: we asked Pango to wrap text for width 191px but it now wants 199px. Clamping result to 191px!
Sep  2 15:31:54 debconf: cdebconf_gtk (process:409): Gtk - WARNING: IA__gtk_text_layout_get_line_display: we asked Pango to wrap text for width 191px but it now wants 199px. Clamping result to 191px!
Sep  2 15:31:54 debconf: cdebconf_gtk (process:409): Gtk - WARNING: IA__gtk_text_layout_get_line_display: we asked Pango to wrap text for width 191px but it now wants 199px. Clamping result to 191px!
Sep  2 15:32:02 main-menu[421]: INFO: Falling back to the package description for brltty-udeb
Sep  2 15:32:02 depthcharge-tools-installer: Not installing to non-ChromeOS board.
Sep  2 15:32:02 main-menu[421]: INFO: Falling back to the package description for brltty-udeb
Sep  2 15:32:02 main-menu[421]: INFO: Menu item 'clock-setup' selected
Sep  2 15:32:02 clock-setup: rdate called using NTP server 0.debian.pool.ntp.org.
Sep  2 15:32:05 clock-setup: Sat Sep  2 15:32:05 UTC 2023
Sep  2 15:32:05 clock-setup: rdate: adjust local clock by 3.446280 seconds
Sep  2 15:32:05 main-menu[421]: INFO: Falling back to the package description for brltty-udeb
Sep  2 15:32:05 depthcharge-tools-installer: Not installing to non-ChromeOS board.
Sep  2 15:32:05 main-menu[421]: INFO: Falling back to the package description for brltty-udeb
Sep  2 15:32:05 main-menu[421]: INFO: Menu item 'disk-detect' selected
Sep  2 15:32:06 net/hw-detect.hotplug: Detected hotpluggable network interface enp0s3
Sep  2 15:32:06 net/hw-detect.hotplug: Detected hotpluggable network interface lo
Sep  2 15:32:07 check-missing-firmware: looking at dmesg again, restarting from timestamp: [   29.065674]
Sep  2 15:32:07 check-missing-firmware: timestamp found, truncating dmesg accordingly
Sep  2 15:32:07 check-missing-firmware: saving timestamp for a later use: [   33.629572]
Sep  2 15:32:07 check-missing-firmware: no missing firmware in loaded kernel modules
Sep  2 15:32:08 check-missing-firmware: looking at dmesg again, restarting from timestamp: [   33.629572]
Sep  2 15:32:08 check-missing-firmware: timestamp found, truncating dmesg accordingly
Sep  2 15:32:08 check-missing-firmware: keeping timestamp (no new lines): [   33.629572]
Sep  2 15:32:08 check-missing-firmware: no missing firmware in loaded kernel modules
Sep  2 15:32:08 main-menu[421]: INFO: Falling back to the package description for brltty-udeb
Sep  2 15:32:08 depthcharge-tools-installer: Not installing to non-ChromeOS board.
Sep  2 15:32:08 main-menu[421]: INFO: Falling back to the package description for brltty-udeb
Sep  2 15:32:08 main-menu[421]: INFO: Menu item 'partman-base' selected
Sep  2 15:32:08 anna-install: Installing partman-auto-lvm
Sep  2 15:32:08 anna[4421]: DEBUG: resolver (cdebconf-udeb): package doesn't exist (ignored)
Sep  2 15:32:08 anna[4421]: DEBUG: resolver (di-utils): package doesn't exist (ignored)
Sep  2 15:32:08 anna[4421]: DEBUG: resolver (kernel-image-6.1.0-10-amd64-di): package doesn't exist (ignored)
Sep  2 15:32:08 anna[4421]: DEBUG: resolver (fat-modules): package doesn't exist (ignored)
Sep  2 15:32:08 anna[4421]: DEBUG: resolver (libdebian-installer4-udeb): package doesn't exist (ignored)
Sep  2 15:32:08 anna[4421]: DEBUG: resolver (archdetect): package doesn't exist (ignored)
Sep  2 15:32:08 anna[4421]: DEBUG: resolver (hw-detect): package doesn't exist (ignored)
Sep  2 15:32:08 anna[4421]: DEBUG: retrieving libaio1-udeb 0.3.113-4
Sep  2 15:32:08 anna[4421]: DEBUG: retrieving lvm2-udeb 2.03.16-2
Sep  2 15:32:08 anna[4421]: DEBUG: retrieving partman-auto-lvm 91
Sep  2 15:32:08 anna[4421]: DEBUG: retrieving partman-lvm 146
Sep  2 15:32:09 anna-install: Installing partman-auto-crypto
Sep  2 15:32:09 anna[4515]: DEBUG: resolver (cdebconf-udeb): package doesn't exist (ignored)
Sep  2 15:32:09 anna[4515]: DEBUG: resolver (di-utils): package doesn't exist (ignored)
Sep  2 15:32:09 anna[4515]: DEBUG: resolver (kernel-image-6.1.0-10-amd64-di): package doesn't exist (ignored)
Sep  2 15:32:09 anna[4515]: DEBUG: resolver (fat-modules): package doesn't exist (ignored)
Sep  2 15:32:09 anna[4515]: DEBUG: resolver (libdebian-installer4-udeb): package doesn't exist (ignored)
Sep  2 15:32:09 anna[4515]: DEBUG: resolver (archdetect): package doesn't exist (ignored)
Sep  2 15:32:09 anna[4515]: DEBUG: resolver (hw-detect): package doesn't exist (ignored)
Sep  2 15:32:09 anna[4515]: DEBUG: retrieving partman-auto-crypto 34
Sep  2 15:32:09 anna[4515]: DEBUG: retrieving partman-crypto 121
Sep  2 15:32:10 kernel: [   94.190756] raid6: sse2x4   gen() 26565 MB/s
Sep  2 15:32:10 kernel: [   94.274780] raid6: sse2x2   gen() 31329 MB/s
Sep  2 15:32:10 kernel: [   94.346727] raid6: sse2x1   gen() 21280 MB/s
Sep  2 15:32:10 kernel: [   94.346729] raid6: using algorithm sse2x2 gen() 31329 MB/s
Sep  2 15:32:10 kernel: [   94.418748] raid6: .... xor() 17194 MB/s, rmw enabled
Sep  2 15:32:10 kernel: [   94.418753] raid6: using ssse3x2 recovery algorithm
Sep  2 15:32:10 kernel: [   94.419527] xor: measuring software checksum speed
Sep  2 15:32:10 kernel: [   94.419808]    prefetch64-sse  : 35185 MB/sec
Sep  2 15:32:10 kernel: [   94.420124]    generic_sse     : 31902 MB/sec
Sep  2 15:32:10 kernel: [   94.420125] xor: using function: prefetch64-sse (35185 MB/sec)
Sep  2 15:32:10 kernel: [   94.475401] Btrfs loaded, crc32c=crc32c-generic, zoned=yes, fsverity=yes
Sep  2 15:32:10 kernel: [   94.502101] JFS: nTxBlock = 8192, nTxLock = 65536
Sep  2 15:32:10 kernel: [   94.608007] SGI XFS with ACLs, security attributes, realtime, quota, no debug enabled
Sep  2 15:32:10 md-devices: mdadm: No arrays found in config file or automatically
Sep  2 15:32:10 kernel: [   94.908830] device-mapper: core: CONFIG_IMA_DISABLE_HTABLE is disabled. Duplicate IMA measurements will not be recorded in the IMA log.
Sep  2 15:32:10 kernel: [   94.908853] device-mapper: uevent: version 1.0.3
Sep  2 15:32:10 kernel: [   94.909087] device-mapper: ioctl: 4.47.0-ioctl (2022-07-28) initialised: dm-devel@redhat.com
Sep  2 15:32:10 partman:   No matching physical volumes found
Sep  2 15:32:19 debconf: cdebconf_gtk (process:409): Gtk - WARNING: IA__gtk_text_layout_get_line_display: we asked Pango to wrap text for width 191px but it now wants 198px. Clamping result to 191px!
Sep  2 15:32:19 debconf: cdebconf_gtk (process:409): Gtk - WARNING: IA__gtk_text_layout_get_line_display: we asked Pango to wrap text for width 191px but it now wants 198px. Clamping result to 191px!
Sep  2 15:32:19 debconf: cdebconf_gtk (process:409): Gtk - WARNING: IA__gtk_text_layout_get_line_display: we asked Pango to wrap text for width 474px but it now wants 479px. Clamping result to 474px!
Sep  2 15:32:19 debconf: cdebconf_gtk (process:409): Gtk - WARNING: IA__gtk_text_layout_get_line_display: we asked Pango to wrap text for width 747px but it now wants 752px. Clamping result to 747px!
Sep  2 15:32:19 debconf: cdebconf_gtk (process:409): Gtk - WARNING: IA__gtk_text_layout_get_line_display: we asked Pango to wrap text for width 747px but it now wants 752px. Clamping result to 747px!
Sep  2 15:32:23 debconf: cdebconf_gtk (process:409): Gtk - WARNING: IA__gtk_text_layout_get_line_display: we asked Pango to wrap text for width 191px but it now wants 194px. Clamping result to 191px!
Sep  2 15:32:23 debconf: cdebconf_gtk (process:409): Gtk - WARNING: IA__gtk_text_layout_get_line_display: we asked Pango to wrap text for width 191px but it now wants 194px. Clamping result to 191px!
Sep  2 15:32:32 kernel: [  116.457160]  sda: sda1 sda2 < sda5 >
Sep  2 15:32:32 net/hw-detect.hotplug: Detected hotpluggable network interface enp0s3
Sep  2 15:32:32 net/hw-detect.hotplug: Detected hotpluggable network interface lo
Sep  2 15:32:32 kernel: [  116.712656] Adding 998396k swap on /dev/sda5.  Priority:-2 extents:1 across:998396k FS
Sep  2 15:32:32 partman: mke2fs 1.47.0 (5-Feb-2023)
Sep  2 15:32:33 kernel: [  117.904580] EXT4-fs (sda1): mounted filesystem with ordered data mode. Quota mode: none.
Sep  2 15:32:33 apt-install: Queueing package e2fsprogs for later installation
Sep  2 15:32:33 main-menu[421]: (process:4407): depmod: WARNING: could not open modules.builtin.modinfo at /lib/modules/6.1.0-10-amd64: No such file or directory
Sep  2 15:32:33 main-menu[421]: (process:4407): mount: mounting none on /sys/firmware/efi/efivars failed: No such file or directory
Sep  2 15:32:33 main-menu[421]: (process:4407): File descriptor 3 (pipe:[10574]) leaked on pvs invocation.
Sep  2 15:32:33 main-menu[421]: (process:4407):  Parent PID 6386: /bin/sh
Sep  2 15:32:33 main-menu[421]: (process:4407): File descriptor 4 (/dev/tty1) leaked on pvs invocation.
Sep  2 15:32:33 main-menu[421]: (process:4407):  Parent PID 6386: /bin/sh
Sep  2 15:32:33 main-menu[421]: (process:4407): File descriptor 5 (/dev/tty1) leaked on pvs invocation.
Sep  2 15:32:33 main-menu[421]: (process:4407):  Parent PID 6386: /bin/sh
Sep  2 15:32:33 main-menu[421]: (process:4407): File descriptor 3 (pipe:[10574]) leaked on pvs invocation.
Sep  2 15:32:33 main-menu[421]: (process:4407):  Parent PID 6425: /bin/sh
Sep  2 15:32:33 main-menu[421]: (process:4407): File descriptor 4 (/dev/tty1) leaked on pvs invocation.
Sep  2 15:32:33 main-menu[421]: (process:4407):  Parent PID 6425: /bin/sh
Sep  2 15:32:33 main-menu[421]: (process:4407): File descriptor 5 (/dev/tty1) leaked on pvs invocation.
Sep  2 15:32:33 main-menu[421]: (process:4407):  Parent PID 6425: /bin/sh
Sep  2 15:32:33 main-menu[421]: INFO: Falling back to the package description for brltty-udeb
Sep  2 15:32:34 depthcharge-tools-installer: Not installing to non-ChromeOS board.
Sep  2 15:32:34 main-menu[421]: INFO: Falling back to the package description for brltty-udeb
Sep  2 15:32:34 main-menu[421]: INFO: Menu item 'bootstrap-base' selected
Sep  2 15:32:34 debootstrap: /usr/sbin/debootstrap --components=main --debian-installer --resolve-deps --no-check-gpg bookworm /target file:///cdrom/
Sep  2 15:32:43 debootstrap: dpkg: warning: parsing file '/var/lib/dpkg/status' near line 5 package 'dpkg':
Sep  2 15:32:43 debootstrap:  missing 'Description' field
Sep  2 15:32:43 debootstrap: dpkg: warning: parsing file '/var/lib/dpkg/status' near line 5 package 'dpkg':
Sep  2 15:32:43 debootstrap:  missing 'Architecture' field
Sep  2 15:32:43 debootstrap: Selecting previously unselected package base-passwd.
Sep  2 15:32:43 debootstrap: (Reading database ... 0 files and directories currently installed.)
Sep  2 15:32:43 debootstrap: Preparing to unpack .../base-passwd_3.6.1_amd64.deb ...
Sep  2 15:32:43 debootstrap: Unpacking base-passwd (3.6.1) ...
Sep  2 15:32:43 debootstrap: Setting up base-passwd (3.6.1) ...
Sep  2 15:32:43 debootstrap: dpkg: base-passwd: dependency problems, but configuring anyway as you requested:
Sep  2 15:32:43 debootstrap:  base-passwd depends on libc6 (>= 2.34); however:
Sep  2 15:32:43 debootstrap:   Package libc6 is not installed.
Sep  2 15:32:43 debootstrap:  base-passwd depends on libdebconfclient0 (>= 0.145); however:
Sep  2 15:32:43 debootstrap:   Package libdebconfclient0 is not installed.
Sep  2 15:32:43 debootstrap:  base-passwd depends on libselinux1 (>= 3.1~); however:
Sep  2 15:32:43 debootstrap:   Package libselinux1 is not installed.
Sep  2 15:32:43 debootstrap: 
Sep  2 15:32:43 debootstrap: dpkg: warning: parsing file '/var/lib/dpkg/status' near line 24 package 'dpkg':
Sep  2 15:32:43 debootstrap:  missing 'Description' field
Sep  2 15:32:43 debootstrap: dpkg: warning: parsing file '/var/lib/dpkg/status' near line 24 package 'dpkg':
Sep  2 15:32:43 debootstrap:  missing 'Architecture' field
Sep  2 15:32:43 debootstrap: Selecting previously unselected package base-files.
Sep  2 15:32:43 debootstrap: (Reading database ... 41 files and directories currently installed.)
Sep  2 15:32:43 debootstrap: Preparing to unpack .../base-files_12.4+deb12u1_amd64.deb ...
Sep  2 15:32:43 debootstrap: dpkg: regarding .../base-files_12.4+deb12u1_amd64.deb containing base-files, pre-dependency problem:
Sep  2 15:32:43 debootstrap:  base-files pre-depends on awk
Sep  2 15:32:43 debootstrap:   awk is not installed.
Sep  2 15:32:43 debootstrap: 
Sep  2 15:32:43 debootstrap: dpkg: warning: ignoring pre-dependency problem!
Sep  2 15:32:43 debootstrap: Unpacking base-files (12.4+deb12u1) ...
Sep  2 15:32:43 debootstrap: Setting up base-files (12.4+deb12u1) ...
Sep  2 15:32:43 debootstrap: dpkg: base-files: dependency problems, but configuring anyway as you requested:
Sep  2 15:32:43 debootstrap:  base-files depends on awk; however:
Sep  2 15:32:43 debootstrap:   Package awk is not installed.
Sep  2 15:32:43 debootstrap: 
Sep  2 15:32:43 debootstrap: dpkg: warning: parsing file '/var/lib/dpkg/status' near line 51 package 'dpkg':
Sep  2 15:32:43 debootstrap:  missing 'Description' field
Sep  2 15:32:43 debootstrap: dpkg: warning: parsing file '/var/lib/dpkg/status' near line 51 package 'dpkg':
Sep  2 15:32:43 debootstrap:  missing 'Architecture' field
Sep  2 15:32:43 debootstrap: (Reading database ... 121 files and directories currently installed.)
Sep  2 15:32:43 debootstrap: Preparing to unpack .../dpkg_1.21.22_amd64.deb ...
Sep  2 15:32:43 debootstrap: dpkg: regarding .../dpkg_1.21.22_amd64.deb containing dpkg, pre-dependency problem:
Sep  2 15:32:43 debootstrap:  dpkg pre-depends on libbz2-1.0
Sep  2 15:32:43 debootstrap:   libbz2-1.0 is not installed.
Sep  2 15:32:43 debootstrap: 
Sep  2 15:32:43 debootstrap: dpkg: warning: ignoring pre-dependency problem!
Sep  2 15:32:43 debootstrap: dpkg: regarding .../dpkg_1.21.22_amd64.deb containing dpkg, pre-dependency problem:
Sep  2 15:32:43 debootstrap:  dpkg pre-depends on libc6 (>= 2.34)
Sep  2 15:32:43 debootstrap:   libc6 is not installed.
Sep  2 15:32:43 debootstrap: 
Sep  2 15:32:43 debootstrap: dpkg: warning: ignoring pre-dependency problem!
Sep  2 15:32:43 debootstrap: dpkg: regarding .../dpkg_1.21.22_amd64.deb containing dpkg, pre-dependency problem:
Sep  2 15:32:43 debootstrap:  dpkg pre-depends on liblzma5 (>= 5.4.0)
Sep  2 15:32:43 debootstrap:   liblzma5 is not installed.
Sep  2 15:32:43 debootstrap: 
Sep  2 15:32:43 debootstrap: dpkg: warning: ignoring pre-dependency problem!
Sep  2 15:32:43 debootstrap: dpkg: regarding .../dpkg_1.21.22_amd64.deb containing dpkg, pre-dependency problem:
Sep  2 15:32:43 debootstrap:  dpkg pre-depends on libmd0 (>= 0.0.0)
Sep  2 15:32:43 debootstrap:   libmd0 is not installed.
Sep  2 15:32:43 debootstrap: 
Sep  2 15:32:43 debootstrap: dpkg: warning: ignoring pre-dependency problem!
Sep  2 15:32:43 debootstrap: dpkg: regarding .../dpkg_1.21.22_amd64.deb containing dpkg, pre-dependency problem:
Sep  2 15:32:43 debootstrap:  dpkg pre-depends on libselinux1 (>= 3.1~)
Sep  2 15:32:43 debootstrap:   libselinux1 is not installed.
Sep  2 15:32:43 debootstrap: 
Sep  2 15:32:43 debootstrap: dpkg: warning: ignoring pre-dependency problem!
Sep  2 15:32:43 debootstrap: dpkg: regarding .../dpkg_1.21.22_amd64.deb containing dpkg, pre-dependency problem:
Sep  2 15:32:43 debootstrap:  dpkg pre-depends on libzstd1 (>= 1.5.2)
Sep  2 15:32:43 debootstrap:   libzstd1 is not installed.
Sep  2 15:32:43 debootstrap: 
Sep  2 15:32:43 debootstrap: dpkg: warning: ignoring pre-dependency problem!
Sep  2 15:32:43 debootstrap: dpkg: regarding .../dpkg_1.21.22_amd64.deb containing dpkg, pre-dependency problem:
Sep  2 15:32:43 debootstrap:  dpkg pre-depends on zlib1g (>= 1:1.1.4)
Sep  2 15:32:43 debootstrap:   zlib1g is not installed.
Sep  2 15:32:43 debootstrap: 
Sep  2 15:32:43 debootstrap: dpkg: warning: ignoring pre-dependency problem!
Sep  2 15:32:43 debootstrap: Unpacking dpkg (1.21.22) over (1.21.22) ...
Sep  2 15:32:44 debootstrap: Setting up dpkg (1.21.22) ...
Sep  2 15:32:44 debootstrap: dpkg: dpkg: dependency problems, but configuring anyway as you requested:
Sep  2 15:32:44 debootstrap:  dpkg depends on libbz2-1.0; however:
Sep  2 15:32:44 debootstrap:   Package libbz2-1.0 is not installed.
Sep  2 15:32:44 debootstrap:  dpkg depends on libc6 (>= 2.34); however:
Sep  2 15:32:44 debootstrap:   Package libc6 is not installed.
Sep  2 15:32:44 debootstrap:  dpkg depends on liblzma5 (>= 5.4.0); however:
Sep  2 15:32:44 debootstrap:   Package liblzma5 is not installed.
Sep  2 15:32:44 debootstrap:  dpkg depends on libmd0 (>= 0.0.0); however:
Sep  2 15:32:44 debootstrap:   Package libmd0 is not installed.
Sep  2 15:32:44 debootstrap:  dpkg depends on libselinux1 (>= 3.1~); however:
Sep  2 15:32:44 debootstrap:   Package libselinux1 is not installed.
Sep  2 15:32:44 debootstrap:  dpkg depends on libzstd1 (>= 1.5.2); however:
Sep  2 15:32:44 debootstrap:   Package libzstd1 is not installed.
Sep  2 15:32:44 debootstrap:  dpkg depends on zlib1g (>= 1:1.1.4); however:
Sep  2 15:32:44 debootstrap:   Package zlib1g is not installed.
Sep  2 15:32:44 debootstrap:  dpkg depends on tar (>= 1.28-1); however:
Sep  2 15:32:44 debootstrap:   Package tar is not installed.
Sep  2 15:32:44 debootstrap: 
Sep  2 15:32:44 debootstrap: Selecting previously unselected package libc6:amd64.
Sep  2 15:32:44 debootstrap: (Reading database ... 420 files and directories currently installed.)
Sep  2 15:32:44 debootstrap: Preparing to unpack .../libc6_2.36-9+deb12u1_amd64.deb ...
Sep  2 15:32:44 debootstrap: Unpacking libc6:amd64 (2.36-9+deb12u1) ...
Sep  2 15:32:45 debootstrap: Setting up libc6:amd64 (2.36-9+deb12u1) ...
Sep  2 15:32:45 debootstrap: dpkg: libc6:amd64: dependency problems, but configuring anyway as you requested:
Sep  2 15:32:45 debootstrap:  libc6:amd64 depends on libgcc-s1; however:
Sep  2 15:32:45 debootstrap:   Package libgcc-s1 is not installed.
Sep  2 15:32:45 debootstrap: 
Sep  2 15:32:45 debootstrap: Selecting previously unselected package perl-base.
Sep  2 15:32:45 debootstrap: (Reading database ... 713 files and directories currently installed.)
Sep  2 15:32:45 debootstrap: Preparing to unpack .../perl-base_5.36.0-7_amd64.deb ...
Sep  2 15:32:45 debootstrap: dpkg: regarding .../perl-base_5.36.0-7_amd64.deb containing perl-base, pre-dependency problem:
Sep  2 15:32:45 debootstrap:  perl-base pre-depends on libcrypt1 (>= 1:4.1.0)
Sep  2 15:32:45 debootstrap:   libcrypt1 is not installed.
Sep  2 15:32:45 debootstrap: 
Sep  2 15:32:45 debootstrap: dpkg: warning: ignoring pre-dependency problem!
Sep  2 15:32:45 debootstrap: Unpacking perl-base (5.36.0-7) ...
Sep  2 15:32:46 debootstrap: Setting up perl-base (5.36.0-7) ...
Sep  2 15:32:46 debootstrap: dpkg: perl-base: dependency problems, but configuring anyway as you requested:
Sep  2 15:32:46 debootstrap:  perl-base depends on libcrypt1 (>= 1:4.1.0); however:
Sep  2 15:32:46 debootstrap:   Package libcrypt1 is not installed.
Sep  2 15:32:46 debootstrap: 
Sep  2 15:32:46 debootstrap: Selecting previously unselected package mawk.
Sep  2 15:32:46 debootstrap: (Reading database ... 1441 files and directories currently installed.)
Sep  2 15:32:46 debootstrap: Preparing to unpack .../mawk_1.3.4.20200120-3.1_amd64.deb ...
Sep  2 15:32:46 debootstrap: Unpacking mawk (1.3.4.20200120-3.1) ...
Sep  2 15:32:46 debootstrap: Setting up mawk (1.3.4.20200120-3.1) ...
Sep  2 15:32:46 debootstrap: update-alternatives: 
Sep  2 15:32:46 debootstrap: using /usr/bin/mawk to provide /usr/bin/awk (awk) in auto mode
Sep  2 15:32:46 debootstrap: 
Sep  2 15:32:46 debootstrap: Selecting previously unselected package debconf.
Sep  2 15:32:46 debootstrap: (Reading database ... 1460 files and directories currently installed.)
Sep  2 15:32:46 debootstrap: Preparing to unpack .../debconf_1.5.82_all.deb ...
Sep  2 15:32:46 debootstrap: Unpacking debconf (1.5.82) ...
Sep  2 15:32:47 debootstrap: Setting up debconf (1.5.82) ...
Sep  2 15:32:47 debootstrap: Selecting previously unselected package gcc-12-base:amd64.
Sep  2 15:32:47 debootstrap: (Reading database ... 1620 files and directories currently installed.)
Sep  2 15:32:47 debootstrap: Preparing to unpack .../gcc-12-base_12.2.0-14_amd64.deb ...
Sep  2 15:32:47 debootstrap: Unpacking gcc-12-base:amd64 (12.2.0-14) ...
Sep  2 15:32:47 debootstrap: Selecting previously unselected package libgcc-s1:amd64.
Sep  2 15:32:47 debootstrap: Preparing to unpack .../libgcc-s1_12.2.0-14_amd64.deb ...
Sep  2 15:32:47 debootstrap: Unpacking libgcc-s1:amd64 (12.2.0-14) ...
Sep  2 15:32:47 debootstrap: Selecting previously unselected package libidn2-0:amd64.
Sep  2 15:32:47 debootstrap: Preparing to unpack .../libidn2-0_2.3.3-1+b1_amd64.deb ...
Sep  2 15:32:47 debootstrap: Unpacking libidn2-0:amd64 (2.3.3-1+b1) ...
Sep  2 15:32:48 debootstrap: Preparing to unpack .../libc6_2.36-9+deb12u1_amd64.deb ...
Sep  2 15:32:48 debootstrap: Unpacking libc6:amd64 (2.36-9+deb12u1) over (2.36-9+deb12u1) ...
Sep  2 15:32:48 debootstrap: Selecting previously unselected package libaudit-common.
Sep  2 15:32:48 debootstrap: Preparing to unpack .../libaudit-common_1%3a3.0.9-1_all.deb ...
Sep  2 15:32:48 debootstrap: Unpacking libaudit-common (1:3.0.9-1) ...
Sep  2 15:32:48 debootstrap: Selecting previously unselected package libcap-ng0:amd64.
Sep  2 15:32:48 debootstrap: Preparing to unpack .../libcap-ng0_0.8.3-1+b3_amd64.deb ...
Sep  2 15:32:48 debootstrap: Unpacking libcap-ng0:amd64 (0.8.3-1+b3) ...
Sep  2 15:32:49 debootstrap: Selecting previously unselected package libaudit1:amd64.
Sep  2 15:32:49 debootstrap: Preparing to unpack .../libaudit1_1%3a3.0.9-1_amd64.deb ...
Sep  2 15:32:49 debootstrap: Unpacking libaudit1:amd64 (1:3.0.9-1) ...
Sep  2 15:32:49 debootstrap: Selecting previously unselected package libcrypt1:amd64.
Sep  2 15:32:49 debootstrap: Preparing to unpack .../libcrypt1_1%3a4.4.33-2_amd64.deb ...
Sep  2 15:32:49 debootstrap: Unpacking libcrypt1:amd64 (1:4.4.33-2) ...
Sep  2 15:32:49 debootstrap: Selecting previously unselected package libbz2-1.0:amd64.
Sep  2 15:32:49 debootstrap: Preparing to unpack .../libbz2-1.0_1.0.8-5+b1_amd64.deb ...
Sep  2 15:32:49 debootstrap: Unpacking libbz2-1.0:amd64 (1.0.8-5+b1) ...
Sep  2 15:32:49 debootstrap: Selecting previously unselected package libgpg-error0:amd64.
Sep  2 15:32:49 debootstrap: Preparing to unpack .../libgpg-error0_1.46-1_amd64.deb ...
Sep  2 15:32:49 debootstrap: Unpacking libgpg-error0:amd64 (1.46-1) ...
Sep  2 15:32:49 debootstrap: Selecting previously unselected package libgcrypt20:amd64.
Sep  2 15:32:49 debootstrap: Preparing to unpack .../libgcrypt20_1.10.1-3_amd64.deb ...
Sep  2 15:32:49 debootstrap: Unpacking libgcrypt20:amd64 (1.10.1-3) ...
Sep  2 15:32:49 debootstrap: Selecting previously unselected package gpgv.
Sep  2 15:32:49 debootstrap: Preparing to unpack .../gpgv_2.2.40-1.1_amd64.deb ...
Sep  2 15:32:49 debootstrap: Unpacking gpgv (2.2.40-1.1) ...
Sep  2 15:32:49 debootstrap: Selecting previously unselected package liblz4-1:amd64.
Sep  2 15:32:49 debootstrap: Preparing to unpack .../liblz4-1_1.9.4-1_amd64.deb ...
Sep  2 15:32:49 debootstrap: Unpacking liblz4-1:amd64 (1.9.4-1) ...
Sep  2 15:32:49 debootstrap: Selecting previously unselected package liblzma5:amd64.
Sep  2 15:32:49 debootstrap: Preparing to unpack .../liblzma5_5.4.1-0.2_amd64.deb ...
Sep  2 15:32:49 debootstrap: Unpacking liblzma5:amd64 (5.4.1-0.2) ...
Sep  2 15:32:49 debootstrap: Selecting previously unselected package libcap2:amd64.
Sep  2 15:32:49 debootstrap: Preparing to unpack .../libcap2_1%3a2.66-4_amd64.deb ...
Sep  2 15:32:49 debootstrap: Unpacking libcap2:amd64 (1:2.66-4) ...
Sep  2 15:32:49 debootstrap: Selecting previously unselected package libapt-pkg6.0:amd64.
Sep  2 15:32:49 debootstrap: Preparing to unpack .../libapt-pkg6.0_2.6.1_amd64.deb ...
Sep  2 15:32:49 debootstrap: Unpacking libapt-pkg6.0:amd64 (2.6.1) ...
Sep  2 15:32:49 debootstrap: Selecting previously unselected package debian-archive-keyring.
Sep  2 15:32:49 debootstrap: Preparing to unpack .../debian-archive-keyring_2023.3_all.deb ...
Sep  2 15:32:49 debootstrap: Unpacking debian-archive-keyring (2023.3) ...
Sep  2 15:32:50 debootstrap: Selecting previously unselected package libgmp10:amd64.
Sep  2 15:32:50 debootstrap: Preparing to unpack .../libgmp10_2%3a6.2.1+dfsg1-1.1_amd64.deb ...
Sep  2 15:32:50 debootstrap: Unpacking libgmp10:amd64 (2:6.2.1+dfsg1-1.1) ...
Sep  2 15:32:50 debootstrap: Selecting previously unselected package libnettle8:amd64.
Sep  2 15:32:50 debootstrap: Preparing to unpack .../libnettle8_3.8.1-2_amd64.deb ...
Sep  2 15:32:50 debootstrap: Unpacking libnettle8:amd64 (3.8.1-2) ...
Sep  2 15:32:50 debootstrap: Selecting previously unselected package libhogweed6:amd64.
Sep  2 15:32:50 debootstrap: Preparing to unpack .../libhogweed6_3.8.1-2_amd64.deb ...
Sep  2 15:32:50 debootstrap: Unpacking libhogweed6:amd64 (3.8.1-2) ...
Sep  2 15:32:50 debootstrap: Selecting previously unselected package libffi8:amd64.
Sep  2 15:32:50 debootstrap: Preparing to unpack .../libffi8_3.4.4-1_amd64.deb ...
Sep  2 15:32:50 debootstrap: Unpacking libffi8:amd64 (3.4.4-1) ...
Sep  2 15:32:50 debootstrap: Selecting previously unselected package libp11-kit0:amd64.
Sep  2 15:32:50 debootstrap: Preparing to unpack .../libp11-kit0_0.24.1-2_amd64.deb ...
Sep  2 15:32:50 debootstrap: Unpacking libp11-kit0:amd64 (0.24.1-2) ...
Sep  2 15:32:50 debootstrap: Selecting previously unselected package libgnutls30:amd64.
Sep  2 15:32:50 debootstrap: Preparing to unpack .../libgnutls30_3.7.9-2_amd64.deb ...
Sep  2 15:32:50 debootstrap: Unpacking libgnutls30:amd64 (3.7.9-2) ...
Sep  2 15:32:50 debootstrap: Selecting previously unselected package apt.
Sep  2 15:32:50 debootstrap: Preparing to unpack .../archives/apt_2.6.1_amd64.deb ...
Sep  2 15:32:50 debootstrap: Unpacking apt (2.6.1) ...
Sep  2 15:32:51 debootstrap: Selecting previously unselected package libdb5.3:amd64.
Sep  2 15:32:51 debootstrap: Preparing to unpack .../libdb5.3_5.3.28+dfsg2-1_amd64.deb ...
Sep  2 15:32:51 debootstrap: Unpacking libdb5.3:amd64 (5.3.28+dfsg2-1) ...
Sep  2 15:32:51 debootstrap: Selecting previously unselected package libmd0:amd64.
Sep  2 15:32:51 debootstrap: Preparing to unpack .../libmd0_1.0.4-2_amd64.deb ...
Sep  2 15:32:51 debootstrap: Unpacking libmd0:amd64 (1.0.4-2) ...
Sep  2 15:32:51 debootstrap: Selecting previously unselected package libpcre2-8-0:amd64.
Sep  2 15:32:51 debootstrap: Preparing to unpack .../libpcre2-8-0_10.42-1_amd64.deb ...
Sep  2 15:32:51 debootstrap: Unpacking libpcre2-8-0:amd64 (10.42-1) ...
Sep  2 15:32:51 debootstrap: Selecting previously unselected package libacl1:amd64.
Sep  2 15:32:51 debootstrap: Preparing to unpack .../libacl1_2.3.1-3_amd64.deb ...
Sep  2 15:32:51 debootstrap: Unpacking libacl1:amd64 (2.3.1-3) ...
Sep  2 15:32:51 debootstrap: dpkg: regarding .../dpkg_1.21.22_amd64.deb containing dpkg, pre-dependency problem:
Sep  2 15:32:51 debootstrap:  dpkg pre-depends on libbz2-1.0
Sep  2 15:32:51 debootstrap:   libbz2-1.0:amd64 is unpacked, but has never been configured.
Sep  2 15:32:51 debootstrap: 
Sep  2 15:32:51 debootstrap: dpkg: warning: ignoring pre-dependency problem!
Sep  2 15:32:51 debootstrap: dpkg: regarding .../dpkg_1.21.22_amd64.deb containing dpkg, pre-dependency problem:
Sep  2 15:32:51 debootstrap:  dpkg pre-depends on liblzma5 (>= 5.4.0)
Sep  2 15:32:51 debootstrap:   liblzma5:amd64 is unpacked, but has never been configured.
Sep  2 15:32:51 debootstrap: 
Sep  2 15:32:51 debootstrap: dpkg: warning: ignoring pre-dependency problem!
Sep  2 15:32:51 debootstrap: dpkg: regarding .../dpkg_1.21.22_amd64.deb containing dpkg, pre-dependency problem:
Sep  2 15:32:51 debootstrap:  dpkg pre-depends on libmd0 (>= 0.0.0)
Sep  2 15:32:51 debootstrap:   libmd0:amd64 is unpacked, but has never been configured.
Sep  2 15:32:51 debootstrap: 
Sep  2 15:32:51 debootstrap: dpkg: warning: ignoring pre-dependency problem!
Sep  2 15:32:51 debootstrap: dpkg: regarding .../dpkg_1.21.22_amd64.deb containing dpkg, pre-dependency problem:
Sep  2 15:32:51 debootstrap:  dpkg pre-depends on libselinux1 (>= 3.1~)
Sep  2 15:32:51 debootstrap:   libselinux1 is not installed.
Sep  2 15:32:51 debootstrap: 
Sep  2 15:32:51 debootstrap: dpkg: warning: ignoring pre-dependency problem!
Sep  2 15:32:51 debootstrap: dpkg: regarding .../dpkg_1.21.22_amd64.deb containing dpkg, pre-dependency problem:
Sep  2 15:32:51 debootstrap:  dpkg pre-depends on libzstd1 (>= 1.5.2)
Sep  2 15:32:51 debootstrap:   libzstd1 is not installed.
Sep  2 15:32:51 debootstrap: 
Sep  2 15:32:51 debootstrap: dpkg: warning: ignoring pre-dependency problem!
Sep  2 15:32:51 debootstrap: dpkg: regarding .../dpkg_1.21.22_amd64.deb containing dpkg, pre-dependency problem:
Sep  2 15:32:51 debootstrap:  dpkg pre-depends on zlib1g (>= 1:1.1.4)
Sep  2 15:32:51 debootstrap:   zlib1g is not installed.
Sep  2 15:32:51 debootstrap: 
Sep  2 15:32:51 debootstrap: dpkg: warning: ignoring pre-dependency problem!
Sep  2 15:32:51 debootstrap: Preparing to unpack .../dpkg_1.21.22_amd64.deb ...
Sep  2 15:32:51 debootstrap: Unpacking dpkg (1.21.22) over (1.21.22) ...
Sep  2 15:32:51 debootstrap: Preparing to unpack .../debconf_1.5.82_all.deb ...
Sep  2 15:32:51 debootstrap: Unpacking debconf (1.5.82) over (1.5.82) ...
Sep  2 15:32:51 debootstrap: Selecting previously unselected package libpam0g:amd64.
Sep  2 15:32:51 debootstrap: Preparing to unpack .../libpam0g_1.5.2-6_amd64.deb ...
Sep  2 15:32:51 debootstrap: Unpacking libpam0g:amd64 (1.5.2-6) ...
Sep  2 15:32:52 debootstrap: Selecting previously unselected package libpam-modules-bin.
Sep  2 15:32:52 debootstrap: Preparing to unpack .../libpam-modules-bin_1.5.2-6_amd64.deb ...
Sep  2 15:32:52 debootstrap: Unpacking libpam-modules-bin (1.5.2-6) ...
Sep  2 15:32:52 debootstrap: Selecting previously unselected package libpam-modules:amd64.
Sep  2 15:32:52 debootstrap: dpkg: regarding .../libpam-modules_1.5.2-6_amd64.deb containing libpam-modules:amd64, pre-dependency problem:
Sep  2 15:32:52 debootstrap:  libpam-modules pre-depends on libaudit1 (>= 1:2.2.1)
Sep  2 15:32:52 debootstrap:   libaudit1:amd64 is unpacked, but has never been configured.
Sep  2 15:32:52 debootstrap: 
Sep  2 15:32:52 debootstrap: dpkg: warning: ignoring pre-dependency problem!
Sep  2 15:32:52 debootstrap: dpkg: regarding .../libpam-modules_1.5.2-6_amd64.deb containing libpam-modules:amd64, pre-dependency problem:
Sep  2 15:32:52 debootstrap:  libpam-modules pre-depends on libcrypt1 (>= 1:4.3.0)
Sep  2 15:32:52 debootstrap:   libcrypt1:amd64 is unpacked, but has never been configured.
Sep  2 15:32:52 debootstrap: 
Sep  2 15:32:52 debootstrap: dpkg: warning: ignoring pre-dependency problem!
Sep  2 15:32:52 debootstrap: dpkg: regarding .../libpam-modules_1.5.2-6_amd64.deb containing libpam-modules:amd64, pre-dependency problem:
Sep  2 15:32:52 debootstrap:  libpam-modules pre-depends on libdb5.3
Sep  2 15:32:52 debootstrap:   libdb5.3:amd64 is unpacked, but has never been configured.
Sep  2 15:32:52 debootstrap: 
Sep  2 15:32:52 debootstrap: dpkg: warning: ignoring pre-dependency problem!
Sep  2 15:32:52 debootstrap: dpkg: regarding .../libpam-modules_1.5.2-6_amd64.deb containing libpam-modules:amd64, pre-dependency problem:
Sep  2 15:32:52 debootstrap:  libpam-modules pre-depends on libpam0g (>= 1.4.1)
Sep  2 15:32:52 debootstrap:   libpam0g:amd64 is unpacked, but has never been configured.
Sep  2 15:32:52 debootstrap: 
Sep  2 15:32:52 debootstrap: dpkg: warning: ignoring pre-dependency problem!
Sep  2 15:32:52 debootstrap: dpkg: regarding .../libpam-modules_1.5.2-6_amd64.deb containing libpam-modules:amd64, pre-dependency problem:
Sep  2 15:32:52 debootstrap:  libpam-modules pre-depends on libselinux1 (>= 3.1~)
Sep  2 15:32:52 debootstrap:   libselinux1 is not installed.
Sep  2 15:32:52 debootstrap: 
Sep  2 15:32:52 debootstrap: dpkg: warning: ignoring pre-dependency problem!
Sep  2 15:32:52 debootstrap: dpkg: regarding .../libpam-modules_1.5.2-6_amd64.deb containing libpam-modules:amd64, pre-dependency problem:
Sep  2 15:32:52 debootstrap:  libpam-modules pre-depends on libpam-modules-bin (= 1.5.2-6)
Sep  2 15:32:52 debootstrap:   libpam-modules-bin is unpacked, but has never been configured.
Sep  2 15:32:52 debootstrap: 
Sep  2 15:32:52 debootstrap: dpkg: warning: ignoring pre-dependency problem!
Sep  2 15:32:52 debootstrap: Preparing to unpack .../libpam-modules_1.5.2-6_amd64.deb ...
Sep  2 15:32:52 debootstrap: Unpacking libpam-modules:amd64 (1.5.2-6) ...
Sep  2 15:32:52 debootstrap: Selecting previously unselected package adduser.
Sep  2 15:32:52 debootstrap: Preparing to unpack .../archives/adduser_3.134_all.deb ...
Sep  2 15:32:52 debootstrap: Unpacking adduser (3.134) ...
Sep  2 15:32:52 debootstrap: Preparing to unpack .../base-files_12.4+deb12u1_amd64.deb ...
Sep  2 15:32:52 debootstrap: Unpacking base-files (12.4+deb12u1) over (12.4+deb12u1) ...
Sep  2 15:32:52 debootstrap: Selecting previously unselected package libdebconfclient0:amd64.
Sep  2 15:32:52 debootstrap: Preparing to unpack .../libdebconfclient0_0.270_amd64.deb ...
Sep  2 15:32:52 debootstrap: Unpacking libdebconfclient0:amd64 (0.270) ...
Sep  2 15:32:52 debootstrap: Preparing to unpack .../base-passwd_3.6.1_amd64.deb ...
Sep  2 15:32:52 debootstrap: Unpacking base-passwd (3.6.1) over (3.6.1) ...
Sep  2 15:32:52 debootstrap: Selecting previously unselected package debianutils.
Sep  2 15:32:52 debootstrap: Preparing to unpack .../debianutils_5.7-0.4_amd64.deb ...
Sep  2 15:32:52 debootstrap: Unpacking debianutils (5.7-0.4) ...
Sep  2 15:32:52 debootstrap: Selecting previously unselected package bash.
Sep  2 15:32:52 debootstrap: dpkg: regarding .../bash_5.2.15-2+b2_amd64.deb containing bash, pre-dependency problem:
Sep  2 15:32:52 debootstrap:  bash pre-depends on libtinfo6 (>= 6)
Sep  2 15:32:52 debootstrap:   libtinfo6 is not installed.
Sep  2 15:32:52 debootstrap: 
Sep  2 15:32:52 debootstrap: dpkg: warning: ignoring pre-dependency problem!
Sep  2 15:32:52 debootstrap: Preparing to unpack .../bash_5.2.15-2+b2_amd64.deb ...
Sep  2 15:32:52 debootstrap: Unpacking bash (5.2.15-2+b2) ...
Sep  2 15:32:53 debootstrap: Selecting previously unselected package bsdutils.
Sep  2 15:32:53 debootstrap: Preparing to unpack .../bsdutils_1%3a2.38.1-5+b1_amd64.deb ...
Sep  2 15:32:53 debootstrap: dpkg: regarding .../bsdutils_1%3a2.38.1-5+b1_amd64.deb containing bsdutils, pre-dependency problem:
Sep  2 15:32:53 debootstrap:  bsdutils pre-depends on libsystemd0
Sep  2 15:32:53 debootstrap:   libsystemd0 is not installed.
Sep  2 15:32:53 debootstrap: 
Sep  2 15:32:53 debootstrap: dpkg: warning: ignoring pre-dependency problem!
Sep  2 15:32:53 debootstrap: Unpacking bsdutils (1:2.38.1-5+b1) ...
Sep  2 15:32:53 debootstrap: Selecting previously unselected package libattr1:amd64.
Sep  2 15:32:53 debootstrap: Preparing to unpack .../libattr1_1%3a2.5.1-4_amd64.deb ...
Sep  2 15:32:53 debootstrap: Unpacking libattr1:amd64 (1:2.5.1-4) ...
Sep  2 15:32:53 debootstrap: Selecting previously unselected package coreutils.
Sep  2 15:32:53 debootstrap: Preparing to unpack .../coreutils_9.1-1_amd64.deb ...
Sep  2 15:32:53 debootstrap: dpkg: regarding .../coreutils_9.1-1_amd64.deb containing coreutils, pre-dependency problem:
Sep  2 15:32:53 debootstrap:  coreutils pre-depends on libacl1 (>= 2.2.23)
Sep  2 15:32:53 debootstrap:   libacl1:amd64 is unpacked, but has never been configured.
Sep  2 15:32:53 debootstrap: 
Sep  2 15:32:53 debootstrap: dpkg: warning: ignoring pre-dependency problem!
Sep  2 15:32:53 debootstrap: dpkg: regarding .../coreutils_9.1-1_amd64.deb containing coreutils, pre-dependency problem:
Sep  2 15:32:53 debootstrap:  coreutils pre-depends on libattr1 (>= 1:2.4.44)
Sep  2 15:32:53 debootstrap:   libattr1:amd64 is unpacked, but has never been configured.
Sep  2 15:32:53 debootstrap: 
Sep  2 15:32:53 debootstrap: dpkg: warning: ignoring pre-dependency problem!
