2024-04-03T16:10:15.458937+02:00 srv-web kernel: [    0.000000] Linux version 6.1.0-11-amd64 (debian-kernel@lists.debian.org) (gcc-12 (Debian 12.2.0-14) 12.2.0, GNU ld (GNU Binutils for Debian) 2.40) #1 SMP PREEMPT_DYNAMIC Debian 6.1.38-4 (2023-08-08)
2024-04-03T16:10:15.458942+02:00 srv-web kernel: [    0.000000] Command line: BOOT_IMAGE=/boot/vmlinuz-6.1.0-11-amd64 root=UUID=bb78ad9e-2fe1-4525-be1d-d2b48126aa04 ro quiet
2024-04-03T16:10:15.458942+02:00 srv-web kernel: [    0.000000] [Firmware Bug]: TSC doesn't count with P0 frequency!
2024-04-03T16:10:15.458943+02:00 srv-web kernel: [    0.000000] BIOS-provided physical RAM map:
2024-04-03T16:10:15.458943+02:00 srv-web kernel: [    0.000000] BIOS-e820: [mem 0x0000000000000000-0x000000000009fbff] usable
2024-04-03T16:10:15.458943+02:00 srv-web kernel: [    0.000000] BIOS-e820: [mem 0x000000000009fc00-0x000000000009ffff] reserved
2024-04-03T16:10:15.458944+02:00 srv-web kernel: [    0.000000] BIOS-e820: [mem 0x00000000000f0000-0x00000000000fffff] reserved
2024-04-03T16:10:15.458946+02:00 srv-web kernel: [    0.000000] BIOS-e820: [mem 0x0000000000100000-0x000000007ffeffff] usable
2024-04-03T16:10:15.458946+02:00 srv-web kernel: [    0.000000] BIOS-e820: [mem 0x000000007fff0000-0x000000007fffffff] ACPI data
2024-04-03T16:10:15.458947+02:00 srv-web kernel: [    0.000000] BIOS-e820: [mem 0x00000000fec00000-0x00000000fec00fff] reserved
2024-04-03T16:10:15.458947+02:00 srv-web kernel: [    0.000000] BIOS-e820: [mem 0x00000000fee00000-0x00000000fee00fff] reserved
2024-04-03T16:10:15.458947+02:00 srv-web kernel: [    0.000000] BIOS-e820: [mem 0x00000000fffc0000-0x00000000ffffffff] reserved
2024-04-03T16:10:15.458947+02:00 srv-web kernel: [    0.000000] NX (Execute Disable) protection: active
2024-04-03T16:10:15.458947+02:00 srv-web kernel: [    0.000000] SMBIOS 2.5 present.
2024-04-03T16:10:15.458950+02:00 srv-web kernel: [    0.000000] DMI: innotek GmbH VirtualBox/VirtualBox, BIOS VirtualBox 12/01/2006
2024-04-03T16:10:15.458950+02:00 srv-web kernel: [    0.000000] Hypervisor detected: KVM
2024-04-03T16:10:15.458950+02:00 srv-web kernel: [    0.000000] kvm-clock: Using msrs 4b564d01 and 4b564d00
2024-04-03T16:10:15.458951+02:00 srv-web kernel: [    0.000001] kvm-clock: using sched offset of 10871109509 cycles
2024-04-03T16:10:15.458951+02:00 srv-web kernel: [    0.000003] clocksource: kvm-clock: mask: 0xffffffffffffffff max_cycles: 0x1cd42e4dffb, max_idle_ns: 881590591483 ns
2024-04-03T16:10:15.458951+02:00 srv-web kernel: [    0.000006] tsc: Detected 3293.722 MHz processor
2024-04-03T16:10:15.458953+02:00 srv-web kernel: [    0.001481] e820: update [mem 0x00000000-0x00000fff] usable ==> reserved
2024-04-03T16:10:15.458954+02:00 srv-web kernel: [    0.001484] e820: remove [mem 0x000a0000-0x000fffff] usable
2024-04-03T16:10:15.458954+02:00 srv-web kernel: [    0.001487] last_pfn = 0x7fff0 max_arch_pfn = 0x400000000
2024-04-03T16:10:15.458954+02:00 srv-web kernel: [    0.001538] Disabled
2024-04-03T16:10:15.458954+02:00 srv-web kernel: [    0.001539] x86/PAT: MTRRs disabled, skipping PAT initialization too.
2024-04-03T16:10:15.458955+02:00 srv-web kernel: [    0.001546] CPU MTRRs all blank - virtualized system.
2024-04-03T16:10:15.458957+02:00 srv-web kernel: [    0.001548] x86/PAT: Configuration [0-7]: WB  WT  UC- UC  WB  WT  UC- UC  
2024-04-03T16:10:15.458957+02:00 srv-web kernel: [    0.001570] found SMP MP-table at [mem 0x0009fff0-0x0009ffff]
2024-04-03T16:10:15.458958+02:00 srv-web kernel: [    0.001731] RAMDISK: [mem 0x3131f000-0x34986fff]
2024-04-03T16:10:15.458958+02:00 srv-web kernel: [    0.001735] ACPI: Early table checksum verification disabled
2024-04-03T16:10:15.458958+02:00 srv-web kernel: [    0.001737] ACPI: RSDP 0x00000000000E0000 000024 (v02 VBOX  )
2024-04-03T16:10:15.458958+02:00 srv-web kernel: [    0.001741] ACPI: XSDT 0x000000007FFF0030 00003C (v01 VBOX   VBOXXSDT 00000001 ASL  00000061)
2024-04-03T16:10:15.458958+02:00 srv-web kernel: [    0.001744] ACPI: FACP 0x000000007FFF00F0 0000F4 (v04 VBOX   VBOXFACP 00000001 ASL  00000061)
2024-04-03T16:10:15.458961+02:00 srv-web kernel: [    0.001748] ACPI: DSDT 0x000000007FFF0610 002353 (v02 VBOX   VBOXBIOS 00000002 INTL 20100528)
2024-04-03T16:10:15.458961+02:00 srv-web kernel: [    0.001750] ACPI: FACS 0x000000007FFF0200 000040
2024-04-03T16:10:15.458961+02:00 srv-web kernel: [    0.001752] ACPI: FACS 0x000000007FFF0200 000040
2024-04-03T16:10:15.458962+02:00 srv-web kernel: [    0.001753] ACPI: APIC 0x000000007FFF0240 00005C (v02 VBOX   VBOXAPIC 00000001 ASL  00000061)
2024-04-03T16:10:15.458962+02:00 srv-web kernel: [    0.001755] ACPI: SSDT 0x000000007FFF02A0 00036C (v01 VBOX   VBOXCPUT 00000002 INTL 20100528)
2024-04-03T16:10:15.458962+02:00 srv-web kernel: [    0.001756] ACPI: Reserving FACP table memory at [mem 0x7fff00f0-0x7fff01e3]
2024-04-03T16:10:15.458965+02:00 srv-web kernel: [    0.001757] ACPI: Reserving DSDT table memory at [mem 0x7fff0610-0x7fff2962]
2024-04-03T16:10:15.458965+02:00 srv-web kernel: [    0.001758] ACPI: Reserving FACS table memory at [mem 0x7fff0200-0x7fff023f]
2024-04-03T16:10:15.458965+02:00 srv-web kernel: [    0.001758] ACPI: Reserving FACS table memory at [mem 0x7fff0200-0x7fff023f]
2024-04-03T16:10:15.458966+02:00 srv-web kernel: [    0.001759] ACPI: Reserving APIC table memory at [mem 0x7fff0240-0x7fff029b]
2024-04-03T16:10:15.458966+02:00 srv-web kernel: [    0.001759] ACPI: Reserving SSDT table memory at [mem 0x7fff02a0-0x7fff060b]
2024-04-03T16:10:15.458966+02:00 srv-web kernel: [    0.002346] No NUMA configuration found
2024-04-03T16:10:15.458971+02:00 srv-web kernel: [    0.002347] Faking a node at [mem 0x0000000000000000-0x000000007ffeffff]
2024-04-03T16:10:15.458971+02:00 srv-web kernel: [    0.002352] NODE_DATA(0) allocated [mem 0x7ffc5000-0x7ffeffff]
2024-04-03T16:10:15.458972+02:00 srv-web kernel: [    0.002509] Zone ranges:
2024-04-03T16:10:15.458972+02:00 srv-web kernel: [    0.002509]   DMA      [mem 0x0000000000001000-0x0000000000ffffff]
2024-04-03T16:10:15.458972+02:00 srv-web kernel: [    0.002511]   DMA32    [mem 0x0000000001000000-0x000000007ffeffff]
2024-04-03T16:10:15.458972+02:00 srv-web kernel: [    0.002512]   Normal   empty
2024-04-03T16:10:15.458973+02:00 srv-web kernel: [    0.002512]   Device   empty
2024-04-03T16:10:15.458975+02:00 srv-web kernel: [    0.002513] Movable zone start for each node
2024-04-03T16:10:15.458975+02:00 srv-web kernel: [    0.002514] Early memory node ranges
2024-04-03T16:10:15.458975+02:00 srv-web kernel: [    0.002514]   node   0: [mem 0x0000000000001000-0x000000000009efff]
2024-04-03T16:10:15.458976+02:00 srv-web kernel: [    0.002515]   node   0: [mem 0x0000000000100000-0x000000007ffeffff]
2024-04-03T16:10:15.458976+02:00 srv-web kernel: [    0.002516] Initmem setup node 0 [mem 0x0000000000001000-0x000000007ffeffff]
2024-04-03T16:10:15.458976+02:00 srv-web kernel: [    0.002520] On node 0, zone DMA: 1 pages in unavailable ranges
2024-04-03T16:10:15.458978+02:00 srv-web kernel: [    0.002541] On node 0, zone DMA: 97 pages in unavailable ranges
2024-04-03T16:10:15.458979+02:00 srv-web kernel: [    0.002948] On node 0, zone DMA32: 16 pages in unavailable ranges
2024-04-03T16:10:15.458979+02:00 srv-web kernel: [    0.004009] ACPI: PM-Timer IO Port: 0x4008
2024-04-03T16:10:15.458979+02:00 srv-web kernel: [    0.004187] IOAPIC[0]: apic_id 2, version 32, address 0xfec00000, GSI 0-23
2024-04-03T16:10:15.458980+02:00 srv-web kernel: [    0.004190] ACPI: INT_SRC_OVR (bus 0 bus_irq 0 global_irq 2 dfl dfl)
2024-04-03T16:10:15.458980+02:00 srv-web kernel: [    0.004191] ACPI: INT_SRC_OVR (bus 0 bus_irq 9 global_irq 9 low level)
2024-04-03T16:10:15.458980+02:00 srv-web kernel: [    0.004194] ACPI: Using ACPI (MADT) for SMP configuration information
2024-04-03T16:10:15.458982+02:00 srv-web kernel: [    0.004213] smpboot: Allowing 2 CPUs, 0 hotplug CPUs
2024-04-03T16:10:15.458983+02:00 srv-web kernel: [    0.004298] PM: hibernation: Registered nosave memory: [mem 0x00000000-0x00000fff]
2024-04-03T16:10:15.458983+02:00 srv-web kernel: [    0.004299] PM: hibernation: Registered nosave memory: [mem 0x0009f000-0x0009ffff]
2024-04-03T16:10:15.458983+02:00 srv-web kernel: [    0.004300] PM: hibernation: Registered nosave memory: [mem 0x000a0000-0x000effff]
2024-04-03T16:10:15.458983+02:00 srv-web kernel: [    0.004300] PM: hibernation: Registered nosave memory: [mem 0x000f0000-0x000fffff]
2024-04-03T16:10:15.458984+02:00 srv-web kernel: [    0.004301] [mem 0x80000000-0xfebfffff] available for PCI devices
2024-04-03T16:10:15.458986+02:00 srv-web kernel: [    0.004302] Booting paravirtualized kernel on KVM
2024-04-03T16:10:15.458986+02:00 srv-web kernel: [    0.004304] clocksource: refined-jiffies: mask: 0xffffffff max_cycles: 0xffffffff, max_idle_ns: 7645519600211568 ns
2024-04-03T16:10:15.458987+02:00 srv-web kernel: [    0.006962] setup_percpu: NR_CPUS:8192 nr_cpumask_bits:2 nr_cpu_ids:2 nr_node_ids:1
2024-04-03T16:10:15.458987+02:00 srv-web kernel: [    0.007170] percpu: Embedded 61 pages/cpu s212992 r8192 d28672 u1048576
2024-04-03T16:10:15.458987+02:00 srv-web kernel: [    0.007173] pcpu-alloc: s212992 r8192 d28672 u1048576 alloc=1*2097152
2024-04-03T16:10:15.458987+02:00 srv-web kernel: [    0.007175] pcpu-alloc: [0] 0 1 
2024-04-03T16:10:15.458990+02:00 srv-web kernel: [    0.007240] kvm-guest: PV spinlocks enabled
2024-04-03T16:10:15.458990+02:00 srv-web kernel: [    0.007243] PV qspinlock hash table entries: 256 (order: 0, 4096 bytes, linear)
2024-04-03T16:10:15.458990+02:00 srv-web kernel: [    0.007248] Fallback order for Node 0: 0 
2024-04-03T16:10:15.458990+02:00 srv-web kernel: [    0.007255] Built 1 zonelists, mobility grouping on.  Total pages: 515824
2024-04-03T16:10:15.458991+02:00 srv-web kernel: [    0.007256] Policy zone: DMA32
2024-04-03T16:10:15.458991+02:00 srv-web kernel: [    0.007257] Kernel command line: BOOT_IMAGE=/boot/vmlinuz-6.1.0-11-amd64 root=UUID=bb78ad9e-2fe1-4525-be1d-d2b48126aa04 ro quiet
2024-04-03T16:10:15.458993+02:00 srv-web kernel: [    0.007291] Unknown kernel command line parameters "BOOT_IMAGE=/boot/vmlinuz-6.1.0-11-amd64", will be passed to user space.
2024-04-03T16:10:15.458994+02:00 srv-web kernel: [    0.007317] random: crng init done
2024-04-03T16:10:15.458994+02:00 srv-web kernel: [    0.009400] Dentry cache hash table entries: 262144 (order: 9, 2097152 bytes, linear)
2024-04-03T16:10:15.458994+02:00 srv-web kernel: [    0.009571] Inode-cache hash table entries: 131072 (order: 8, 1048576 bytes, linear)
2024-04-03T16:10:15.458994+02:00 srv-web kernel: [    0.009669] mem auto-init: stack:all(zero), heap alloc:on, heap free:off
2024-04-03T16:10:15.458995+02:00 srv-web kernel: [    0.011544] Memory: 260860K/2096696K available (14342K kernel code, 2324K rwdata, 8740K rodata, 2768K init, 17436K bss, 146232K reserved, 0K cma-reserved)
2024-04-03T16:10:15.458997+02:00 srv-web kernel: [    0.011608] SLUB: HWalign=64, Order=0-3, MinObjects=0, CPUs=2, Nodes=1
2024-04-03T16:10:15.458997+02:00 srv-web kernel: [    0.011627] ftrace: allocating 40014 entries in 157 pages
2024-04-03T16:10:15.458997+02:00 srv-web kernel: [    0.018430] ftrace: allocated 157 pages with 5 groups
2024-04-03T16:10:15.458998+02:00 srv-web kernel: [    0.018900] Dynamic Preempt: voluntary
2024-04-03T16:10:15.458998+02:00 srv-web kernel: [    0.018915] rcu: Preemptible hierarchical RCU implementation.
2024-04-03T16:10:15.458998+02:00 srv-web kernel: [    0.018915] rcu: 	RCU restricting CPUs from NR_CPUS=8192 to nr_cpu_ids=2.
2024-04-03T16:10:15.458998+02:00 srv-web kernel: [    0.018917] 	Trampoline variant of Tasks RCU enabled.
2024-04-03T16:10:15.459001+02:00 srv-web kernel: [    0.018917] 	Rude variant of Tasks RCU enabled.
2024-04-03T16:10:15.459001+02:00 srv-web kernel: [    0.018917] 	Tracing variant of Tasks RCU enabled.
2024-04-03T16:10:15.459001+02:00 srv-web kernel: [    0.018918] rcu: RCU calculated value of scheduler-enlistment delay is 25 jiffies.
2024-04-03T16:10:15.459001+02:00 srv-web kernel: [    0.018918] rcu: Adjusting geometry for rcu_fanout_leaf=16, nr_cpu_ids=2
2024-04-03T16:10:15.459002+02:00 srv-web kernel: [    0.021455] NR_IRQS: 524544, nr_irqs: 440, preallocated irqs: 16
2024-04-03T16:10:15.459002+02:00 srv-web kernel: [    0.021686] rcu: srcu_init: Setting srcu_struct sizes based on contention.
2024-04-03T16:10:15.459004+02:00 srv-web kernel: [    0.051496] Console: colour VGA+ 80x25
2024-04-03T16:10:15.459005+02:00 srv-web kernel: [    0.051504] printk: console [tty0] enabled
2024-04-03T16:10:15.459005+02:00 srv-web kernel: [    0.051516] ACPI: Core revision 20220331
2024-04-03T16:10:15.459005+02:00 srv-web kernel: [    0.052791] APIC: Switch to symmetric I/O mode setup
2024-04-03T16:10:15.459005+02:00 srv-web kernel: [    0.060193] ..TIMER: vector=0x30 apic1=0 pin1=2 apic2=-1 pin2=-1
2024-04-03T16:10:15.459005+02:00 srv-web kernel: [    0.060333] clocksource: tsc-early: mask: 0xffffffffffffffff max_cycles: 0x2f7a21e4e07, max_idle_ns: 440795280963 ns
2024-04-03T16:10:15.459068+02:00 srv-web kernel: [    0.060338] Calibrating delay loop (skipped) preset value.. 6587.44 BogoMIPS (lpj=13174888)
2024-04-03T16:10:15.459068+02:00 srv-web kernel: [    0.061075] Last level iTLB entries: 4KB 512, 2MB 512, 4MB 256
2024-04-03T16:10:15.459068+02:00 srv-web kernel: [    0.061076] Last level dTLB entries: 4KB 2048, 2MB 2048, 4MB 1024, 1GB 0
2024-04-03T16:10:15.459069+02:00 srv-web kernel: [    0.061080] Spectre V1 : Mitigation: usercopy/swapgs barriers and __user pointer sanitization
2024-04-03T16:10:15.459069+02:00 srv-web kernel: [    0.061081] Spectre V2 : Mitigation: Retpolines
2024-04-03T16:10:15.459069+02:00 srv-web kernel: [    0.061081] Spectre V2 : Spectre v2 / SpectreRSB mitigation: Filling RSB on context switch
2024-04-03T16:10:15.459069+02:00 srv-web kernel: [    0.061082] Spectre V2 : Spectre v2 / SpectreRSB : Filling RSB on VMEXIT
2024-04-03T16:10:15.459072+02:00 srv-web kernel: [    0.061115] Speculative Return Stack Overflow: Mitigation: safe RET
2024-04-03T16:10:15.459072+02:00 srv-web kernel: [    0.061118] x86/fpu: x87 FPU will use FXSAVE
2024-04-03T16:10:15.459072+02:00 srv-web kernel: [    0.064336] Freeing SMP alternatives memory: 36K
2024-04-03T16:10:15.459072+02:00 srv-web kernel: [    0.064336] pid_max: default: 32768 minimum: 301
2024-04-03T16:10:15.459073+02:00 srv-web kernel: [    0.064336] LSM: Security Framework initializing
2024-04-03T16:10:15.459073+02:00 srv-web kernel: [    0.064336] landlock: Up and running.
2024-04-03T16:10:15.459075+02:00 srv-web kernel: [    0.064336] Yama: disabled by default; enable with sysctl kernel.yama.*
2024-04-03T16:10:15.459076+02:00 srv-web kernel: [    0.064336] AppArmor: AppArmor initialized
2024-04-03T16:10:15.459076+02:00 srv-web kernel: [    0.064336] TOMOYO Linux initialized
2024-04-03T16:10:15.459076+02:00 srv-web kernel: [    0.064336] LSM support for eBPF active
2024-04-03T16:10:15.459076+02:00 srv-web kernel: [    0.064336] Mount-cache hash table entries: 4096 (order: 3, 32768 bytes, linear)
2024-04-03T16:10:15.459076+02:00 srv-web kernel: [    0.064336] Mountpoint-cache hash table entries: 4096 (order: 3, 32768 bytes, linear)
2024-04-03T16:10:15.459079+02:00 srv-web kernel: [    0.176831] APIC calibration not consistent with PM-Timer: 101ms instead of 100ms
2024-04-03T16:10:15.459079+02:00 srv-web kernel: [    0.176835] APIC delta adjusted to PM-Timer: 6366481 (6463965)
2024-04-03T16:10:15.459079+02:00 srv-web kernel: [    0.177061] smpboot: CPU0: AMD Ryzen 5 5600H with Radeon Graphics (family: 0x19, model: 0x50, stepping: 0x0)
2024-04-03T16:10:15.459080+02:00 srv-web kernel: [    0.177240] cblist_init_generic: Setting adjustable number of callback queues.
2024-04-03T16:10:15.459080+02:00 srv-web kernel: [    0.177242] cblist_init_generic: Setting shift to 1 and lim to 1.
2024-04-03T16:10:15.459080+02:00 srv-web kernel: [    0.177267] cblist_init_generic: Setting shift to 1 and lim to 1.
2024-04-03T16:10:15.459080+02:00 srv-web kernel: [    0.177284] cblist_init_generic: Setting shift to 1 and lim to 1.
2024-04-03T16:10:15.459083+02:00 srv-web kernel: [    0.177301] Performance Events: PMU not available due to virtualization, using software events only.
2024-04-03T16:10:15.459083+02:00 srv-web kernel: [    0.177459] signal: max sigframe size: 1440
2024-04-03T16:10:15.459083+02:00 srv-web kernel: [    0.177488] rcu: Hierarchical SRCU implementation.
2024-04-03T16:10:15.459083+02:00 srv-web kernel: [    0.177489] rcu: 	Max phase no-delay instances is 1000.
2024-04-03T16:10:15.459084+02:00 srv-web kernel: [    0.177830] NMI watchdog: Perf NMI watchdog permanently disabled
2024-04-03T16:10:15.459084+02:00 srv-web kernel: [    0.177890] smp: Bringing up secondary CPUs ...
2024-04-03T16:10:15.459089+02:00 srv-web kernel: [    0.177991] x86: Booting SMP configuration:
2024-04-03T16:10:15.459089+02:00 srv-web kernel: [    0.177993] .... node  #0, CPUs:      #1
2024-04-03T16:10:15.459089+02:00 srv-web kernel: [    0.180336] TSC synchronization [CPU#0 -> CPU#1]:
2024-04-03T16:10:15.459089+02:00 srv-web kernel: [    0.180336] Measured 59701 cycles TSC warp between CPUs, turning off TSC clock.
2024-04-03T16:10:15.459090+02:00 srv-web kernel: [    0.180336] tsc: Marking TSC unstable due to check_tsc_sync_source failed
2024-04-03T16:10:15.459090+02:00 srv-web kernel: [    0.180666] smp: Brought up 1 node, 2 CPUs
2024-04-03T16:10:15.459092+02:00 srv-web kernel: [    0.180669] smpboot: Max logical packages: 1
2024-04-03T16:10:15.459092+02:00 srv-web kernel: [    0.180670] smpboot: Total of 2 processors activated (13174.88 BogoMIPS)
2024-04-03T16:10:15.459093+02:00 srv-web kernel: [    0.183277] node 0 deferred pages initialised in 0ms
2024-04-03T16:10:15.459093+02:00 srv-web kernel: [    0.184882] devtmpfs: initialized
2024-04-03T16:10:15.459093+02:00 srv-web kernel: [    0.184882] x86/mm: Memory block size: 128MB
2024-04-03T16:10:15.459093+02:00 srv-web kernel: [    0.184973] clocksource: jiffies: mask: 0xffffffff max_cycles: 0xffffffff, max_idle_ns: 7645041785100000 ns
2024-04-03T16:10:15.459096+02:00 srv-web kernel: [    0.184973] futex hash table entries: 512 (order: 3, 32768 bytes, linear)
2024-04-03T16:10:15.459096+02:00 srv-web kernel: [    0.184973] pinctrl core: initialized pinctrl subsystem
2024-04-03T16:10:15.459096+02:00 srv-web kernel: [    0.189157] NET: Registered PF_NETLINK/PF_ROUTE protocol family
2024-04-03T16:10:15.459096+02:00 srv-web kernel: [    0.189281] DMA: preallocated 256 KiB GFP_KERNEL pool for atomic allocations
2024-04-03T16:10:15.459097+02:00 srv-web kernel: [    0.189313] DMA: preallocated 256 KiB GFP_KERNEL|GFP_DMA pool for atomic allocations
2024-04-03T16:10:15.459097+02:00 srv-web kernel: [    0.189337] DMA: preallocated 256 KiB GFP_KERNEL|GFP_DMA32 pool for atomic allocations
2024-04-03T16:10:15.459097+02:00 srv-web kernel: [    0.189347] audit: initializing netlink subsys (disabled)
2024-04-03T16:10:15.459099+02:00 srv-web kernel: [    0.189448] audit: type=2000 audit(1712153382.366:1): state=initialized audit_enabled=0 res=1
2024-04-03T16:10:15.459100+02:00 srv-web kernel: [    0.189448] thermal_sys: Registered thermal governor 'fair_share'
2024-04-03T16:10:15.459100+02:00 srv-web kernel: [    0.189448] thermal_sys: Registered thermal governor 'bang_bang'
2024-04-03T16:10:15.459100+02:00 srv-web kernel: [    0.189448] thermal_sys: Registered thermal governor 'step_wise'
2024-04-03T16:10:15.459100+02:00 srv-web kernel: [    0.189448] thermal_sys: Registered thermal governor 'user_space'
2024-04-03T16:10:15.459101+02:00 srv-web kernel: [    0.189448] thermal_sys: Registered thermal governor 'power_allocator'
2024-04-03T16:10:15.459103+02:00 srv-web kernel: [    0.189448] cpuidle: using governor ladder
2024-04-03T16:10:15.459103+02:00 srv-web kernel: [    0.189448] cpuidle: using governor menu
2024-04-03T16:10:15.459103+02:00 srv-web kernel: [    0.189961] acpiphp: ACPI Hot Plug PCI Controller Driver version: 0.5
2024-04-03T16:10:15.459104+02:00 srv-web kernel: [    0.189961] PCI: Using configuration type 1 for base access
2024-04-03T16:10:15.459104+02:00 srv-web kernel: [    0.189961] PCI: Using configuration type 1 for extended access
2024-04-03T16:10:15.459104+02:00 srv-web kernel: [    0.193641] kprobes: kprobe jump-optimization is enabled. All kprobes are optimized if possible.
2024-04-03T16:10:15.459104+02:00 srv-web kernel: [    0.199359] HugeTLB: registered 2.00 MiB page size, pre-allocated 0 pages
2024-04-03T16:10:15.459107+02:00 srv-web kernel: [    0.199361] HugeTLB: 28 KiB vmemmap can be freed for a 2.00 MiB page
2024-04-03T16:10:15.459107+02:00 srv-web kernel: [    0.200336] ACPI: Added _OSI(Module Device)
2024-04-03T16:10:15.459107+02:00 srv-web kernel: [    0.200336] ACPI: Added _OSI(Processor Device)
2024-04-03T16:10:15.459107+02:00 srv-web kernel: [    0.200336] ACPI: Added _OSI(3.0 _SCP Extensions)
2024-04-03T16:10:15.459108+02:00 srv-web kernel: [    0.200336] ACPI: Added _OSI(Processor Aggregator Device)
2024-04-03T16:10:15.459108+02:00 srv-web kernel: [    0.200336] ACPI: 2 ACPI AML tables successfully acquired and loaded
2024-04-03T16:10:15.459110+02:00 srv-web kernel: [    0.205659] ACPI: Interpreter enabled
2024-04-03T16:10:15.459110+02:00 srv-web kernel: [    0.205659] ACPI: PM: (supports S0 S5)
2024-04-03T16:10:15.459111+02:00 srv-web kernel: [    0.205659] ACPI: Using IOAPIC for interrupt routing
2024-04-03T16:10:15.459111+02:00 srv-web kernel: [    0.205659] PCI: Using host bridge windows from ACPI; if necessary, use "pci=nocrs" and report a bug
2024-04-03T16:10:15.459111+02:00 srv-web kernel: [    0.205659] PCI: Using E820 reservations for host bridge windows
2024-04-03T16:10:15.459111+02:00 srv-web kernel: [    0.205659] ACPI: Enabled 2 GPEs in block 00 to 07
2024-04-03T16:10:15.459114+02:00 srv-web kernel: [    0.213348] ACPI: PCI Root Bridge [PCI0] (domain 0000 [bus 00-ff])
2024-04-03T16:10:15.459114+02:00 srv-web kernel: [    0.213354] acpi PNP0A03:00: _OSC: OS supports [ExtendedConfig ASPM ClockPM Segments MSI HPX-Type3]
2024-04-03T16:10:15.459114+02:00 srv-web kernel: [    0.214041] acpi PNP0A03:00: _OSC: platform does not support [PCIeCapability LTR]
2024-04-03T16:10:15.459114+02:00 srv-web kernel: [    0.214712] acpi PNP0A03:00: _OSC: not requesting control; platform does not support [PCIeCapability]
2024-04-03T16:10:15.459115+02:00 srv-web kernel: [    0.214715] acpi PNP0A03:00: _OSC: OS requested [PCIeHotplug SHPCHotplug PME AER PCIeCapability LTR]
2024-04-03T16:10:15.459115+02:00 srv-web kernel: [    0.214716] acpi PNP0A03:00: _OSC: platform willing to grant [PCIeHotplug SHPCHotplug PME AER]
2024-04-03T16:10:15.459117+02:00 srv-web kernel: [    0.214718] acpi PNP0A03:00: _OSC: platform retains control of PCIe features (AE_SUPPORT)
2024-04-03T16:10:15.459117+02:00 srv-web kernel: [    0.215209] PCI host bridge to bus 0000:00
2024-04-03T16:10:15.459118+02:00 srv-web kernel: [    0.215211] pci_bus 0000:00: root bus resource [io  0x0000-0x0cf7 window]
2024-04-03T16:10:15.459118+02:00 srv-web kernel: [    0.215214] pci_bus 0000:00: root bus resource [io  0x0d00-0xffff window]
2024-04-03T16:10:15.459118+02:00 srv-web kernel: [    0.215215] pci_bus 0000:00: root bus resource [mem 0x000a0000-0x000bffff window]
2024-04-03T16:10:15.459118+02:00 srv-web kernel: [    0.215217] pci_bus 0000:00: root bus resource [mem 0x80000000-0xfdffffff window]
2024-04-03T16:10:15.459121+02:00 srv-web kernel: [    0.215219] pci_bus 0000:00: root bus resource [bus 00-ff]
2024-04-03T16:10:15.459121+02:00 srv-web kernel: [    0.215745] pci 0000:00:00.0: [8086:1237] type 00 class 0x060000
2024-04-03T16:10:15.459121+02:00 srv-web kernel: [    0.216947] pci 0000:00:01.0: [8086:7000] type 00 class 0x060100
2024-04-03T16:10:15.459121+02:00 srv-web kernel: [    0.218124] pci 0000:00:01.1: [8086:7111] type 00 class 0x01018a
2024-04-03T16:10:15.459122+02:00 srv-web kernel: [    0.218766] pci 0000:00:01.1: reg 0x20: [io  0xd000-0xd00f]
2024-04-03T16:10:15.459122+02:00 srv-web kernel: [    0.219040] pci 0000:00:01.1: legacy IDE quirk: reg 0x10: [io  0x01f0-0x01f7]
2024-04-03T16:10:15.459122+02:00 srv-web kernel: [    0.219042] pci 0000:00:01.1: legacy IDE quirk: reg 0x14: [io  0x03f6]
2024-04-03T16:10:15.459128+02:00 srv-web kernel: [    0.219043] pci 0000:00:01.1: legacy IDE quirk: reg 0x18: [io  0x0170-0x0177]
2024-04-03T16:10:15.459129+02:00 srv-web kernel: [    0.219044] pci 0000:00:01.1: legacy IDE quirk: reg 0x1c: [io  0x0376]
2024-04-03T16:10:15.459129+02:00 srv-web kernel: [    0.219393] pci 0000:00:02.0: [15ad:0405] type 00 class 0x030000
2024-04-03T16:10:15.459129+02:00 srv-web kernel: [    0.220338] pci 0000:00:02.0: reg 0x10: [io  0xd010-0xd01f]
2024-04-03T16:10:15.459129+02:00 srv-web kernel: [    0.224244] pci 0000:00:02.0: reg 0x14: [mem 0xe0000000-0xe7ffffff pref]
2024-04-03T16:10:15.459129+02:00 srv-web kernel: [    0.226463] pci 0000:00:02.0: reg 0x18: [mem 0xf0000000-0xf01fffff]
2024-04-03T16:10:15.459134+02:00 srv-web kernel: [    0.236427] pci 0000:00:02.0: Video device with shadowed ROM at [mem 0x000c0000-0x000dffff]
2024-04-03T16:10:15.459135+02:00 srv-web kernel: [    0.236821] pci 0000:00:03.0: [8086:100e] type 00 class 0x020000
2024-04-03T16:10:15.459135+02:00 srv-web kernel: [    0.237085] pci 0000:00:03.0: reg 0x10: [mem 0xf0200000-0xf021ffff]
2024-04-03T16:10:15.459135+02:00 srv-web kernel: [    0.237366] pci 0000:00:03.0: reg 0x18: [io  0xd020-0xd027]
2024-04-03T16:10:15.459135+02:00 srv-web kernel: [    0.238646] pci 0000:00:04.0: [80ee:cafe] type 00 class 0x088000
2024-04-03T16:10:15.459136+02:00 srv-web kernel: [    0.239394] pci 0000:00:04.0: reg 0x10: [io  0xd040-0xd05f]
2024-04-03T16:10:15.459136+02:00 srv-web kernel: [    0.240520] pci 0000:00:04.0: reg 0x14: [mem 0xf0400000-0xf07fffff]
2024-04-03T16:10:15.459141+02:00 srv-web kernel: [    0.240828] pci 0000:00:04.0: reg 0x18: [mem 0xf0800000-0xf0803fff pref]
2024-04-03T16:10:15.459141+02:00 srv-web kernel: [    0.242318] pci 0000:00:05.0: [8086:2415] type 00 class 0x040100
2024-04-03T16:10:15.459141+02:00 srv-web kernel: [    0.242534] pci 0000:00:05.0: reg 0x10: [io  0xd100-0xd1ff]
2024-04-03T16:10:15.459207+02:00 srv-web kernel: [    0.242651] pci 0000:00:05.0: reg 0x14: [io  0xd200-0xd23f]
2024-04-03T16:10:15.459207+02:00 srv-web kernel: [    0.244410] pci 0000:00:06.0: [106b:003f] type 00 class 0x0c0310
2024-04-03T16:10:15.459208+02:00 srv-web kernel: [    0.244661] pci 0000:00:06.0: reg 0x10: [mem 0xf0804000-0xf0804fff]
2024-04-03T16:10:15.459212+02:00 srv-web kernel: [    0.245925] pci 0000:00:07.0: [8086:7113] type 00 class 0x068000
2024-04-03T16:10:15.459213+02:00 srv-web kernel: [    0.246904] pci 0000:00:07.0: quirk: [io  0x4000-0x403f] claimed by PIIX4 ACPI
2024-04-03T16:10:15.459213+02:00 srv-web kernel: [    0.246924] pci 0000:00:07.0: quirk: [io  0x4100-0x410f] claimed by PIIX4 SMB
2024-04-03T16:10:15.459213+02:00 srv-web kernel: [    0.247475] pci 0000:00:0b.0: [8086:265c] type 00 class 0x0c0320
2024-04-03T16:10:15.459213+02:00 srv-web kernel: [    0.248499] pci 0000:00:0b.0: reg 0x10: [mem 0xf0805000-0xf0805fff]
2024-04-03T16:10:15.459214+02:00 srv-web kernel: [    0.249844] pci 0000:00:0d.0: [8086:2829] type 00 class 0x010601
2024-04-03T16:10:15.459218+02:00 srv-web kernel: [    0.250087] pci 0000:00:0d.0: reg 0x10: [io  0xd240-0xd247]
2024-04-03T16:10:15.459219+02:00 srv-web kernel: [    0.250229] pci 0000:00:0d.0: reg 0x14: [io  0xd248-0xd24b]
2024-04-03T16:10:15.459219+02:00 srv-web kernel: [    0.250368] pci 0000:00:0d.0: reg 0x18: [io  0xd250-0xd257]
2024-04-03T16:10:15.459219+02:00 srv-web kernel: [    0.250507] pci 0000:00:0d.0: reg 0x1c: [io  0xd258-0xd25b]
2024-04-03T16:10:15.459219+02:00 srv-web kernel: [    0.250647] pci 0000:00:0d.0: reg 0x20: [io  0xd260-0xd26f]
2024-04-03T16:10:15.459220+02:00 srv-web kernel: [    0.250786] pci 0000:00:0d.0: reg 0x24: [mem 0xf0806000-0xf0807fff]
2024-04-03T16:10:15.459220+02:00 srv-web kernel: [    0.254201] ACPI: PCI: Interrupt link LNKA configured for IRQ 11
2024-04-03T16:10:15.459227+02:00 srv-web kernel: [    0.254623] ACPI: PCI: Interrupt link LNKB configured for IRQ 10
2024-04-03T16:10:15.459227+02:00 srv-web kernel: [    0.254763] ACPI: PCI: Interrupt link LNKC configured for IRQ 9
2024-04-03T16:10:15.459228+02:00 srv-web kernel: [    0.254901] ACPI: PCI: Interrupt link LNKD configured for IRQ 11
2024-04-03T16:10:15.459228+02:00 srv-web kernel: [    0.256450] iommu: Default domain type: Translated 
2024-04-03T16:10:15.459228+02:00 srv-web kernel: [    0.256453] iommu: DMA domain TLB invalidation policy: lazy mode 
2024-04-03T16:10:15.459228+02:00 srv-web kernel: [    0.256560] EDAC MC: Ver: 3.0.0
2024-04-03T16:10:15.459233+02:00 srv-web kernel: [    0.257365] NetLabel: Initializing
2024-04-03T16:10:15.459233+02:00 srv-web kernel: [    0.257365] NetLabel:  domain hash size = 128
2024-04-03T16:10:15.459234+02:00 srv-web kernel: [    0.257365] NetLabel:  protocols = UNLABELED CIPSOv4 CALIPSO
2024-04-03T16:10:15.459234+02:00 srv-web kernel: [    0.257365] NetLabel:  unlabeled traffic allowed by default
2024-04-03T16:10:15.459234+02:00 srv-web kernel: [    0.257365] PCI: Using ACPI for IRQ routing
2024-04-03T16:10:15.459234+02:00 srv-web kernel: [    0.257365] PCI: pci_cache_line_size set to 64 bytes
2024-04-03T16:10:15.459235+02:00 srv-web kernel: [    0.260571] e820: reserve RAM buffer [mem 0x0009fc00-0x0009ffff]
2024-04-03T16:10:15.459239+02:00 srv-web kernel: [    0.260574] e820: reserve RAM buffer [mem 0x7fff0000-0x7fffffff]
2024-04-03T16:10:15.459240+02:00 srv-web kernel: [    0.260657] pci 0000:00:02.0: vgaarb: setting as boot VGA device
2024-04-03T16:10:15.459240+02:00 srv-web kernel: [    0.260657] pci 0000:00:02.0: vgaarb: bridge control possible
2024-04-03T16:10:15.459240+02:00 srv-web kernel: [    0.260657] pci 0000:00:02.0: vgaarb: VGA device added: decodes=io+mem,owns=io+mem,locks=none
2024-04-03T16:10:15.459240+02:00 srv-web kernel: [    0.260657] vgaarb: loaded
2024-04-03T16:10:15.459241+02:00 srv-web kernel: [    0.260657] clocksource: Switched to clocksource kvm-clock
2024-04-03T16:10:15.459246+02:00 srv-web kernel: [    0.260818] VFS: Disk quotas dquot_6.6.0
2024-04-03T16:10:15.459246+02:00 srv-web kernel: [    0.260832] VFS: Dquot-cache hash table entries: 512 (order 0, 4096 bytes)
2024-04-03T16:10:15.459246+02:00 srv-web kernel: [    0.261027] AppArmor: AppArmor Filesystem Enabled
2024-04-03T16:10:15.459247+02:00 srv-web kernel: [    0.261046] pnp: PnP ACPI init
2024-04-03T16:10:15.459247+02:00 srv-web kernel: [    0.262154] pnp: PnP ACPI: found 2 devices
2024-04-03T16:10:15.459247+02:00 srv-web kernel: [    0.268752] clocksource: acpi_pm: mask: 0xffffff max_cycles: 0xffffff, max_idle_ns: 2085701024 ns
2024-04-03T16:10:15.459252+02:00 srv-web kernel: [    0.268815] NET: Registered PF_INET protocol family
2024-04-03T16:10:15.459252+02:00 srv-web kernel: [    0.268860] IP idents hash table entries: 32768 (order: 6, 262144 bytes, linear)
2024-04-03T16:10:15.459252+02:00 srv-web kernel: [    0.269512] tcp_listen_portaddr_hash hash table entries: 1024 (order: 2, 16384 bytes, linear)
2024-04-03T16:10:15.459253+02:00 srv-web kernel: [    0.269547] Table-perturb hash table entries: 65536 (order: 6, 262144 bytes, linear)
2024-04-03T16:10:15.459253+02:00 srv-web kernel: [    0.269561] TCP established hash table entries: 16384 (order: 5, 131072 bytes, linear)
2024-04-03T16:10:15.459253+02:00 srv-web kernel: [    0.269614] TCP bind hash table entries: 16384 (order: 7, 524288 bytes, linear)
2024-04-03T16:10:15.459253+02:00 srv-web kernel: [    0.269643] TCP: Hash tables configured (established 16384 bind 16384)
2024-04-03T16:10:15.459258+02:00 srv-web kernel: [    0.269695] MPTCP token hash table entries: 2048 (order: 3, 49152 bytes, linear)
2024-04-03T16:10:15.459258+02:00 srv-web kernel: [    0.269708] UDP hash table entries: 1024 (order: 3, 32768 bytes, linear)
2024-04-03T16:10:15.459259+02:00 srv-web kernel: [    0.269716] UDP-Lite hash table entries: 1024 (order: 3, 32768 bytes, linear)
2024-04-03T16:10:15.459259+02:00 srv-web kernel: [    0.269747] NET: Registered PF_UNIX/PF_LOCAL protocol family
2024-04-03T16:10:15.459259+02:00 srv-web kernel: [    0.269758] NET: Registered PF_XDP protocol family
2024-04-03T16:10:15.459259+02:00 srv-web kernel: [    0.269765] pci_bus 0000:00: resource 4 [io  0x0000-0x0cf7 window]
2024-04-03T16:10:15.459264+02:00 srv-web kernel: [    0.269769] pci_bus 0000:00: resource 5 [io  0x0d00-0xffff window]
2024-04-03T16:10:15.459264+02:00 srv-web kernel: [    0.269770] pci_bus 0000:00: resource 6 [mem 0x000a0000-0x000bffff window]
2024-04-03T16:10:15.459265+02:00 srv-web kernel: [    0.269772] pci_bus 0000:00: resource 7 [mem 0x80000000-0xfdffffff window]
2024-04-03T16:10:15.459265+02:00 srv-web kernel: [    0.269825] pci 0000:00:00.0: Limiting direct PCI/PCI transfers
2024-04-03T16:10:15.459265+02:00 srv-web kernel: [    0.274387] PCI: CLS 0 bytes, default 64
2024-04-03T16:10:15.459265+02:00 srv-web kernel: [    0.274451] Trying to unpack rootfs image as initramfs...
2024-04-03T16:10:15.459265+02:00 srv-web kernel: [    0.276651] platform rtc_cmos: registered platform RTC device (no PNP device found)
2024-04-03T16:10:15.459270+02:00 srv-web kernel: [    0.277313] Initialise system trusted keyrings
2024-04-03T16:10:15.459271+02:00 srv-web kernel: [    0.277323] Key type blacklist registered
2024-04-03T16:10:15.459271+02:00 srv-web kernel: [    0.277366] workingset: timestamp_bits=36 max_order=19 bucket_order=0
2024-04-03T16:10:15.459271+02:00 srv-web kernel: [    0.278332] zbud: loaded
2024-04-03T16:10:15.459271+02:00 srv-web kernel: [    0.281270] integrity: Platform Keyring initialized
2024-04-03T16:10:15.459271+02:00 srv-web kernel: [    0.281274] integrity: Machine keyring initialized
2024-04-03T16:10:15.459276+02:00 srv-web kernel: [    0.281276] Key type asymmetric registered
2024-04-03T16:10:15.459277+02:00 srv-web kernel: [    0.281277] Asymmetric key parser 'x509' registered
2024-04-03T16:10:15.459277+02:00 srv-web kernel: [    0.884922] Freeing initrd memory: 55712K
2024-04-03T16:10:15.459277+02:00 srv-web kernel: [    0.901270] alg: self-tests for CTR-KDF (hmac(sha256)) passed
2024-04-03T16:10:15.459277+02:00 srv-web kernel: [    0.901297] Block layer SCSI generic (bsg) driver version 0.4 loaded (major 250)
2024-04-03T16:10:15.459277+02:00 srv-web kernel: [    0.902689] io scheduler mq-deadline registered
2024-04-03T16:10:15.459282+02:00 srv-web kernel: [    0.905712] shpchp: Standard Hot Plug PCI Controller Driver version: 0.4
2024-04-03T16:10:15.459283+02:00 srv-web kernel: [    0.907206] Serial: 8250/16550 driver, 4 ports, IRQ sharing enabled
2024-04-03T16:10:15.459283+02:00 srv-web kernel: [    0.907779] Linux agpgart interface v0.103
2024-04-03T16:10:15.459283+02:00 srv-web kernel: [    0.907899] AMD-Vi: AMD IOMMUv2 functionality not available on this system - This is not a bug.
2024-04-03T16:10:15.459283+02:00 srv-web kernel: [    0.909955] i8042: PNP: PS/2 Controller [PNP0303:PS2K,PNP0f03:PS2M] at 0x60,0x64 irq 1,12
2024-04-03T16:10:15.459284+02:00 srv-web kernel: [    0.911658] serio: i8042 KBD port at 0x60,0x64 irq 1
2024-04-03T16:10:15.459284+02:00 srv-web kernel: [    0.911665] serio: i8042 AUX port at 0x60,0x64 irq 12
2024-04-03T16:10:15.459289+02:00 srv-web kernel: [    0.911794] mousedev: PS/2 mouse device common for all mice
2024-04-03T16:10:15.459289+02:00 srv-web kernel: [    0.914242] rtc_cmos rtc_cmos: registered as rtc0
2024-04-03T16:10:15.459289+02:00 srv-web kernel: [    0.914653] input: AT Translated Set 2 keyboard as /devices/platform/i8042/serio0/input/input0
2024-04-03T16:10:15.459289+02:00 srv-web kernel: [    0.915002] rtc_cmos rtc_cmos: setting system clock to 2024-04-03T14:09:30 UTC (1712153370)
2024-04-03T16:10:15.459290+02:00 srv-web kernel: [    0.915097] rtc_cmos rtc_cmos: alarms up to one day, 114 bytes nvram
2024-04-03T16:10:15.459290+02:00 srv-web kernel: [    0.915360] ledtrig-cpu: registered to indicate activity on CPUs
2024-04-03T16:10:15.459295+02:00 srv-web kernel: [    0.926569] NET: Registered PF_INET6 protocol family
2024-04-03T16:10:15.459295+02:00 srv-web kernel: [    0.936469] Segment Routing with IPv6
2024-04-03T16:10:15.459295+02:00 srv-web kernel: [    0.936490] In-situ OAM (IOAM) with IPv6
2024-04-03T16:10:15.459295+02:00 srv-web kernel: [    0.936512] mip6: Mobile IPv6
2024-04-03T16:10:15.459296+02:00 srv-web kernel: [    0.936516] NET: Registered PF_PACKET protocol family
2024-04-03T16:10:15.459296+02:00 srv-web kernel: [    0.936864] mpls_gso: MPLS GSO support
2024-04-03T16:10:15.459296+02:00 srv-web kernel: [    0.937258] IPI shorthand broadcast: enabled
2024-04-03T16:10:15.459301+02:00 srv-web kernel: [    0.937286] sched_clock: Marking stable (898925874, 38266339)->(949572072, -12379859)
2024-04-03T16:10:15.459301+02:00 srv-web kernel: [    0.937805] registered taskstats version 1
2024-04-03T16:10:15.459301+02:00 srv-web kernel: [    0.937814] Loading compiled-in X.509 certificates
2024-04-03T16:10:15.459302+02:00 srv-web kernel: [    0.951704] Loaded X.509 cert 'Debian Secure Boot CA: 6ccece7e4c6c0d1f6149f3dd27dfcc5cbb419ea1'
2024-04-03T16:10:15.459302+02:00 srv-web kernel: [    0.951723] Loaded X.509 cert 'Debian Secure Boot Signer 2022 - linux: 14011249c2675ea8e5148542202005810584b25f'
2024-04-03T16:10:15.459302+02:00 srv-web kernel: [    0.952439] zswap: loaded using pool lzo/zbud
2024-04-03T16:10:15.459307+02:00 srv-web kernel: [    0.953338] Key type .fscrypt registered
2024-04-03T16:10:15.459307+02:00 srv-web kernel: [    0.953340] Key type fscrypt-provisioning registered
2024-04-03T16:10:15.459307+02:00 srv-web kernel: [    0.960838] Key type encrypted registered
2024-04-03T16:10:15.459308+02:00 srv-web kernel: [    0.960853] AppArmor: AppArmor sha1 policy hashing enabled
2024-04-03T16:10:15.459308+02:00 srv-web kernel: [    0.960866] ima: No TPM chip found, activating TPM-bypass!
2024-04-03T16:10:15.459308+02:00 srv-web kernel: [    0.960870] ima: Allocated hash algorithm: sha256
2024-04-03T16:10:15.459313+02:00 srv-web kernel: [    0.960878] ima: No architecture policies found
2024-04-03T16:10:15.459313+02:00 srv-web kernel: [    0.960892] evm: Initialising EVM extended attributes:
2024-04-03T16:10:15.459313+02:00 srv-web kernel: [    0.960893] evm: security.selinux
2024-04-03T16:10:15.459314+02:00 srv-web kernel: [    0.960894] evm: security.SMACK64 (disabled)
2024-04-03T16:10:15.459314+02:00 srv-web kernel: [    0.960895] evm: security.SMACK64EXEC (disabled)
2024-04-03T16:10:15.459314+02:00 srv-web kernel: [    0.960896] evm: security.SMACK64TRANSMUTE (disabled)
2024-04-03T16:10:15.459314+02:00 srv-web kernel: [    0.960897] evm: security.SMACK64MMAP (disabled)
2024-04-03T16:10:15.459321+02:00 srv-web kernel: [    0.960898] evm: security.apparmor
2024-04-03T16:10:15.459322+02:00 srv-web kernel: [    0.960898] evm: security.ima
2024-04-03T16:10:15.459322+02:00 srv-web kernel: [    0.960899] evm: security.capability
2024-04-03T16:10:15.459322+02:00 srv-web kernel: [    0.960900] evm: HMAC attrs: 0x1
2024-04-03T16:10:15.459322+02:00 srv-web kernel: [    1.032284] Freeing unused decrypted memory: 2036K
2024-04-03T16:10:15.459323+02:00 srv-web kernel: [    1.032938] Freeing unused kernel image (initmem) memory: 2768K
2024-04-03T16:10:15.459327+02:00 srv-web kernel: [    1.054764] Write protecting the kernel read-only data: 26624k
2024-04-03T16:10:15.459328+02:00 srv-web kernel: [    1.056437] Freeing unused kernel image (text/rodata gap) memory: 2040K
2024-04-03T16:10:15.459328+02:00 srv-web kernel: [    1.057037] Freeing unused kernel image (rodata/data gap) memory: 1500K
2024-04-03T16:10:15.459328+02:00 srv-web kernel: [    1.104132] x86/mm: Checked W+X mappings: passed, no W+X pages found.
2024-04-03T16:10:15.459328+02:00 srv-web kernel: [    1.104139] Run /init as init process
2024-04-03T16:10:15.459387+02:00 srv-web kernel: [    1.104141]   with arguments:
2024-04-03T16:10:15.459392+02:00 srv-web kernel: [    1.104143]     /init
2024-04-03T16:10:15.459393+02:00 srv-web kernel: [    1.104144]   with environment:
2024-04-03T16:10:15.459393+02:00 srv-web kernel: [    1.104145]     HOME=/
2024-04-03T16:10:15.459393+02:00 srv-web kernel: [    1.104146]     TERM=linux
2024-04-03T16:10:15.459393+02:00 srv-web kernel: [    1.104147]     BOOT_IMAGE=/boot/vmlinuz-6.1.0-11-amd64
2024-04-03T16:10:15.459394+02:00 srv-web kernel: [    1.204717] input: Power Button as /devices/LNXSYSTM:00/LNXPWRBN:00/input/input2
2024-04-03T16:10:15.459394+02:00 srv-web kernel: [    1.209421] ACPI: video: Video Device [GFX0] (multi-head: yes  rom: no  post: no)
2024-04-03T16:10:15.459399+02:00 srv-web kernel: [    1.209500] input: Video Bus as /devices/LNXSYSTM:00/LNXSYBUS:00/PNP0A03:00/LNXVIDEO:00/input/input3
2024-04-03T16:10:15.459399+02:00 srv-web kernel: [    1.213550] ACPI: battery: Slot [BAT0] (battery present)
2024-04-03T16:10:15.459399+02:00 srv-web kernel: [    1.222335] ACPI: button: Power Button [PWRF]
2024-04-03T16:10:15.459399+02:00 srv-web kernel: [    1.222442] input: Sleep Button as /devices/LNXSYSTM:00/LNXSLPBN:00/input/input4
2024-04-03T16:10:15.459400+02:00 srv-web kernel: [    1.222473] ACPI: button: Sleep Button [SLPF]
2024-04-03T16:10:15.459400+02:00 srv-web kernel: [    1.226633] e1000: Intel(R) PRO/1000 Network Driver
2024-04-03T16:10:15.459405+02:00 srv-web kernel: [    1.226635] e1000: Copyright (c) 1999-2006 Intel Corporation.
2024-04-03T16:10:15.459405+02:00 srv-web kernel: [    1.229361] piix4_smbus 0000:00:07.0: SMBus Host Controller at 0x4100, revision 0
2024-04-03T16:10:15.459405+02:00 srv-web kernel: [    1.241731] SCSI subsystem initialized
2024-04-03T16:10:15.459405+02:00 srv-web kernel: [    1.278389] ACPI: bus type USB registered
2024-04-03T16:10:15.459406+02:00 srv-web kernel: [    1.278414] usbcore: registered new interface driver usbfs
2024-04-03T16:10:15.459406+02:00 srv-web kernel: [    1.278424] usbcore: registered new interface driver hub
2024-04-03T16:10:15.459409+02:00 srv-web kernel: [    1.278434] usbcore: registered new device driver usb
2024-04-03T16:10:15.459411+02:00 srv-web kernel: [    1.286844] ehci-pci 0000:00:0b.0: EHCI Host Controller
2024-04-03T16:10:15.459411+02:00 srv-web kernel: [    1.286852] ehci-pci 0000:00:0b.0: new USB bus registered, assigned bus number 1
2024-04-03T16:10:15.459412+02:00 srv-web kernel: [    1.287515] ehci-pci 0000:00:0b.0: irq 19, io mem 0xf0805000
2024-04-03T16:10:15.459412+02:00 srv-web kernel: [    1.294279] ACPI: bus type drm_connector registered
2024-04-03T16:10:15.459412+02:00 srv-web kernel: [    1.302568] ehci-pci 0000:00:0b.0: USB 2.0 started, EHCI 1.00
2024-04-03T16:10:15.459412+02:00 srv-web kernel: [    1.302646] usb usb1: New USB device found, idVendor=1d6b, idProduct=0002, bcdDevice= 6.01
2024-04-03T16:10:15.459417+02:00 srv-web kernel: [    1.302649] usb usb1: New USB device strings: Mfr=3, Product=2, SerialNumber=1
2024-04-03T16:10:15.459418+02:00 srv-web kernel: [    1.302650] usb usb1: Product: EHCI Host Controller
2024-04-03T16:10:15.459418+02:00 srv-web kernel: [    1.302652] usb usb1: Manufacturer: Linux 6.1.0-11-amd64 ehci_hcd
2024-04-03T16:10:15.459418+02:00 srv-web kernel: [    1.302653] usb usb1: SerialNumber: 0000:00:0b.0
2024-04-03T16:10:15.459418+02:00 srv-web kernel: [    1.313769] hub 1-0:1.0: USB hub found
2024-04-03T16:10:15.459419+02:00 srv-web kernel: [    1.313779] hub 1-0:1.0: 12 ports detected
2024-04-03T16:10:15.459423+02:00 srv-web kernel: [    1.321436] ohci-pci 0000:00:06.0: OHCI PCI host controller
2024-04-03T16:10:15.459424+02:00 srv-web kernel: [    1.321442] ohci-pci 0000:00:06.0: new USB bus registered, assigned bus number 2
2024-04-03T16:10:15.459424+02:00 srv-web kernel: [    1.321717] ohci-pci 0000:00:06.0: irq 22, io mem 0xf0804000
2024-04-03T16:10:15.459424+02:00 srv-web kernel: [    1.328824] libata version 3.00 loaded.
2024-04-03T16:10:15.459425+02:00 srv-web kernel: [    1.333811] ahci 0000:00:0d.0: version 3.0
2024-04-03T16:10:15.459425+02:00 srv-web kernel: [    1.334945] ahci 0000:00:0d.0: SSS flag set, parallel bus scan disabled
2024-04-03T16:10:15.459425+02:00 srv-web kernel: [    1.335427] ahci 0000:00:0d.0: AHCI 0001.0100 32 slots 1 ports 3 Gbps 0x1 impl SATA mode
2024-04-03T16:10:15.459430+02:00 srv-web kernel: [    1.335431] ahci 0000:00:0d.0: flags: 64bit ncq stag only ccc 
2024-04-03T16:10:15.459430+02:00 srv-web kernel: [    1.345974] scsi host0: ahci
2024-04-03T16:10:15.459430+02:00 srv-web kernel: [    1.346092] ata1: SATA max UDMA/133 abar m8192@0xf0806000 port 0xf0806100 irq 21
2024-04-03T16:10:15.459431+02:00 srv-web kernel: [    1.347941] ata_piix 0000:00:01.1: version 2.13
2024-04-03T16:10:15.459431+02:00 srv-web kernel: [    1.357064] vmwgfx 0000:00:02.0: vgaarb: deactivate vga console
2024-04-03T16:10:15.459431+02:00 srv-web kernel: [    1.357511] Console: switching to colour dummy device 80x25
2024-04-03T16:10:15.459436+02:00 srv-web kernel: [    1.358827] vmwgfx 0000:00:02.0: [drm] FIFO at 0x00000000f0000000 size is 2048 kiB
2024-04-03T16:10:15.459436+02:00 srv-web kernel: [    1.358890] vmwgfx 0000:00:02.0: [drm] VRAM at 0x00000000e0000000 size is 131072 kiB
2024-04-03T16:10:15.459436+02:00 srv-web kernel: [    1.358937] vmwgfx 0000:00:02.0: [drm] Running on SVGA version 2.
2024-04-03T16:10:15.459437+02:00 srv-web kernel: [    1.358957] vmwgfx 0000:00:02.0: [drm] Capabilities: rect copy, cursor, cursor bypass, cursor bypass 2, alpha cursor, extended fifo, pitchlock, irq mask, gmr, traces, gmr2, screen object 2, command buffers, 
2024-04-03T16:10:15.459437+02:00 srv-web kernel: [    1.358959] vmwgfx 0000:00:02.0: [drm] DMA map mode: Caching DMA mappings.
2024-04-03T16:10:15.459437+02:00 srv-web kernel: [    1.359108] vmwgfx 0000:00:02.0: [drm] Legacy memory limits: VRAM = 131072 kB, FIFO = 2048 kB, surface = 393216 kB
2024-04-03T16:10:15.459442+02:00 srv-web kernel: [    1.359110] vmwgfx 0000:00:02.0: [drm] MOB limits: max mob size = 0 kB, max mob pages = 0
2024-04-03T16:10:15.459442+02:00 srv-web kernel: [    1.359112] vmwgfx 0000:00:02.0: [drm] Max GMR ids is 8192
2024-04-03T16:10:15.459443+02:00 srv-web kernel: [    1.359113] vmwgfx 0000:00:02.0: [drm] Max number of GMR pages is 1048576
2024-04-03T16:10:15.459443+02:00 srv-web kernel: [    1.359114] vmwgfx 0000:00:02.0: [drm] Maximum display memory size is 131072 kiB
2024-04-03T16:10:15.459443+02:00 srv-web kernel: [    1.359606] vmwgfx 0000:00:02.0: [drm] Screen Object display unit initialized
2024-04-03T16:10:15.459443+02:00 srv-web kernel: [    1.359858] vmwgfx 0000:00:02.0: [drm] Fifo max 0x00200000 min 0x00001000 cap 0x00000355
2024-04-03T16:10:15.459449+02:00 srv-web kernel: [    1.360005] vmwgfx 0000:00:02.0: [drm] Using command buffers with DMA pool.
2024-04-03T16:10:15.459449+02:00 srv-web kernel: [    1.360013] vmwgfx 0000:00:02.0: [drm] Available shader model: Legacy.
2024-04-03T16:10:15.459449+02:00 srv-web kernel: [    1.360026] [drm:vmw_host_printf [vmwgfx]] *ERROR* Failed to send host log message.
2024-04-03T16:10:15.459449+02:00 srv-web kernel: [    1.361981] scsi host1: ata_piix
2024-04-03T16:10:15.459450+02:00 srv-web kernel: [    1.362312] fbcon: svgadrmfb (fb0) is primary device
2024-04-03T16:10:15.459450+02:00 srv-web kernel: [    1.410587] Console: switching to colour frame buffer device 100x37
2024-04-03T16:10:15.459450+02:00 srv-web kernel: [    1.413080] usb usb2: New USB device found, idVendor=1d6b, idProduct=0001, bcdDevice= 6.01
2024-04-03T16:10:15.459455+02:00 srv-web kernel: [    1.413084] usb usb2: New USB device strings: Mfr=3, Product=2, SerialNumber=1
2024-04-03T16:10:15.459455+02:00 srv-web kernel: [    1.413086] usb usb2: Product: OHCI PCI host controller
2024-04-03T16:10:15.459455+02:00 srv-web kernel: [    1.413088] usb usb2: Manufacturer: Linux 6.1.0-11-amd64 ohci_hcd
2024-04-03T16:10:15.459456+02:00 srv-web kernel: [    1.413089] usb usb2: SerialNumber: 0000:00:06.0
2024-04-03T16:10:15.459456+02:00 srv-web kernel: [    1.413424] hub 2-0:1.0: USB hub found
2024-04-03T16:10:15.459456+02:00 srv-web kernel: [    1.413558] hub 2-0:1.0: 12 ports detected
2024-04-03T16:10:15.459461+02:00 srv-web kernel: [    1.416445] [drm] Initialized vmwgfx 2.20.0 20211206 for 0000:00:02.0 on minor 0
2024-04-03T16:10:15.459461+02:00 srv-web kernel: [    1.416781] scsi host2: ata_piix
2024-04-03T16:10:15.459461+02:00 srv-web kernel: [    1.416846] ata2: PATA max UDMA/33 cmd 0x1f0 ctl 0x3f6 bmdma 0xd000 irq 14
2024-04-03T16:10:15.459462+02:00 srv-web kernel: [    1.416848] ata3: PATA max UDMA/33 cmd 0x170 ctl 0x376 bmdma 0xd008 irq 15
2024-04-03T16:10:15.459462+02:00 srv-web kernel: [    1.516866] input: ImExPS/2 Generic Explorer Mouse as /devices/platform/i8042/serio1/input/input5
2024-04-03T16:10:15.459462+02:00 srv-web kernel: [    1.597692] ata3.00: ATAPI: VBOX CD-ROM, 1.0, max UDMA/133
2024-04-03T16:10:15.459462+02:00 srv-web kernel: [    1.672365] ata1: SATA link up 3.0 Gbps (SStatus 123 SControl 300)
2024-04-03T16:10:15.459467+02:00 srv-web kernel: [    1.672813] ata1.00: ATA-6: VBOX HARDDISK, 1.0, max UDMA/133
2024-04-03T16:10:15.459467+02:00 srv-web kernel: [    1.672817] ata1.00: 314572800 sectors, multi 128: LBA48 NCQ (depth 32)
2024-04-03T16:10:15.459468+02:00 srv-web kernel: [    1.673272] ata1.00: configured for UDMA/133
2024-04-03T16:10:15.459468+02:00 srv-web kernel: [    1.673408] scsi 0:0:0:0: Direct-Access     ATA      VBOX HARDDISK    1.0  PQ: 0 ANSI: 5
2024-04-03T16:10:15.459468+02:00 srv-web kernel: [    1.674557] scsi 2:0:0:0: CD-ROM            VBOX     CD-ROM           1.0  PQ: 0 ANSI: 5
2024-04-03T16:10:15.459468+02:00 srv-web kernel: [    1.706637] sr 2:0:0:0: [sr0] scsi3-mmc drive: 32x/32x xa/form2 tray
2024-04-03T16:10:15.459476+02:00 srv-web kernel: [    1.706640] cdrom: Uniform CD-ROM driver Revision: 3.20
2024-04-03T16:10:15.459476+02:00 srv-web kernel: [    1.708606] sd 0:0:0:0: [sda] 314572800 512-byte logical blocks: (161 GB/150 GiB)
2024-04-03T16:10:15.459476+02:00 srv-web kernel: [    1.708617] sd 0:0:0:0: [sda] Write Protect is off
2024-04-03T16:10:15.459476+02:00 srv-web kernel: [    1.708619] sd 0:0:0:0: [sda] Mode Sense: 00 3a 00 00
2024-04-03T16:10:15.459477+02:00 srv-web kernel: [    1.708633] sd 0:0:0:0: [sda] Write cache: enabled, read cache: enabled, doesn't support DPO or FUA
2024-04-03T16:10:15.459477+02:00 srv-web kernel: [    1.708654] sd 0:0:0:0: [sda] Preferred minimum I/O size 512 bytes
2024-04-03T16:10:15.459482+02:00 srv-web kernel: [    1.711954] sr 2:0:0:0: Attached scsi CD-ROM sr0
2024-04-03T16:10:15.459482+02:00 srv-web kernel: [    1.712933]  sda: sda1 sda2 < sda5 >
2024-04-03T16:10:15.459482+02:00 srv-web kernel: [    1.713085] sd 0:0:0:0: [sda] Attached SCSI disk
2024-04-03T16:10:15.459482+02:00 srv-web kernel: [    1.784545] e1000 0000:00:03.0 eth0: (PCI:33MHz:32-bit) 08:00:27:17:7c:37
2024-04-03T16:10:15.459483+02:00 srv-web kernel: [    1.784552] e1000 0000:00:03.0 eth0: Intel(R) PRO/1000 Network Connection
2024-04-03T16:10:15.459483+02:00 srv-web kernel: [    1.785838] e1000 0000:00:03.0 enp0s3: renamed from eth0
2024-04-03T16:10:15.459483+02:00 srv-web kernel: [    1.790391] usb 2-1: new full-speed USB device number 2 using ohci-pci
2024-04-03T16:10:15.459488+02:00 srv-web kernel: [    2.111650] usb 2-1: New USB device found, idVendor=80ee, idProduct=0021, bcdDevice= 1.00
2024-04-03T16:10:15.459488+02:00 srv-web kernel: [    2.111657] usb 2-1: New USB device strings: Mfr=1, Product=3, SerialNumber=0
2024-04-03T16:10:15.459488+02:00 srv-web kernel: [    2.111660] usb 2-1: Product: USB Tablet
2024-04-03T16:10:15.459489+02:00 srv-web kernel: [    2.111663] usb 2-1: Manufacturer: VirtualBox
2024-04-03T16:10:15.459489+02:00 srv-web kernel: [    2.125123] hid: raw HID events driver (C) Jiri Kosina
2024-04-03T16:10:15.459489+02:00 srv-web kernel: [    2.139186] usbcore: registered new interface driver usbhid
2024-04-03T16:10:15.459494+02:00 srv-web kernel: [    2.139190] usbhid: USB HID core driver
2024-04-03T16:10:15.459494+02:00 srv-web kernel: [    2.141421] input: VirtualBox USB Tablet as /devices/pci0000:00/0000:00:06.0/usb2/2-1/2-1:1.0/0003:80EE:0021.0001/input/input6
2024-04-03T16:10:15.459495+02:00 srv-web kernel: [    2.141486] hid-generic 0003:80EE:0021.0001: input,hidraw0: USB HID v1.10 Mouse [VirtualBox USB Tablet] on usb-0000:00:06.0-1/input0
2024-04-03T16:10:15.459495+02:00 srv-web kernel: [    2.217949] PM: Image not found (code -22)
2024-04-03T16:10:15.459495+02:00 srv-web kernel: [    2.669656] EXT4-fs (sda1): mounted filesystem with ordered data mode. Quota mode: none.
2024-04-03T16:10:15.459495+02:00 srv-web kernel: [    2.751064] Not activating Mandatory Access Control as /sbin/tomoyo-init does not exist.
2024-04-03T16:10:15.459546+02:00 srv-web kernel: [    3.260905] loop: module loaded
2024-04-03T16:10:15.459547+02:00 srv-web kernel: [    3.275590] fuse: init (API version 7.37)
2024-04-03T16:10:15.459547+02:00 srv-web kernel: [    3.295751] device-mapper: core: CONFIG_IMA_DISABLE_HTABLE is disabled. Duplicate IMA measurements will not be recorded in the IMA log.
2024-04-03T16:10:15.459548+02:00 srv-web kernel: [    3.295785] device-mapper: uevent: version 1.0.3
2024-04-03T16:10:15.459548+02:00 srv-web kernel: [    3.295851] device-mapper: ioctl: 4.47.0-ioctl (2022-07-28) initialised: dm-devel@redhat.com
2024-04-03T16:10:15.459548+02:00 srv-web kernel: [    3.297779] EXT4-fs (sda1): re-mounted. Quota mode: none.
2024-04-03T16:10:15.459553+02:00 srv-web kernel: [    3.314349] lp: driver loaded but no devices found
2024-04-03T16:10:15.459553+02:00 srv-web kernel: [    3.334557] ppdev: user-space parallel port driver
2024-04-03T16:10:15.459572+02:00 srv-web kernel: [    3.592071] audit: type=1400 audit(1712153373.172:2): apparmor="STATUS" operation="profile_load" profile="unconfined" name="lsb_release" pid=276 comm="apparmor_parser"
2024-04-03T16:10:15.459572+02:00 srv-web kernel: [    3.595971] audit: type=1400 audit(1712153373.176:3): apparmor="STATUS" operation="profile_load" profile="unconfined" name="nvidia_modprobe" pid=277 comm="apparmor_parser"
2024-04-03T16:10:15.459573+02:00 srv-web kernel: [    3.595975] audit: type=1400 audit(1712153373.176:4): apparmor="STATUS" operation="profile_load" profile="unconfined" name="nvidia_modprobe//kmod" pid=277 comm="apparmor_parser"
2024-04-03T16:10:15.459573+02:00 srv-web kernel: [    3.615024] audit: type=1400 audit(1712153373.196:5): apparmor="STATUS" operation="profile_load" profile="unconfined" name="/usr/lib/NetworkManager/nm-dhcp-client.action" pid=280 comm="apparmor_parser"
2024-04-03T16:10:15.459578+02:00 srv-web kernel: [    3.615030] audit: type=1400 audit(1712153373.196:6): apparmor="STATUS" operation="profile_load" profile="unconfined" name="/usr/lib/NetworkManager/nm-dhcp-helper" pid=280 comm="apparmor_parser"
2024-04-03T16:10:15.459578+02:00 srv-web kernel: [    3.615033] audit: type=1400 audit(1712153373.196:7): apparmor="STATUS" operation="profile_load" profile="unconfined" name="/usr/lib/connman/scripts/dhclient-script" pid=280 comm="apparmor_parser"
2024-04-03T16:10:15.459579+02:00 srv-web kernel: [    3.615035] audit: type=1400 audit(1712153373.196:8): apparmor="STATUS" operation="profile_load" profile="unconfined" name="/{,usr/}sbin/dhclient" pid=280 comm="apparmor_parser"
2024-04-03T16:10:15.459579+02:00 srv-web kernel: [    3.625979] audit: type=1400 audit(1712153373.204:9): apparmor="STATUS" operation="profile_load" profile="unconfined" name="/usr/bin/man" pid=282 comm="apparmor_parser"
2024-04-03T16:10:15.459584+02:00 srv-web kernel: [    3.625983] audit: type=1400 audit(1712153373.204:10): apparmor="STATUS" operation="profile_load" profile="unconfined" name="man_filter" pid=282 comm="apparmor_parser"
2024-04-03T16:10:15.459584+02:00 srv-web kernel: [    3.791777] sd 0:0:0:0: Attached scsi generic sg0 type 0
2024-04-03T16:10:15.459584+02:00 srv-web kernel: [    3.791817] sr 2:0:0:0: Attached scsi generic sg1 type 5
2024-04-03T16:10:15.459585+02:00 srv-web kernel: [    3.972608] Adding 998396k swap on /dev/sda5.  Priority:-2 extents:1 across:998396k FS
2024-04-03T16:10:15.459585+02:00 srv-web kernel: [    3.985831] ACPI: AC: AC Adapter [AC] (on-line)
2024-04-03T16:10:15.459585+02:00 srv-web kernel: [    4.013112] vboxguest: host-version: 7.0.12r159484 0x8000000f
2024-04-03T16:10:15.459590+02:00 srv-web kernel: [    4.014419] vbg_heartbeat_init: Setting up heartbeat to trigger every 2000 milliseconds
2024-04-03T16:10:15.459590+02:00 srv-web kernel: [    4.019397] input: VirtualBox mouse integration as /devices/pci0000:00/0000:00:04.0/input/input7
2024-04-03T16:10:15.459591+02:00 srv-web kernel: [    4.019519] input: PC Speaker as /devices/platform/pcspkr/input/input8
2024-04-03T16:10:15.459591+02:00 srv-web kernel: [    4.027020] cryptd: max_cpu_qlen set to 1000
2024-04-03T16:10:15.459591+02:00 srv-web kernel: [    4.056175] SSE version of gcm_enc/dec engaged.
2024-04-03T16:10:15.459591+02:00 srv-web kernel: [    4.206205] intel_rapl_common: Found RAPL domain package
2024-04-03T16:10:15.459591+02:00 srv-web kernel: [    4.206229] intel_rapl_common: Found RAPL domain core
2024-04-03T16:10:15.459596+02:00 srv-web kernel: [    4.412781] snd_intel8x0 0000:00:05.0: allow list rate for 1028:0177 is 48000
2024-04-03T16:10:15.459597+02:00 srv-web kernel: [    5.042266] NET: Registered PF_QIPCRTR protocol family
2024-04-03T16:10:15.459597+02:00 srv-web kernel: [    5.226597] kauditd_printk_skb: 15 callbacks suppressed
2024-04-03T16:10:15.459597+02:00 srv-web kernel: [    5.226600] audit: type=1400 audit(1712153374.808:26): apparmor="DENIED" operation="capable" profile="/usr/sbin/cupsd" pid=566 comm="cupsd" capability=12  capname="net_admin"
2024-04-03T16:10:15.459597+02:00 srv-web kernel: [    5.433679] e1000: enp0s3 NIC Link is Up 1000 Mbps Full Duplex, Flow Control: RX
2024-04-03T16:10:15.459597+02:00 srv-web kernel: [    5.462592] IPv6: ADDRCONF(NETDEV_CHANGE): enp0s3: link becomes ready
2024-04-03T16:10:15.459602+02:00 srv-web kernel: [    9.503471] rfkill: input handler disabled
2024-04-03T16:10:15.459603+02:00 srv-web kernel: [   24.363392] rfkill: input handler enabled
2024-04-03T16:10:15.459603+02:00 srv-web kernel: [   26.551763] rfkill: input handler disabled
2024-04-03T16:11:20.940860+02:00 srv-web kernel: [    0.000000] Linux version 6.1.0-11-amd64 (debian-kernel@lists.debian.org) (gcc-12 (Debian 12.2.0-14) 12.2.0, GNU ld (GNU Binutils for Debian) 2.40) #1 SMP PREEMPT_DYNAMIC Debian 6.1.38-4 (2023-08-08)
2024-04-03T16:11:20.941737+02:00 srv-web kernel: [    0.000000] Command line: BOOT_IMAGE=/boot/vmlinuz-6.1.0-11-amd64 root=UUID=bb78ad9e-2fe1-4525-be1d-d2b48126aa04 ro quiet
2024-04-03T16:11:20.941740+02:00 srv-web kernel: [    0.000000] [Firmware Bug]: TSC doesn't count with P0 frequency!
2024-04-03T16:11:20.941740+02:00 srv-web kernel: [    0.000000] BIOS-provided physical RAM map:
2024-04-03T16:11:20.941740+02:00 srv-web kernel: [    0.000000] BIOS-e820: [mem 0x0000000000000000-0x000000000009fbff] usable
2024-04-03T16:11:20.941741+02:00 srv-web kernel: [    0.000000] BIOS-e820: [mem 0x000000000009fc00-0x000000000009ffff] reserved
2024-04-03T16:11:20.941741+02:00 srv-web kernel: [    0.000000] BIOS-e820: [mem 0x00000000000f0000-0x00000000000fffff] reserved
2024-04-03T16:11:20.941756+02:00 srv-web kernel: [    0.000000] BIOS-e820: [mem 0x0000000000100000-0x000000007ffeffff] usable
2024-04-03T16:11:20.941757+02:00 srv-web kernel: [    0.000000] BIOS-e820: [mem 0x000000007fff0000-0x000000007fffffff] ACPI data
2024-04-03T16:11:20.941757+02:00 srv-web kernel: [    0.000000] BIOS-e820: [mem 0x00000000fec00000-0x00000000fec00fff] reserved
2024-04-03T16:11:20.941757+02:00 srv-web kernel: [    0.000000] BIOS-e820: [mem 0x00000000fee00000-0x00000000fee00fff] reserved
2024-04-03T16:11:20.941757+02:00 srv-web kernel: [    0.000000] BIOS-e820: [mem 0x00000000fffc0000-0x00000000ffffffff] reserved
2024-04-03T16:11:20.941758+02:00 srv-web kernel: [    0.000000] NX (Execute Disable) protection: active
2024-04-03T16:11:20.941770+02:00 srv-web kernel: [    0.000000] SMBIOS 2.5 present.
2024-04-03T16:11:20.941771+02:00 srv-web kernel: [    0.000000] DMI: innotek GmbH VirtualBox/VirtualBox, BIOS VirtualBox 12/01/2006
2024-04-03T16:11:20.941772+02:00 srv-web kernel: [    0.000000] Hypervisor detected: KVM
2024-04-03T16:11:20.941772+02:00 srv-web kernel: [    0.000000] kvm-clock: Using msrs 4b564d01 and 4b564d00
2024-04-03T16:11:20.941772+02:00 srv-web kernel: [    0.000001] kvm-clock: using sched offset of 11113975884 cycles
2024-04-03T16:11:20.941772+02:00 srv-web kernel: [    0.000003] clocksource: kvm-clock: mask: 0xffffffffffffffff max_cycles: 0x1cd42e4dffb, max_idle_ns: 881590591483 ns
2024-04-03T16:11:20.941981+02:00 srv-web kernel: [    0.000006] tsc: Detected 3293.722 MHz processor
2024-04-03T16:11:20.941983+02:00 srv-web kernel: [    0.001458] e820: update [mem 0x00000000-0x00000fff] usable ==> reserved
2024-04-03T16:11:20.941983+02:00 srv-web kernel: [    0.001461] e820: remove [mem 0x000a0000-0x000fffff] usable
2024-04-03T16:11:20.941984+02:00 srv-web kernel: [    0.001464] last_pfn = 0x7fff0 max_arch_pfn = 0x400000000
2024-04-03T16:11:20.941984+02:00 srv-web kernel: [    0.001515] Disabled
2024-04-03T16:11:20.941984+02:00 srv-web kernel: [    0.001515] x86/PAT: MTRRs disabled, skipping PAT initialization too.
2024-04-03T16:11:20.941984+02:00 srv-web kernel: [    0.001523] CPU MTRRs all blank - virtualized system.
2024-04-03T16:11:20.942002+02:00 srv-web kernel: [    0.001525] x86/PAT: Configuration [0-7]: WB  WT  UC- UC  WB  WT  UC- UC  
2024-04-03T16:11:20.942003+02:00 srv-web kernel: [    0.001546] found SMP MP-table at [mem 0x0009fff0-0x0009ffff]
2024-04-03T16:11:20.942004+02:00 srv-web kernel: [    0.001714] RAMDISK: [mem 0x3131f000-0x34986fff]
2024-04-03T16:11:20.942004+02:00 srv-web kernel: [    0.001719] ACPI: Early table checksum verification disabled
2024-04-03T16:11:20.942004+02:00 srv-web kernel: [    0.001722] ACPI: RSDP 0x00000000000E0000 000024 (v02 VBOX  )
2024-04-03T16:11:20.942004+02:00 srv-web kernel: [    0.001725] ACPI: XSDT 0x000000007FFF0030 00003C (v01 VBOX   VBOXXSDT 00000001 ASL  00000061)
2024-04-03T16:11:20.942017+02:00 srv-web kernel: [    0.001729] ACPI: FACP 0x000000007FFF00F0 0000F4 (v04 VBOX   VBOXFACP 00000001 ASL  00000061)
2024-04-03T16:11:20.942018+02:00 srv-web kernel: [    0.001732] ACPI: DSDT 0x000000007FFF0610 002353 (v02 VBOX   VBOXBIOS 00000002 INTL 20100528)
2024-04-03T16:11:20.942018+02:00 srv-web kernel: [    0.001734] ACPI: FACS 0x000000007FFF0200 000040
2024-04-03T16:11:20.942018+02:00 srv-web kernel: [    0.001736] ACPI: FACS 0x000000007FFF0200 000040
2024-04-03T16:11:20.942019+02:00 srv-web kernel: [    0.001737] ACPI: APIC 0x000000007FFF0240 00005C (v02 VBOX   VBOXAPIC 00000001 ASL  00000061)
2024-04-03T16:11:20.942019+02:00 srv-web kernel: [    0.001739] ACPI: SSDT 0x000000007FFF02A0 00036C (v01 VBOX   VBOXCPUT 00000002 INTL 20100528)
2024-04-03T16:11:20.942031+02:00 srv-web kernel: [    0.001740] ACPI: Reserving FACP table memory at [mem 0x7fff00f0-0x7fff01e3]
2024-04-03T16:11:20.942032+02:00 srv-web kernel: [    0.001741] ACPI: Reserving DSDT table memory at [mem 0x7fff0610-0x7fff2962]
2024-04-03T16:11:20.942032+02:00 srv-web kernel: [    0.001742] ACPI: Reserving FACS table memory at [mem 0x7fff0200-0x7fff023f]
2024-04-03T16:11:20.942032+02:00 srv-web kernel: [    0.001742] ACPI: Reserving FACS table memory at [mem 0x7fff0200-0x7fff023f]
2024-04-03T16:11:20.942032+02:00 srv-web kernel: [    0.001743] ACPI: Reserving APIC table memory at [mem 0x7fff0240-0x7fff029b]
2024-04-03T16:11:20.942033+02:00 srv-web kernel: [    0.001743] ACPI: Reserving SSDT table memory at [mem 0x7fff02a0-0x7fff060b]
2024-04-03T16:11:20.942033+02:00 srv-web kernel: [    0.002328] No NUMA configuration found
2024-04-03T16:11:20.942045+02:00 srv-web kernel: [    0.002330] Faking a node at [mem 0x0000000000000000-0x000000007ffeffff]
2024-04-03T16:11:20.942046+02:00 srv-web kernel: [    0.002335] NODE_DATA(0) allocated [mem 0x7ffc5000-0x7ffeffff]
2024-04-03T16:11:20.942046+02:00 srv-web kernel: [    0.002490] Zone ranges:
2024-04-03T16:11:20.942046+02:00 srv-web kernel: [    0.002491]   DMA      [mem 0x0000000000001000-0x0000000000ffffff]
2024-04-03T16:11:20.942046+02:00 srv-web kernel: [    0.002492]   DMA32    [mem 0x0000000001000000-0x000000007ffeffff]
2024-04-03T16:11:20.942047+02:00 srv-web kernel: [    0.002493]   Normal   empty
2024-04-03T16:11:20.942058+02:00 srv-web kernel: [    0.002494]   Device   empty
2024-04-03T16:11:20.942059+02:00 srv-web kernel: [    0.002495] Movable zone start for each node
2024-04-03T16:11:20.942060+02:00 srv-web kernel: [    0.002496] Early memory node ranges
2024-04-03T16:11:20.942060+02:00 srv-web kernel: [    0.002496]   node   0: [mem 0x0000000000001000-0x000000000009efff]
2024-04-03T16:11:20.942060+02:00 srv-web kernel: [    0.002497]   node   0: [mem 0x0000000000100000-0x000000007ffeffff]
2024-04-03T16:11:20.942060+02:00 srv-web kernel: [    0.002498] Initmem setup node 0 [mem 0x0000000000001000-0x000000007ffeffff]
2024-04-03T16:11:20.942060+02:00 srv-web kernel: [    0.002502] On node 0, zone DMA: 1 pages in unavailable ranges
2024-04-03T16:11:20.942072+02:00 srv-web kernel: [    0.002524] On node 0, zone DMA: 97 pages in unavailable ranges
2024-04-03T16:11:20.942073+02:00 srv-web kernel: [    0.002868] On node 0, zone DMA32: 16 pages in unavailable ranges
2024-04-03T16:11:20.942073+02:00 srv-web kernel: [    0.003923] ACPI: PM-Timer IO Port: 0x4008
2024-04-03T16:11:20.942074+02:00 srv-web kernel: [    0.004103] IOAPIC[0]: apic_id 2, version 32, address 0xfec00000, GSI 0-23
2024-04-03T16:11:20.942074+02:00 srv-web kernel: [    0.004105] ACPI: INT_SRC_OVR (bus 0 bus_irq 0 global_irq 2 dfl dfl)
2024-04-03T16:11:20.942074+02:00 srv-web kernel: [    0.004107] ACPI: INT_SRC_OVR (bus 0 bus_irq 9 global_irq 9 low level)
2024-04-03T16:11:20.942086+02:00 srv-web kernel: [    0.004109] ACPI: Using ACPI (MADT) for SMP configuration information
2024-04-03T16:11:20.942087+02:00 srv-web kernel: [    0.004128] smpboot: Allowing 2 CPUs, 0 hotplug CPUs
2024-04-03T16:11:20.942087+02:00 srv-web kernel: [    0.004214] PM: hibernation: Registered nosave memory: [mem 0x00000000-0x00000fff]
2024-04-03T16:11:20.942087+02:00 srv-web kernel: [    0.004215] PM: hibernation: Registered nosave memory: [mem 0x0009f000-0x0009ffff]
2024-04-03T16:11:20.942088+02:00 srv-web kernel: [    0.004216] PM: hibernation: Registered nosave memory: [mem 0x000a0000-0x000effff]
2024-04-03T16:11:20.942088+02:00 srv-web kernel: [    0.004216] PM: hibernation: Registered nosave memory: [mem 0x000f0000-0x000fffff]
2024-04-03T16:11:20.942100+02:00 srv-web kernel: [    0.004217] [mem 0x80000000-0xfebfffff] available for PCI devices
2024-04-03T16:11:20.942101+02:00 srv-web kernel: [    0.004218] Booting paravirtualized kernel on KVM
2024-04-03T16:11:20.942101+02:00 srv-web kernel: [    0.004219] clocksource: refined-jiffies: mask: 0xffffffff max_cycles: 0xffffffff, max_idle_ns: 7645519600211568 ns
2024-04-03T16:11:20.942101+02:00 srv-web kernel: [    0.006954] setup_percpu: NR_CPUS:8192 nr_cpumask_bits:2 nr_cpu_ids:2 nr_node_ids:1
2024-04-03T16:11:20.942101+02:00 srv-web kernel: [    0.007175] percpu: Embedded 61 pages/cpu s212992 r8192 d28672 u1048576
2024-04-03T16:11:20.942102+02:00 srv-web kernel: [    0.007179] pcpu-alloc: s212992 r8192 d28672 u1048576 alloc=1*2097152
2024-04-03T16:11:20.942102+02:00 srv-web kernel: [    0.007180] pcpu-alloc: [0] 0 1 
2024-04-03T16:11:20.942113+02:00 srv-web kernel: [    0.007246] kvm-guest: PV spinlocks enabled
2024-04-03T16:11:20.942114+02:00 srv-web kernel: [    0.007248] PV qspinlock hash table entries: 256 (order: 0, 4096 bytes, linear)
2024-04-03T16:11:20.942115+02:00 srv-web kernel: [    0.007253] Fallback order for Node 0: 0 
2024-04-03T16:11:20.942115+02:00 srv-web kernel: [    0.007255] Built 1 zonelists, mobility grouping on.  Total pages: 515824
2024-04-03T16:11:20.942115+02:00 srv-web kernel: [    0.007256] Policy zone: DMA32
2024-04-03T16:11:20.942115+02:00 srv-web kernel: [    0.007257] Kernel command line: BOOT_IMAGE=/boot/vmlinuz-6.1.0-11-amd64 root=UUID=bb78ad9e-2fe1-4525-be1d-d2b48126aa04 ro quiet
2024-04-03T16:11:20.942128+02:00 srv-web kernel: [    0.007287] Unknown kernel command line parameters "BOOT_IMAGE=/boot/vmlinuz-6.1.0-11-amd64", will be passed to user space.
2024-04-03T16:11:20.942129+02:00 srv-web kernel: [    0.007314] random: crng init done
2024-04-03T16:11:20.942129+02:00 srv-web kernel: [    0.009379] Dentry cache hash table entries: 262144 (order: 9, 2097152 bytes, linear)
2024-04-03T16:11:20.942129+02:00 srv-web kernel: [    0.009558] Inode-cache hash table entries: 131072 (order: 8, 1048576 bytes, linear)
2024-04-03T16:11:20.942129+02:00 srv-web kernel: [    0.009666] mem auto-init: stack:all(zero), heap alloc:on, heap free:off
2024-04-03T16:11:20.942130+02:00 srv-web kernel: [    0.011906] Memory: 260860K/2096696K available (14342K kernel code, 2324K rwdata, 8740K rodata, 2768K init, 17436K bss, 146232K reserved, 0K cma-reserved)
2024-04-03T16:11:20.942142+02:00 srv-web kernel: [    0.011976] SLUB: HWalign=64, Order=0-3, MinObjects=0, CPUs=2, Nodes=1
2024-04-03T16:11:20.942143+02:00 srv-web kernel: [    0.011995] ftrace: allocating 40014 entries in 157 pages
2024-04-03T16:11:20.942143+02:00 srv-web kernel: [    0.018952] ftrace: allocated 157 pages with 5 groups
2024-04-03T16:11:20.942143+02:00 srv-web kernel: [    0.019463] Dynamic Preempt: voluntary
2024-04-03T16:11:20.942143+02:00 srv-web kernel: [    0.019479] rcu: Preemptible hierarchical RCU implementation.
2024-04-03T16:11:20.942144+02:00 srv-web kernel: [    0.019480] rcu: 	RCU restricting CPUs from NR_CPUS=8192 to nr_cpu_ids=2.
2024-04-03T16:11:20.942161+02:00 srv-web kernel: [    0.019481] 	Trampoline variant of Tasks RCU enabled.
2024-04-03T16:11:20.942162+02:00 srv-web kernel: [    0.019481] 	Rude variant of Tasks RCU enabled.
2024-04-03T16:11:20.942162+02:00 srv-web kernel: [    0.019482] 	Tracing variant of Tasks RCU enabled.
2024-04-03T16:11:20.942162+02:00 srv-web kernel: [    0.019482] rcu: RCU calculated value of scheduler-enlistment delay is 25 jiffies.
2024-04-03T16:11:20.942163+02:00 srv-web kernel: [    0.019483] rcu: Adjusting geometry for rcu_fanout_leaf=16, nr_cpu_ids=2
2024-04-03T16:11:20.942163+02:00 srv-web kernel: [    0.022044] NR_IRQS: 524544, nr_irqs: 440, preallocated irqs: 16
2024-04-03T16:11:20.942175+02:00 srv-web kernel: [    0.022285] rcu: srcu_init: Setting srcu_struct sizes based on contention.
2024-04-03T16:11:20.942176+02:00 srv-web kernel: [    0.052113] Console: colour VGA+ 80x25
2024-04-03T16:11:20.942177+02:00 srv-web kernel: [    0.052122] printk: console [tty0] enabled
2024-04-03T16:11:20.942177+02:00 srv-web kernel: [    0.052134] ACPI: Core revision 20220331
2024-04-03T16:11:20.942177+02:00 srv-web kernel: [    0.053417] APIC: Switch to symmetric I/O mode setup
2024-04-03T16:11:20.942177+02:00 srv-web kernel: [    0.060789] ..TIMER: vector=0x30 apic1=0 pin1=2 apic2=-1 pin2=-1
2024-04-03T16:11:20.942178+02:00 srv-web kernel: [    0.060927] clocksource: tsc-early: mask: 0xffffffffffffffff max_cycles: 0x2f7a21e4e07, max_idle_ns: 440795280963 ns
2024-04-03T16:11:20.942252+02:00 srv-web kernel: [    0.060934] Calibrating delay loop (skipped) preset value.. 6587.44 BogoMIPS (lpj=13174888)
2024-04-03T16:11:20.942253+02:00 srv-web kernel: [    0.061666] Last level iTLB entries: 4KB 512, 2MB 512, 4MB 256
2024-04-03T16:11:20.942254+02:00 srv-web kernel: [    0.061668] Last level dTLB entries: 4KB 2048, 2MB 2048, 4MB 1024, 1GB 0
2024-04-03T16:11:20.942254+02:00 srv-web kernel: [    0.061671] Spectre V1 : Mitigation: usercopy/swapgs barriers and __user pointer sanitization
2024-04-03T16:11:20.942254+02:00 srv-web kernel: [    0.061672] Spectre V2 : Mitigation: Retpolines
2024-04-03T16:11:20.942254+02:00 srv-web kernel: [    0.061672] Spectre V2 : Spectre v2 / SpectreRSB mitigation: Filling RSB on context switch
2024-04-03T16:11:20.942267+02:00 srv-web kernel: [    0.061673] Spectre V2 : Spectre v2 / SpectreRSB : Filling RSB on VMEXIT
2024-04-03T16:11:20.942268+02:00 srv-web kernel: [    0.061711] Speculative Return Stack Overflow: Mitigation: safe RET
2024-04-03T16:11:20.942268+02:00 srv-web kernel: [    0.061715] x86/fpu: x87 FPU will use FXSAVE
2024-04-03T16:11:20.942268+02:00 srv-web kernel: [    0.071305] Freeing SMP alternatives memory: 36K
2024-04-03T16:11:20.942268+02:00 srv-web kernel: [    0.071309] pid_max: default: 32768 minimum: 301
2024-04-03T16:11:20.942268+02:00 srv-web kernel: [    0.071336] LSM: Security Framework initializing
2024-04-03T16:11:20.942280+02:00 srv-web kernel: [    0.071348] landlock: Up and running.
2024-04-03T16:11:20.942281+02:00 srv-web kernel: [    0.071349] Yama: disabled by default; enable with sysctl kernel.yama.*
2024-04-03T16:11:20.942281+02:00 srv-web kernel: [    0.071369] AppArmor: AppArmor initialized
2024-04-03T16:11:20.942282+02:00 srv-web kernel: [    0.071371] TOMOYO Linux initialized
2024-04-03T16:11:20.942282+02:00 srv-web kernel: [    0.071374] LSM support for eBPF active
2024-04-03T16:11:20.942282+02:00 srv-web kernel: [    0.071393] Mount-cache hash table entries: 4096 (order: 3, 32768 bytes, linear)
2024-04-03T16:11:20.942282+02:00 srv-web kernel: [    0.071397] Mountpoint-cache hash table entries: 4096 (order: 3, 32768 bytes, linear)
2024-04-03T16:11:20.942294+02:00 srv-web kernel: [    0.182144] smpboot: CPU0: AMD Ryzen 5 5600H with Radeon Graphics (family: 0x19, model: 0x50, stepping: 0x0)
2024-04-03T16:11:20.942295+02:00 srv-web kernel: [    0.182332] cblist_init_generic: Setting adjustable number of callback queues.
2024-04-03T16:11:20.942295+02:00 srv-web kernel: [    0.182334] cblist_init_generic: Setting shift to 1 and lim to 1.
2024-04-03T16:11:20.942295+02:00 srv-web kernel: [    0.182354] cblist_init_generic: Setting shift to 1 and lim to 1.
2024-04-03T16:11:20.942296+02:00 srv-web kernel: [    0.182370] cblist_init_generic: Setting shift to 1 and lim to 1.
2024-04-03T16:11:20.942296+02:00 srv-web kernel: [    0.182388] Performance Events: PMU not available due to virtualization, using software events only.
2024-04-03T16:11:20.942308+02:00 srv-web kernel: [    0.182549] signal: max sigframe size: 1440
2024-04-03T16:11:20.942309+02:00 srv-web kernel: [    0.182579] rcu: Hierarchical SRCU implementation.
2024-04-03T16:11:20.942309+02:00 srv-web kernel: [    0.182580] rcu: 	Max phase no-delay instances is 1000.
2024-04-03T16:11:20.942309+02:00 srv-web kernel: [    0.182943] NMI watchdog: Perf NMI watchdog permanently disabled
2024-04-03T16:11:20.942309+02:00 srv-web kernel: [    0.183008] smp: Bringing up secondary CPUs ...
2024-04-03T16:11:20.942310+02:00 srv-web kernel: [    0.183112] x86: Booting SMP configuration:
2024-04-03T16:11:20.942322+02:00 srv-web kernel: [    0.183113] .... node  #0, CPUs:      #1
2024-04-03T16:11:20.942322+02:00 srv-web kernel: [    0.187898] TSC synchronization [CPU#0 -> CPU#1]:
2024-04-03T16:11:20.942323+02:00 srv-web kernel: [    0.187900] Measured 60468 cycles TSC warp between CPUs, turning off TSC clock.
2024-04-03T16:11:20.942323+02:00 srv-web kernel: [    0.187902] tsc: Marking TSC unstable due to check_tsc_sync_source failed
2024-04-03T16:11:20.942323+02:00 srv-web kernel: [    0.189392] smp: Brought up 1 node, 2 CPUs
2024-04-03T16:11:20.942323+02:00 srv-web kernel: [    0.189396] smpboot: Max logical packages: 1
2024-04-03T16:11:20.942324+02:00 srv-web kernel: [    0.189397] smpboot: Total of 2 processors activated (13174.88 BogoMIPS)
2024-04-03T16:11:20.942335+02:00 srv-web kernel: [    0.192319] node 0 deferred pages initialised in 0ms
2024-04-03T16:11:20.942336+02:00 srv-web kernel: [    0.193119] devtmpfs: initialized
2024-04-03T16:11:20.942337+02:00 srv-web kernel: [    0.193119] x86/mm: Memory block size: 128MB
2024-04-03T16:11:20.942337+02:00 srv-web kernel: [    0.193735] clocksource: jiffies: mask: 0xffffffff max_cycles: 0xffffffff, max_idle_ns: 7645041785100000 ns
2024-04-03T16:11:20.942337+02:00 srv-web kernel: [    0.193735] futex hash table entries: 512 (order: 3, 32768 bytes, linear)
2024-04-03T16:11:20.942337+02:00 srv-web kernel: [    0.193735] pinctrl core: initialized pinctrl subsystem
2024-04-03T16:11:20.942349+02:00 srv-web kernel: [    0.197308] NET: Registered PF_NETLINK/PF_ROUTE protocol family
2024-04-03T16:11:20.942350+02:00 srv-web kernel: [    0.197435] DMA: preallocated 256 KiB GFP_KERNEL pool for atomic allocations
2024-04-03T16:11:20.942350+02:00 srv-web kernel: [    0.197460] DMA: preallocated 256 KiB GFP_KERNEL|GFP_DMA pool for atomic allocations
2024-04-03T16:11:20.942351+02:00 srv-web kernel: [    0.197484] DMA: preallocated 256 KiB GFP_KERNEL|GFP_DMA32 pool for atomic allocations
2024-04-03T16:11:20.942351+02:00 srv-web kernel: [    0.197494] audit: initializing netlink subsys (disabled)
2024-04-03T16:11:20.942351+02:00 srv-web kernel: [    0.197596] audit: type=2000 audit(1712153489.145:1): state=initialized audit_enabled=0 res=1
2024-04-03T16:11:20.942363+02:00 srv-web kernel: [    0.197596] thermal_sys: Registered thermal governor 'fair_share'
2024-04-03T16:11:20.942364+02:00 srv-web kernel: [    0.197596] thermal_sys: Registered thermal governor 'bang_bang'
2024-04-03T16:11:20.942364+02:00 srv-web kernel: [    0.197596] thermal_sys: Registered thermal governor 'step_wise'
2024-04-03T16:11:20.942364+02:00 srv-web kernel: [    0.197596] thermal_sys: Registered thermal governor 'user_space'
2024-04-03T16:11:20.942365+02:00 srv-web kernel: [    0.197596] thermal_sys: Registered thermal governor 'power_allocator'
2024-04-03T16:11:20.942365+02:00 srv-web kernel: [    0.197596] cpuidle: using governor ladder
2024-04-03T16:11:20.942365+02:00 srv-web kernel: [    0.197596] cpuidle: using governor menu
2024-04-03T16:11:20.942377+02:00 srv-web kernel: [    0.198614] acpiphp: ACPI Hot Plug PCI Controller Driver version: 0.5
2024-04-03T16:11:20.942378+02:00 srv-web kernel: [    0.198614] PCI: Using configuration type 1 for base access
2024-04-03T16:11:20.942378+02:00 srv-web kernel: [    0.198614] PCI: Using configuration type 1 for extended access
2024-04-03T16:11:20.942378+02:00 srv-web kernel: [    0.201130] kprobes: kprobe jump-optimization is enabled. All kprobes are optimized if possible.
2024-04-03T16:11:20.942379+02:00 srv-web kernel: [    0.207955] HugeTLB: registered 2.00 MiB page size, pre-allocated 0 pages
2024-04-03T16:11:20.942379+02:00 srv-web kernel: [    0.207957] HugeTLB: 28 KiB vmemmap can be freed for a 2.00 MiB page
2024-04-03T16:11:20.942394+02:00 srv-web kernel: [    0.208059] ACPI: Added _OSI(Module Device)
2024-04-03T16:11:20.942395+02:00 srv-web kernel: [    0.208059] ACPI: Added _OSI(Processor Device)
2024-04-03T16:11:20.942395+02:00 srv-web kernel: [    0.208059] ACPI: Added _OSI(3.0 _SCP Extensions)
2024-04-03T16:11:20.942395+02:00 srv-web kernel: [    0.208059] ACPI: Added _OSI(Processor Aggregator Device)
2024-04-03T16:11:20.942395+02:00 srv-web kernel: [    0.208059] ACPI: 2 ACPI AML tables successfully acquired and loaded
2024-04-03T16:11:20.942396+02:00 srv-web kernel: [    0.215703] ACPI: Interpreter enabled
2024-04-03T16:11:20.942396+02:00 srv-web kernel: [    0.215703] ACPI: PM: (supports S0 S5)
2024-04-03T16:11:20.942408+02:00 srv-web kernel: [    0.215703] ACPI: Using IOAPIC for interrupt routing
2024-04-03T16:11:20.942409+02:00 srv-web kernel: [    0.215703] PCI: Using host bridge windows from ACPI; if necessary, use "pci=nocrs" and report a bug
2024-04-03T16:11:20.942409+02:00 srv-web kernel: [    0.215703] PCI: Using E820 reservations for host bridge windows
2024-04-03T16:11:20.942409+02:00 srv-web kernel: [    0.215703] ACPI: Enabled 2 GPEs in block 00 to 07
2024-04-03T16:11:20.942409+02:00 srv-web kernel: [    0.221797] ACPI: PCI Root Bridge [PCI0] (domain 0000 [bus 00-ff])
2024-04-03T16:11:20.942410+02:00 srv-web kernel: [    0.221804] acpi PNP0A03:00: _OSC: OS supports [ExtendedConfig ASPM ClockPM Segments MSI HPX-Type3]
2024-04-03T16:11:20.942421+02:00 srv-web kernel: [    0.222505] acpi PNP0A03:00: _OSC: platform does not support [PCIeCapability LTR]
2024-04-03T16:11:20.942422+02:00 srv-web kernel: [    0.223194] acpi PNP0A03:00: _OSC: not requesting control; platform does not support [PCIeCapability]
2024-04-03T16:11:20.942422+02:00 srv-web kernel: [    0.223197] acpi PNP0A03:00: _OSC: OS requested [PCIeHotplug SHPCHotplug PME AER PCIeCapability LTR]
2024-04-03T16:11:20.942423+02:00 srv-web kernel: [    0.223199] acpi PNP0A03:00: _OSC: platform willing to grant [PCIeHotplug SHPCHotplug PME AER]
2024-04-03T16:11:20.942423+02:00 srv-web kernel: [    0.223200] acpi PNP0A03:00: _OSC: platform retains control of PCIe features (AE_SUPPORT)
2024-04-03T16:11:20.942423+02:00 srv-web kernel: [    0.223707] PCI host bridge to bus 0000:00
2024-04-03T16:11:20.942437+02:00 srv-web kernel: [    0.223709] pci_bus 0000:00: root bus resource [io  0x0000-0x0cf7 window]
2024-04-03T16:11:20.942438+02:00 srv-web kernel: [    0.223712] pci_bus 0000:00: root bus resource [io  0x0d00-0xffff window]
2024-04-03T16:11:20.942439+02:00 srv-web kernel: [    0.223714] pci_bus 0000:00: root bus resource [mem 0x000a0000-0x000bffff window]
2024-04-03T16:11:20.942439+02:00 srv-web kernel: [    0.223715] pci_bus 0000:00: root bus resource [mem 0x80000000-0xfdffffff window]
2024-04-03T16:11:20.942439+02:00 srv-web kernel: [    0.223717] pci_bus 0000:00: root bus resource [bus 00-ff]
2024-04-03T16:11:20.942439+02:00 srv-web kernel: [    0.225104] pci 0000:00:00.0: [8086:1237] type 00 class 0x060000
2024-04-03T16:11:20.942454+02:00 srv-web kernel: [    0.226013] pci 0000:00:01.0: [8086:7000] type 00 class 0x060100
2024-04-03T16:11:20.942454+02:00 srv-web kernel: [    0.227237] pci 0000:00:01.1: [8086:7111] type 00 class 0x01018a
2024-04-03T16:11:20.942455+02:00 srv-web kernel: [    0.227907] pci 0000:00:01.1: reg 0x20: [io  0xd000-0xd00f]
2024-04-03T16:11:20.942455+02:00 srv-web kernel: [    0.228192] pci 0000:00:01.1: legacy IDE quirk: reg 0x10: [io  0x01f0-0x01f7]
2024-04-03T16:11:20.942455+02:00 srv-web kernel: [    0.228194] pci 0000:00:01.1: legacy IDE quirk: reg 0x14: [io  0x03f6]
2024-04-03T16:11:20.942455+02:00 srv-web kernel: [    0.228195] pci 0000:00:01.1: legacy IDE quirk: reg 0x18: [io  0x0170-0x0177]
2024-04-03T16:11:20.942473+02:00 srv-web kernel: [    0.228197] pci 0000:00:01.1: legacy IDE quirk: reg 0x1c: [io  0x0376]
2024-04-03T16:11:20.942475+02:00 srv-web kernel: [    0.228954] pci 0000:00:02.0: [15ad:0405] type 00 class 0x030000
2024-04-03T16:11:20.942475+02:00 srv-web kernel: [    0.232931] pci 0000:00:02.0: reg 0x10: [io  0xd010-0xd01f]
2024-04-03T16:11:20.942475+02:00 srv-web kernel: [    0.232934] pci 0000:00:02.0: reg 0x14: [mem 0xe0000000-0xe7ffffff pref]
2024-04-03T16:11:20.942475+02:00 srv-web kernel: [    0.236653] pci 0000:00:02.0: reg 0x18: [mem 0xf0000000-0xf01fffff]
2024-04-03T16:11:20.942476+02:00 srv-web kernel: [    0.246898] pci 0000:00:02.0: Video device with shadowed ROM at [mem 0x000c0000-0x000dffff]
2024-04-03T16:11:20.942476+02:00 srv-web kernel: [    0.247225] pci 0000:00:04.0: [80ee:cafe] type 00 class 0x088000
2024-04-03T16:11:20.942492+02:00 srv-web kernel: [    0.247677] pci 0000:00:04.0: reg 0x10: [io  0xd020-0xd03f]
2024-04-03T16:11:20.942493+02:00 srv-web kernel: [    0.247987] pci 0000:00:04.0: reg 0x14: [mem 0xf0400000-0xf07fffff]
2024-04-03T16:11:20.942493+02:00 srv-web kernel: [    0.248294] pci 0000:00:04.0: reg 0x18: [mem 0xf0800000-0xf0803fff pref]
2024-04-03T16:11:20.942493+02:00 srv-web kernel: [    0.249145] pci 0000:00:05.0: [8086:2415] type 00 class 0x040100
2024-04-03T16:11:20.942493+02:00 srv-web kernel: [    0.249393] pci 0000:00:05.0: reg 0x10: [io  0xd100-0xd1ff]
2024-04-03T16:11:20.942494+02:00 srv-web kernel: [    0.249514] pci 0000:00:05.0: reg 0x14: [io  0xd200-0xd23f]
2024-04-03T16:11:20.942509+02:00 srv-web kernel: [    0.250471] pci 0000:00:06.0: [106b:003f] type 00 class 0x0c0310
2024-04-03T16:11:20.942510+02:00 srv-web kernel: [    0.250757] pci 0000:00:06.0: reg 0x10: [mem 0xf0804000-0xf0804fff]
2024-04-03T16:11:20.942510+02:00 srv-web kernel: [    0.252057] pci 0000:00:07.0: [8086:7113] type 00 class 0x068000
2024-04-03T16:11:20.942510+02:00 srv-web kernel: [    0.254902] pci 0000:00:07.0: quirk: [io  0x4000-0x403f] claimed by PIIX4 ACPI
2024-04-03T16:11:20.942578+02:00 srv-web kernel: [    0.254923] pci 0000:00:07.0: quirk: [io  0x4100-0x410f] claimed by PIIX4 SMB
2024-04-03T16:11:20.942579+02:00 srv-web kernel: [    0.255517] pci 0000:00:08.0: [8086:100e] type 00 class 0x020000
2024-04-03T16:11:20.942579+02:00 srv-web kernel: [    0.255776] pci 0000:00:08.0: reg 0x10: [mem 0xf0820000-0xf083ffff]
2024-04-03T16:11:20.942596+02:00 srv-web kernel: [    0.256071] pci 0000:00:08.0: reg 0x18: [io  0xd240-0xd247]
2024-04-03T16:11:20.942597+02:00 srv-web kernel: [    0.258316] pci 0000:00:0b.0: [8086:265c] type 00 class 0x0c0320
2024-04-03T16:11:20.942597+02:00 srv-web kernel: [    0.258625] pci 0000:00:0b.0: reg 0x10: [mem 0xf0840000-0xf0840fff]
2024-04-03T16:11:20.942597+02:00 srv-web kernel: [    0.260028] pci 0000:00:0d.0: [8086:2829] type 00 class 0x010601
2024-04-03T16:11:20.942597+02:00 srv-web kernel: [    0.261101] pci 0000:00:0d.0: reg 0x10: [io  0xd248-0xd24f]
2024-04-03T16:11:20.942597+02:00 srv-web kernel: [    0.261258] pci 0000:00:0d.0: reg 0x14: [io  0xd250-0xd253]
2024-04-03T16:11:20.942613+02:00 srv-web kernel: [    0.261413] pci 0000:00:0d.0: reg 0x18: [io  0xd258-0xd25f]
2024-04-03T16:11:20.942614+02:00 srv-web kernel: [    0.261559] pci 0000:00:0d.0: reg 0x1c: [io  0xd260-0xd263]
2024-04-03T16:11:20.942614+02:00 srv-web kernel: [    0.261704] pci 0000:00:0d.0: reg 0x20: [io  0xd270-0xd27f]
2024-04-03T16:11:20.942614+02:00 srv-web kernel: [    0.261849] pci 0000:00:0d.0: reg 0x24: [mem 0xf0842000-0xf0843fff]
2024-04-03T16:11:20.942614+02:00 srv-web kernel: [    0.265471] ACPI: PCI: Interrupt link LNKA configured for IRQ 11
2024-04-03T16:11:20.942615+02:00 srv-web kernel: [    0.265912] ACPI: PCI: Interrupt link LNKB configured for IRQ 10
2024-04-03T16:11:20.942630+02:00 srv-web kernel: [    0.266054] ACPI: PCI: Interrupt link LNKC configured for IRQ 9
2024-04-03T16:11:20.942631+02:00 srv-web kernel: [    0.266197] ACPI: PCI: Interrupt link LNKD configured for IRQ 11
2024-04-03T16:11:20.942631+02:00 srv-web kernel: [    0.269081] iommu: Default domain type: Translated 
2024-04-03T16:11:20.942631+02:00 srv-web kernel: [    0.269081] iommu: DMA domain TLB invalidation policy: lazy mode 
2024-04-03T16:11:20.942631+02:00 srv-web kernel: [    0.269136] EDAC MC: Ver: 3.0.0
2024-04-03T16:11:20.942632+02:00 srv-web kernel: [    0.269738] NetLabel: Initializing
2024-04-03T16:11:20.942632+02:00 srv-web kernel: [    0.269738] NetLabel:  domain hash size = 128
2024-04-03T16:11:20.942647+02:00 srv-web kernel: [    0.269738] NetLabel:  protocols = UNLABELED CIPSOv4 CALIPSO
2024-04-03T16:11:20.942648+02:00 srv-web kernel: [    0.269738] NetLabel:  unlabeled traffic allowed by default
2024-04-03T16:11:20.942648+02:00 srv-web kernel: [    0.269738] PCI: Using ACPI for IRQ routing
2024-04-03T16:11:20.942648+02:00 srv-web kernel: [    0.269738] PCI: pci_cache_line_size set to 64 bytes
2024-04-03T16:11:20.942649+02:00 srv-web kernel: [    0.269738] e820: reserve RAM buffer [mem 0x0009fc00-0x0009ffff]
2024-04-03T16:11:20.942649+02:00 srv-web kernel: [    0.269738] e820: reserve RAM buffer [mem 0x7fff0000-0x7fffffff]
2024-04-03T16:11:20.942664+02:00 srv-web kernel: [    0.272983] pci 0000:00:02.0: vgaarb: setting as boot VGA device
2024-04-03T16:11:20.942665+02:00 srv-web kernel: [    0.272986] pci 0000:00:02.0: vgaarb: bridge control possible
2024-04-03T16:11:20.942665+02:00 srv-web kernel: [    0.272987] pci 0000:00:02.0: vgaarb: VGA device added: decodes=io+mem,owns=io+mem,locks=none
2024-04-03T16:11:20.942665+02:00 srv-web kernel: [    0.272991] vgaarb: loaded
2024-04-03T16:11:20.942666+02:00 srv-web kernel: [    0.273171] clocksource: Switched to clocksource kvm-clock
2024-04-03T16:11:20.942666+02:00 srv-web kernel: [    0.273368] VFS: Disk quotas dquot_6.6.0
2024-04-03T16:11:20.942666+02:00 srv-web kernel: [    0.273381] VFS: Dquot-cache hash table entries: 512 (order 0, 4096 bytes)
2024-04-03T16:11:20.942681+02:00 srv-web kernel: [    0.273549] AppArmor: AppArmor Filesystem Enabled
2024-04-03T16:11:20.942682+02:00 srv-web kernel: [    0.273565] pnp: PnP ACPI init
2024-04-03T16:11:20.942682+02:00 srv-web kernel: [    0.274660] pnp: PnP ACPI: found 2 devices
2024-04-03T16:11:20.942683+02:00 srv-web kernel: [    0.281303] clocksource: acpi_pm: mask: 0xffffff max_cycles: 0xffffff, max_idle_ns: 2085701024 ns
2024-04-03T16:11:20.942683+02:00 srv-web kernel: [    0.283082] NET: Registered PF_INET protocol family
2024-04-03T16:11:20.942683+02:00 srv-web kernel: [    0.283131] IP idents hash table entries: 32768 (order: 6, 262144 bytes, linear)
2024-04-03T16:11:20.942698+02:00 srv-web kernel: [    0.284181] tcp_listen_portaddr_hash hash table entries: 1024 (order: 2, 16384 bytes, linear)
2024-04-03T16:11:20.942699+02:00 srv-web kernel: [    0.284209] Table-perturb hash table entries: 65536 (order: 6, 262144 bytes, linear)
2024-04-03T16:11:20.942700+02:00 srv-web kernel: [    0.284233] TCP established hash table entries: 16384 (order: 5, 131072 bytes, linear)
2024-04-03T16:11:20.942700+02:00 srv-web kernel: [    0.284291] TCP bind hash table entries: 16384 (order: 7, 524288 bytes, linear)
2024-04-03T16:11:20.942700+02:00 srv-web kernel: [    0.284315] TCP: Hash tables configured (established 16384 bind 16384)
2024-04-03T16:11:20.942700+02:00 srv-web kernel: [    0.284372] MPTCP token hash table entries: 2048 (order: 3, 49152 bytes, linear)
2024-04-03T16:11:20.942716+02:00 srv-web kernel: [    0.284386] UDP hash table entries: 1024 (order: 3, 32768 bytes, linear)
2024-04-03T16:11:20.942716+02:00 srv-web kernel: [    0.284394] UDP-Lite hash table entries: 1024 (order: 3, 32768 bytes, linear)
2024-04-03T16:11:20.942717+02:00 srv-web kernel: [    0.284429] NET: Registered PF_UNIX/PF_LOCAL protocol family
2024-04-03T16:11:20.942717+02:00 srv-web kernel: [    0.284440] NET: Registered PF_XDP protocol family
2024-04-03T16:11:20.942717+02:00 srv-web kernel: [    0.284453] pci_bus 0000:00: resource 4 [io  0x0000-0x0cf7 window]
2024-04-03T16:11:20.942717+02:00 srv-web kernel: [    0.284456] pci_bus 0000:00: resource 5 [io  0x0d00-0xffff window]
2024-04-03T16:11:20.942718+02:00 srv-web kernel: [    0.284458] pci_bus 0000:00: resource 6 [mem 0x000a0000-0x000bffff window]
2024-04-03T16:11:20.942733+02:00 srv-web kernel: [    0.284460] pci_bus 0000:00: resource 7 [mem 0x80000000-0xfdffffff window]
2024-04-03T16:11:20.942734+02:00 srv-web kernel: [    0.284541] pci 0000:00:00.0: Limiting direct PCI/PCI transfers
2024-04-03T16:11:20.942734+02:00 srv-web kernel: [    0.288484] PCI: CLS 0 bytes, default 64
2024-04-03T16:11:20.942734+02:00 srv-web kernel: [    0.288541] Trying to unpack rootfs image as initramfs...
2024-04-03T16:11:20.942734+02:00 srv-web kernel: [    0.290475] platform rtc_cmos: registered platform RTC device (no PNP device found)
2024-04-03T16:11:20.942735+02:00 srv-web kernel: [    0.291141] Initialise system trusted keyrings
2024-04-03T16:11:20.942750+02:00 srv-web kernel: [    0.291151] Key type blacklist registered
2024-04-03T16:11:20.942751+02:00 srv-web kernel: [    0.291201] workingset: timestamp_bits=36 max_order=19 bucket_order=0
2024-04-03T16:11:20.942751+02:00 srv-web kernel: [    0.293235] zbud: loaded
2024-04-03T16:11:20.942751+02:00 srv-web kernel: [    0.294058] integrity: Platform Keyring initialized
2024-04-03T16:11:20.942751+02:00 srv-web kernel: [    0.294062] integrity: Machine keyring initialized
2024-04-03T16:11:20.942752+02:00 srv-web kernel: [    0.294064] Key type asymmetric registered
2024-04-03T16:11:20.942752+02:00 srv-web kernel: [    0.294066] Asymmetric key parser 'x509' registered
2024-04-03T16:11:20.942770+02:00 srv-web kernel: [    0.939379] Freeing initrd memory: 55712K
2024-04-03T16:11:20.942771+02:00 srv-web kernel: [    0.954905] alg: self-tests for CTR-KDF (hmac(sha256)) passed
2024-04-03T16:11:20.942771+02:00 srv-web kernel: [    0.954931] Block layer SCSI generic (bsg) driver version 0.4 loaded (major 250)
2024-04-03T16:11:20.942771+02:00 srv-web kernel: [    0.955286] io scheduler mq-deadline registered
2024-04-03T16:11:20.942771+02:00 srv-web kernel: [    0.956677] shpchp: Standard Hot Plug PCI Controller Driver version: 0.4
2024-04-03T16:11:20.942771+02:00 srv-web kernel: [    0.957565] Serial: 8250/16550 driver, 4 ports, IRQ sharing enabled
2024-04-03T16:11:20.942787+02:00 srv-web kernel: [    0.958160] Linux agpgart interface v0.103
2024-04-03T16:11:20.942788+02:00 srv-web kernel: [    0.958285] AMD-Vi: AMD IOMMUv2 functionality not available on this system - This is not a bug.
2024-04-03T16:11:20.942788+02:00 srv-web kernel: [    0.959108] i8042: PNP: PS/2 Controller [PNP0303:PS2K,PNP0f03:PS2M] at 0x60,0x64 irq 1,12
2024-04-03T16:11:20.942789+02:00 srv-web kernel: [    0.960797] serio: i8042 KBD port at 0x60,0x64 irq 1
2024-04-03T16:11:20.942789+02:00 srv-web kernel: [    0.960804] serio: i8042 AUX port at 0x60,0x64 irq 12
2024-04-03T16:11:20.942789+02:00 srv-web kernel: [    0.960936] mousedev: PS/2 mouse device common for all mice
2024-04-03T16:11:20.942807+02:00 srv-web kernel: [    0.962890] rtc_cmos rtc_cmos: registered as rtc0
2024-04-03T16:11:20.942808+02:00 srv-web kernel: [    0.963184] rtc_cmos rtc_cmos: setting system clock to 2024-04-03T14:11:17 UTC (1712153477)
2024-04-03T16:11:20.942808+02:00 srv-web kernel: [    0.963289] rtc_cmos rtc_cmos: alarms up to one day, 114 bytes nvram
2024-04-03T16:11:20.942808+02:00 srv-web kernel: [    0.963742] input: AT Translated Set 2 keyboard as /devices/platform/i8042/serio0/input/input0
2024-04-03T16:11:20.942809+02:00 srv-web kernel: [    0.964107] ledtrig-cpu: registered to indicate activity on CPUs
2024-04-03T16:11:20.942809+02:00 srv-web kernel: [    0.978188] NET: Registered PF_INET6 protocol family
2024-04-03T16:11:20.942809+02:00 srv-web kernel: [    0.988081] Segment Routing with IPv6
2024-04-03T16:11:20.942912+02:00 srv-web kernel: [    0.988095] In-situ OAM (IOAM) with IPv6
2024-04-03T16:11:20.942914+02:00 srv-web kernel: [    0.988118] mip6: Mobile IPv6
2024-04-03T16:11:20.942914+02:00 srv-web kernel: [    0.988124] NET: Registered PF_PACKET protocol family
2024-04-03T16:11:20.942914+02:00 srv-web kernel: [    0.988443] mpls_gso: MPLS GSO support
2024-04-03T16:11:20.942915+02:00 srv-web kernel: [    0.988819] IPI shorthand broadcast: enabled
2024-04-03T16:11:20.942915+02:00 srv-web kernel: [    0.988848] sched_clock: Marking stable (950547414, 38206185)->(992990234, -4236635)
2024-04-03T16:11:20.942934+02:00 srv-web kernel: [    0.989381] registered taskstats version 1
2024-04-03T16:11:20.942935+02:00 srv-web kernel: [    0.989390] Loading compiled-in X.509 certificates
2024-04-03T16:11:20.942935+02:00 srv-web kernel: [    1.002361] Loaded X.509 cert 'Debian Secure Boot CA: 6ccece7e4c6c0d1f6149f3dd27dfcc5cbb419ea1'
2024-04-03T16:11:20.942936+02:00 srv-web kernel: [    1.002376] Loaded X.509 cert 'Debian Secure Boot Signer 2022 - linux: 14011249c2675ea8e5148542202005810584b25f'
2024-04-03T16:11:20.942936+02:00 srv-web kernel: [    1.003039] zswap: loaded using pool lzo/zbud
2024-04-03T16:11:20.942936+02:00 srv-web kernel: [    1.003968] Key type .fscrypt registered
2024-04-03T16:11:20.942952+02:00 srv-web kernel: [    1.003970] Key type fscrypt-provisioning registered
2024-04-03T16:11:20.942953+02:00 srv-web kernel: [    1.013580] Key type encrypted registered
2024-04-03T16:11:20.942953+02:00 srv-web kernel: [    1.013584] AppArmor: AppArmor sha1 policy hashing enabled
2024-04-03T16:11:20.942953+02:00 srv-web kernel: [    1.013596] ima: No TPM chip found, activating TPM-bypass!
2024-04-03T16:11:20.942954+02:00 srv-web kernel: [    1.013601] ima: Allocated hash algorithm: sha256
2024-04-03T16:11:20.942954+02:00 srv-web kernel: [    1.013609] ima: No architecture policies found
2024-04-03T16:11:20.942954+02:00 srv-web kernel: [    1.013623] evm: Initialising EVM extended attributes:
2024-04-03T16:11:20.942969+02:00 srv-web kernel: [    1.013624] evm: security.selinux
2024-04-03T16:11:20.942970+02:00 srv-web kernel: [    1.013625] evm: security.SMACK64 (disabled)
2024-04-03T16:11:20.942970+02:00 srv-web kernel: [    1.013626] evm: security.SMACK64EXEC (disabled)
2024-04-03T16:11:20.942970+02:00 srv-web kernel: [    1.013627] evm: security.SMACK64TRANSMUTE (disabled)
2024-04-03T16:11:20.942971+02:00 srv-web kernel: [    1.013628] evm: security.SMACK64MMAP (disabled)
2024-04-03T16:11:20.942971+02:00 srv-web kernel: [    1.013629] evm: security.apparmor
2024-04-03T16:11:20.942986+02:00 srv-web kernel: [    1.013630] evm: security.ima
2024-04-03T16:11:20.942987+02:00 srv-web kernel: [    1.013631] evm: security.capability
2024-04-03T16:11:20.942987+02:00 srv-web kernel: [    1.013631] evm: HMAC attrs: 0x1
2024-04-03T16:11:20.942988+02:00 srv-web kernel: [    1.084809] Freeing unused decrypted memory: 2036K
2024-04-03T16:11:20.942988+02:00 srv-web kernel: [    1.085529] Freeing unused kernel image (initmem) memory: 2768K
2024-04-03T16:11:20.942988+02:00 srv-web kernel: [    1.106887] Write protecting the kernel read-only data: 26624k
2024-04-03T16:11:20.942988+02:00 srv-web kernel: [    1.108197] Freeing unused kernel image (text/rodata gap) memory: 2040K
2024-04-03T16:11:20.943009+02:00 srv-web kernel: [    1.108770] Freeing unused kernel image (rodata/data gap) memory: 1500K
2024-04-03T16:11:20.943010+02:00 srv-web kernel: [    1.155047] x86/mm: Checked W+X mappings: passed, no W+X pages found.
2024-04-03T16:11:20.943011+02:00 srv-web kernel: [    1.155059] Run /init as init process
2024-04-03T16:11:20.943011+02:00 srv-web kernel: [    1.155062]   with arguments:
2024-04-03T16:11:20.943012+02:00 srv-web kernel: [    1.155064]     /init
2024-04-03T16:11:20.943012+02:00 srv-web kernel: [    1.155065]   with environment:
2024-04-03T16:11:20.943032+02:00 srv-web kernel: [    1.155066]     HOME=/
2024-04-03T16:11:20.943033+02:00 srv-web kernel: [    1.155067]     TERM=linux
2024-04-03T16:11:20.943093+02:00 srv-web kernel: [    1.155068]     BOOT_IMAGE=/boot/vmlinuz-6.1.0-11-amd64
2024-04-03T16:11:20.943094+02:00 srv-web kernel: [    1.265137] input: Power Button as /devices/LNXSYSTM:00/LNXPWRBN:00/input/input2
2024-04-03T16:11:20.943094+02:00 srv-web kernel: [    1.270858] ACPI: video: Video Device [GFX0] (multi-head: yes  rom: no  post: no)
2024-04-03T16:11:20.943094+02:00 srv-web kernel: [    1.272060] ACPI: battery: Slot [BAT0] (battery present)
2024-04-03T16:11:20.943112+02:00 srv-web kernel: [    1.273078] input: Video Bus as /devices/LNXSYSTM:00/LNXSYBUS:00/PNP0A03:00/LNXVIDEO:00/input/input3
2024-04-03T16:11:20.943113+02:00 srv-web kernel: [    1.280906] ACPI: button: Power Button [PWRF]
2024-04-03T16:11:20.943113+02:00 srv-web kernel: [    1.281001] input: Sleep Button as /devices/LNXSYSTM:00/LNXSLPBN:00/input/input4
2024-04-03T16:11:20.943113+02:00 srv-web kernel: [    1.281028] ACPI: button: Sleep Button [SLPF]
2024-04-03T16:11:20.943113+02:00 srv-web kernel: [    1.287996] SCSI subsystem initialized
2024-04-03T16:11:20.943114+02:00 srv-web kernel: [    1.325108] piix4_smbus 0000:00:07.0: SMBus Host Controller at 0x4100, revision 0
2024-04-03T16:11:20.943114+02:00 srv-web kernel: [    1.363470] libata version 3.00 loaded.
2024-04-03T16:11:20.943132+02:00 srv-web kernel: [    1.371859] ACPI: bus type USB registered
2024-04-03T16:11:20.943133+02:00 srv-web kernel: [    1.371866] e1000: Intel(R) PRO/1000 Network Driver
2024-04-03T16:11:20.943134+02:00 srv-web kernel: [    1.371869] e1000: Copyright (c) 1999-2006 Intel Corporation.
